Archive member included to satisfy reference by file (symbol)

/usr/lib/gcc/arm-none-eabi/14.2.1/../../../arm-none-eabi/lib/thumb/v7e-m+fp/hard/libm.a(libm_a-w_exp.o)
                              ./mtkernel_3/app_sample/noodle_int8_math.o (exp)
/usr/lib/gcc/arm-none-eabi/14.2.1/../../../arm-none-eabi/lib/thumb/v7e-m+fp/hard/libm.a(libm_a-s_nearbyint.o)
                              ./mtkernel_3/app_sample/noodle_int8_math.o (nearbyint)
/usr/lib/gcc/arm-none-eabi/14.2.1/../../../arm-none-eabi/lib/thumb/v7e-m+fp/hard/libm.a(libm_a-sf_fmin.o)
                              ./mtkernel_3/app_sample/cute_detect_flash.o (fminf)
/usr/lib/gcc/arm-none-eabi/14.2.1/../../../arm-none-eabi/lib/thumb/v7e-m+fp/hard/libm.a(libm_a-s_lround.o)
                              ./mtkernel_3/app_sample/noodle_int8_math.o (lround)
/usr/lib/gcc/arm-none-eabi/14.2.1/../../../arm-none-eabi/lib/thumb/v7e-m+fp/hard/libm.a(libm_a-sf_fmax.o)
                              ./mtkernel_3/app_sample/cute_detect_flash.o (fmaxf)
/usr/lib/gcc/arm-none-eabi/14.2.1/../../../arm-none-eabi/lib/thumb/v7e-m+fp/hard/libm.a(libm_a-s_frexp.o)
                              ./mtkernel_3/app_sample/noodle_int8_math.o (frexp)
/usr/lib/gcc/arm-none-eabi/14.2.1/../../../arm-none-eabi/lib/thumb/v7e-m+fp/hard/libm.a(libm_a-e_exp.o)
                              /usr/lib/gcc/arm-none-eabi/14.2.1/../../../arm-none-eabi/lib/thumb/v7e-m+fp/hard/libm.a(libm_a-w_exp.o) (__ieee754_exp)
/usr/lib/gcc/arm-none-eabi/14.2.1/../../../arm-none-eabi/lib/thumb/v7e-m+fp/hard/libm.a(libm_a-s_tanh.o)
                              ./mtkernel_3/app_sample/noodle_int8_math.o (tanh)
/usr/lib/gcc/arm-none-eabi/14.2.1/../../../arm-none-eabi/lib/thumb/v7e-m+fp/hard/libm.a(libm_a-wf_exp.o)
                              ./mtkernel_3/app_sample/cute_detect_flash.o (expf)
/usr/lib/gcc/arm-none-eabi/14.2.1/../../../arm-none-eabi/lib/thumb/v7e-m+fp/hard/libm.a(libm_a-s_llround.o)
                              ./mtkernel_3/app_sample/noodle_int8_math.o (llround)
/usr/lib/gcc/arm-none-eabi/14.2.1/../../../arm-none-eabi/lib/thumb/v7e-m+fp/hard/libm.a(libm_a-s_rint.o)
                              /usr/lib/gcc/arm-none-eabi/14.2.1/../../../arm-none-eabi/lib/thumb/v7e-m+fp/hard/libm.a(libm_a-s_nearbyint.o) (rint)
/usr/lib/gcc/arm-none-eabi/14.2.1/../../../arm-none-eabi/lib/thumb/v7e-m+fp/hard/libm.a(libm_a-sf_finite.o)
                              /usr/lib/gcc/arm-none-eabi/14.2.1/../../../arm-none-eabi/lib/thumb/v7e-m+fp/hard/libm.a(libm_a-wf_exp.o) (finitef)
/usr/lib/gcc/arm-none-eabi/14.2.1/../../../arm-none-eabi/lib/thumb/v7e-m+fp/hard/libm.a(libm_a-sf_fpclassify.o)
                              /usr/lib/gcc/arm-none-eabi/14.2.1/../../../arm-none-eabi/lib/thumb/v7e-m+fp/hard/libm.a(libm_a-sf_fmin.o) (__fpclassifyf)
/usr/lib/gcc/arm-none-eabi/14.2.1/../../../arm-none-eabi/lib/thumb/v7e-m+fp/hard/libm.a(libm_a-s_finite.o)
                              /usr/lib/gcc/arm-none-eabi/14.2.1/../../../arm-none-eabi/lib/thumb/v7e-m+fp/hard/libm.a(libm_a-w_exp.o) (finite)
/usr/lib/gcc/arm-none-eabi/14.2.1/../../../arm-none-eabi/lib/thumb/v7e-m+fp/hard/libm.a(libm_a-s_fabs.o)
                              /usr/lib/gcc/arm-none-eabi/14.2.1/../../../arm-none-eabi/lib/thumb/v7e-m+fp/hard/libm.a(libm_a-s_tanh.o) (fabs)
/usr/lib/gcc/arm-none-eabi/14.2.1/../../../arm-none-eabi/lib/thumb/v7e-m+fp/hard/libm.a(libm_a-math_err.o)
                              /usr/lib/gcc/arm-none-eabi/14.2.1/../../../arm-none-eabi/lib/thumb/v7e-m+fp/hard/libm.a(libm_a-e_exp.o) (__math_uflow)
/usr/lib/gcc/arm-none-eabi/14.2.1/../../../arm-none-eabi/lib/thumb/v7e-m+fp/hard/libm.a(libm_a-s_expm1.o)
                              /usr/lib/gcc/arm-none-eabi/14.2.1/../../../arm-none-eabi/lib/thumb/v7e-m+fp/hard/libm.a(libm_a-s_tanh.o) (expm1)
/usr/lib/gcc/arm-none-eabi/14.2.1/../../../arm-none-eabi/lib/thumb/v7e-m+fp/hard/libm.a(libm_a-ef_exp.o)
                              /usr/lib/gcc/arm-none-eabi/14.2.1/../../../arm-none-eabi/lib/thumb/v7e-m+fp/hard/libm.a(libm_a-wf_exp.o) (__ieee754_expf)
/usr/lib/gcc/arm-none-eabi/14.2.1/../../../arm-none-eabi/lib/thumb/v7e-m+fp/hard/libm.a(libm_a-math_errf.o)
                              /usr/lib/gcc/arm-none-eabi/14.2.1/../../../arm-none-eabi/lib/thumb/v7e-m+fp/hard/libm.a(libm_a-ef_exp.o) (__math_uflowf)
/usr/lib/gcc/arm-none-eabi/14.2.1/thumb/v7e-m+fp/hard/libgcc.a(_arm_muldf3.o)
                              ./mtkernel_3/app_sample/noodle_int8_math.o (__aeabi_dmul)
/usr/lib/gcc/arm-none-eabi/14.2.1/thumb/v7e-m+fp/hard/libgcc.a(_arm_addsubdf3.o)
                              /usr/lib/gcc/arm-none-eabi/14.2.1/../../../arm-none-eabi/lib/thumb/v7e-m+fp/hard/libm.a(libm_a-e_exp.o) (__aeabi_dsub)
/usr/lib/gcc/arm-none-eabi/14.2.1/thumb/v7e-m+fp/hard/libgcc.a(_arm_muldivdf3.o)
                              ./mtkernel_3/app_sample/noodle_int8_math.o (__aeabi_ddiv)
/usr/lib/gcc/arm-none-eabi/14.2.1/thumb/v7e-m+fp/hard/libgcc.a(_arm_cmpdf2.o)
[...]
Memory Configuration

Name             Origin             Length             Attributes
RAM              0x20000000         0x00020000         xrw
ROM              0x00000000         0x00080000         xr
*default*        0x00000000         0xffffffff

Linker script and memory map

LOAD ./mtkernel_3/lib/libtm/libtm.o
LOAD ./mtkernel_3/lib/libtm/libtm_printf.o
LOAD ./mtkernel_3/lib/libtk/fastlock.o
LOAD ./mtkernel_3/lib/libtk/fastmlock.o
LOAD ./mtkernel_3/lib/libtk/kmalloc.o
LOAD ./mtkernel_3/kernel/usermain/usermain.o
LOAD ./mtkernel_3/kernel/tstdlib/bitop.o
LOAD ./mtkernel_3/kernel/tstdlib/string.o
LOAD ./mtkernel_3/kernel/tkernel/cpuctl.o
LOAD ./mtkernel_3/kernel/tkernel/device.o
LOAD ./mtkernel_3/kernel/tkernel/deviceio.o
LOAD ./mtkernel_3/kernel/tkernel/eventflag.o
LOAD ./mtkernel_3/kernel/tkernel/int.o
LOAD ./mtkernel_3/kernel/tkernel/klock.o
LOAD ./mtkernel_3/kernel/tkernel/mailbox.o
LOAD ./mtkernel_3/kernel/tkernel/memory.o
LOAD ./mtkernel_3/kernel/tkernel/mempfix.o
LOAD ./mtkernel_3/kernel/tkernel/mempool.o
LOAD ./mtkernel_3/kernel/tkernel/messagebuf.o
LOAD ./mtkernel_3/kernel/tkernel/misc_calls.o
LOAD ./mtkernel_3/kernel/tkernel/mutex.o
LOAD ./mtkernel_3/kernel/tkernel/objname.o
LOAD ./mtkernel_3/kernel/tkernel/power.o
LOAD ./mtkernel_3/kernel/tkernel/rendezvous.o
LOAD ./mtkernel_3/kernel/tkernel/semaphore.o
LOAD ./mtkernel_3/kernel/tkernel/task.o
LOAD ./mtkernel_3/kernel/tkernel/task_manage.o
LOAD ./mtkernel_3/kernel/tkernel/task_sync.o
LOAD ./mtkernel_3/kernel/tkernel/time_calls.o
LOAD ./mtkernel_3/kernel/tkernel/timer.o
LOAD ./mtkernel_3/kernel/tkernel/tkinit.o
LOAD ./mtkernel_3/kernel/tkernel/wait.o
LOAD ./mtkernel_3/kernel/sysinit/sysinit.o
LOAD ./mtkernel_3/kernel/inittask/inittask.o
LOAD ./mtkernel_3/device/common/drvif/msdrvif.o
LOAD ./mtkernel_3/device/adc/adc.o
LOAD ./mtkernel_3/device/i2c/i2c.o
LOAD ./mtkernel_3/device/ser/ser.o
LOAD ./mtkernel_3/device/ser/sysdepend/nrf5/ser_nrf5.o
LOAD ./mtkernel_3/lib/libtm/sysdepend/microbit/tm_com.o
LOAD ./mtkernel_3/lib/libtm/sysdepend/no_device/tm_com.o
LOAD ./mtkernel_3/lib/libtk/sysdepend/cpu/nrf5/int_nrf5.o
LOAD ./mtkernel_3/lib/libtk/sysdepend/cpu/nrf5/ptimer_nrf5.o
LOAD ./mtkernel_3/lib/libtk/sysdepend/cpu/core/armv7m/int_armv7m.o
LOAD ./mtkernel_3/lib/libtk/sysdepend/cpu/core/armv7m/wusec_armv7m.o
LOAD ./mtkernel_3/kernel/sysdepend/microbit/devinit.o
LOAD ./mtkernel_3/kernel/sysdepend/microbit/hw_setting.o
LOAD ./mtkernel_3/kernel/sysdepend/microbit/power_save.o
LOAD ./mtkernel_3/kernel/sysdepend/cpu/nrf5/cpu_clock.o
LOAD ./mtkernel_3/kernel/sysdepend/cpu/nrf5/vector_tbl.o
LOAD ./mtkernel_3/kernel/sysdepend/cpu/core/armv7m/cpu_cntl.o
LOAD ./mtkernel_3/kernel/sysdepend/cpu/core/armv7m/dispatch.o
LOAD ./mtkernel_3/kernel/sysdepend/cpu/core/armv7m/exc_hdr.o
LOAD ./mtkernel_3/kernel/sysdepend/cpu/core/armv7m/interrupt.o
LOAD ./mtkernel_3/kernel/sysdepend/cpu/core/armv7m/reset_hdl.o
LOAD ./mtkernel_3/app_sample/app_main.o
LOAD ./mtkernel_3/app_sample/cute_detect_flash.o
LOAD ./mtkernel_3/app_sample/cute_lcd.o
LOAD ./mtkernel_3/app_sample/cute_model_flash.o
LOAD ./mtkernel_3/app_sample/cute_full_flash.o
LOAD ./mtkernel_3/app_sample/cute_stem12.o
LOAD ./mtkernel_3/app_sample/noodle_buffer.o
LOAD ./mtkernel_3/app_sample/noodle_int8_layers.o
LOAD ./mtkernel_3/app_sample/noodle_int8_math.o
LOAD /usr/lib/gcc/arm-none-eabi/14.2.1/../../../arm-none-eabi/lib/thumb/v7e-m+fp/hard/libm.a
START GROUP
LOAD /usr/lib/gcc/arm-none-eabi/14.2.1/thumb/v7e-m+fp/hard/libgcc.a
LOAD /usr/lib/gcc/arm-none-eabi/14.2.1/../../../arm-none-eabi/lib/thumb/v7e-m+fp/hard/libg.a
LOAD /usr/lib/gcc/arm-none-eabi/14.2.1/../../../arm-none-eabi/lib/thumb/v7e-m+fp/hard/libc.a
END GROUP

.text           0x00000000    0x1110c
                0x00000000                        . = ALIGN (0x8)
                0x00000000                        __vector_org = .
 *(.vector)
 .vector        0x00000000      0x100 ./mtkernel_3/kernel/sysdepend/cpu/nrf5/vector_tbl.o
                0x00000000                vector_tbl
                0x00000100                        __start = .
 *(.text)
 .text          0x00000100      0x134 ./mtkernel_3/lib/libtm/libtm.o
                0x00000100                libtm_init
                0x0000010c                tm_getchar
                0x00000136                tm_getline
                0x000001ac                tm_putchar
                0x000001f4                tm_putstring
 .text          0x00000234      0x7cc ./mtkernel_3/lib/libtm/libtm_printf.o
                0x00000930                tm_printf
                0x000009b6                tm_sprintf
 .text          0x00000a00      0x150 ./mtkernel_3/lib/libtk/fastlock.o
                0x00000a58                Lock
                0x00000a84                Unlock
                0x00000aac                CreateLock
                0x00000b28                DeleteLock
 .text          0x00000b50      0x244 ./mtkernel_3/lib/libtk/fastmlock.o
                0x00000c0e                MLockTmo
                0x00000c7a                MLock
                0x00000c9a                MUnlock
                0x00000cde                CreateMLock
                0x00000d58                DeleteMLock
 .text          0x00000d94       0x66 ./mtkernel_3/lib/libtk/kmalloc.o
                0x00000d94                Kmalloc
                0x00000dac                Kcalloc
                0x00000dc8                Krealloc
                0x00000de4                Kfree
 .text          0x00000dfa      0x1f2 ./mtkernel_3/kernel/tstdlib/string.o
                0x00000dfa                knl_memset
                0x00000e92                knl_memcpy
                0x00000ec6                knl_strlen
                0x00000ee8                knl_strcpy
                0x00000f16                knl_strncpy
                0x00000f68                knl_strcmp
                0x00000fae                knl_strcat
 .text          0x00000fec      0x930 ./mtkernel_3/kernel/tkernel/device.o
                0x000010fc                knl_searchDevCB
                0x000011cc                tk_def_dev
                0x00001328                tk_ref_idv
                0x0000135c                knl_phydevnm
                0x00001470                tk_get_dev
                0x00001510                tk_ref_dev
                0x000015b8                tk_oref_dev
                0x00001650                tk_lst_dev
                0x00001718                tk_evt_dev
                0x00001870                knl_initialize_devmgr
                0x000018f0                knl_finish_devmgr
 .text          0x0000191c     0x11c0 ./mtkernel_3/kernel/tkernel/deviceio.o
                0x000019fe                knl_GetResCB
                0x00001a30                knl_check_devdesc
                0x00001a9c                knl_delOpnCB
                0x00001adc                knl_delReqCB
                0x00001b08                knl_chkopen
                0x00001cd2                tk_opn_dev
                0x00002064                knl_close_device
                0x00002174                tk_cls_dev
                0x0000220c                knl_request
                0x000023cc                tk_rea_dev
                0x000023fa                tk_srea_dev
                0x00002452                tk_wri_dev
                0x00002480                tk_swri_dev
                0x00002524                tk_wai_dev
                0x00002890                tk_sus_dev
                0x00002990                knl_devmgr_startup
                0x000029bc                knl_devmgr_cleanup
                0x00002a38                knl_initDevIO
                0x00002acc                knl_finishDevIO
 .text          0x00002adc      0x6cc ./mtkernel_3/kernel/tkernel/eventflag.o
                0x00002bf6                knl_eventflag_initialize
                0x00002c40                tk_cre_flg
                0x00002d00                tk_del_flg
                0x00002da0                tk_set_flg
                0x00002eb0                tk_clr_flg
                0x00002f78                tk_wai_flg
                0x00003104                tk_ref_flg
 .text          0x000031a8       0x9c ./mtkernel_3/kernel/tkernel/int.o
                0x000031a8                tk_def_int
                0x00003238                tk_ret_int
 .text          0x00003244      0x3dc ./mtkernel_3/kernel/tkernel/klock.o
                0x000034a2                knl_LockOBJ
                0x00003574                knl_UnlockOBJ
 .text          0x00003620      0x5b4 ./mtkernel_3/kernel/tkernel/mailbox.o
                0x00003738                knl_mailbox_initialize
                0x00003784                tk_cre_mbx
                0x00003840                tk_del_mbx
                0x000038e0                tk_snd_mbx
                0x00003a18                tk_rcv_mbx
                0x00003b30                tk_ref_mbx
 .text          0x00003bd4      0x58c ./mtkernel_3/kernel/tkernel/memory.o
                0x00003c58                knl_searchFreeArea
                0x00003cf6                knl_appendFreeArea
                0x00003da4                knl_removeFreeQue
                0x00003e18                knl_insertAreaQue
                0x00003e56                knl_removeAreaQue
                0x00003e94                knl_Imalloc
                0x00003f40                knl_Icalloc
                0x00003f7a                knl_Irealloc
                0x00003fe2                knl_Ifree
                0x00004094                knl_init_Imalloc
 .text          0x00004160      0x734 ./mtkernel_3/kernel/tkernel/mempfix.o
                0x00004268                knl_fix_memorypool_initialize
                0x000042bc                tk_cre_mpf
                0x00004438                tk_del_mpf
                0x00004550                tk_get_mpf
                0x000046b4                tk_rel_mpf
                0x000047d4                tk_ref_mpf
 .text          0x00004894      0xa90 ./mtkernel_3/kernel/tkernel/mempool.o
                0x000049b6                knl_memorypool_initialize
                0x00004c52                knl_mpl_wakeup
                0x00004cf8                tk_cre_mpl
                0x00004e68                tk_del_mpl
                0x00004fb2                tk_get_mpl
                0x00005118                tk_rel_mpl
                0x00005204                tk_ref_mpl
 .text          0x00005324      0x9f8 ./mtkernel_3/kernel/tkernel/messagebuf.o
                0x00005442                knl_messagebuffer_initialize
                0x0000559c                tk_cre_mbf
                0x00005710                tk_del_mbf
                0x00005832                tk_snd_mbf
                0x00005aa2                tk_rcv_mbf
                0x00005c20                tk_ref_mbf
 .text          0x00005d1c      0x97c ./mtkernel_3/kernel/tkernel/mutex.o
                0x00005e44                knl_mutex_initialize
                0x00005e90                knl_release_mutex
                0x00005f34                knl_signal_all_mutex
                0x00005fba                knl_chg_pri_mutex
                0x0000609c                tk_cre_mtx
                0x0000618c                tk_del_mtx
                0x000062f0                tk_loc_mtx
                0x000064d8                tk_unl_mtx
                0x000065ec                tk_ref_mtx
 .text          0x00006698      0x630 ./mtkernel_3/kernel/tkernel/semaphore.o
                0x00006744                knl_semaphore_initialize
                0x00006790                tk_cre_sem
                0x00006884                tk_del_sem
                0x00006924                tk_sig_sem
                0x00006ad2                tk_wai_sem
                0x00006c24                tk_ref_sem
 .text          0x00006cc8      0x5ac ./mtkernel_3/kernel/tkernel/task.o
                0x0000704a                knl_task_initialize
                0x000070cc                knl_make_dormant
                0x00007142                knl_make_ready
                0x00007178                knl_make_non_ready
                0x000071b0                knl_change_task_priority
                0x00007228                knl_rotate_ready_queue
                0x00007248                knl_rotate_ready_queue_run
 .text          0x00007274      0xad0 ./mtkernel_3/kernel/tkernel/task_manage.o
                0x000073f8                tk_cre_tsk
                0x00007588                tk_del_tsk
                0x00007664                tk_sta_tsk
                0x000077a2                tk_ext_tsk
                0x00007824                tk_exd_tsk
                0x0000789c                tk_ter_tsk
                0x000079a0                tk_chg_pri
                0x00007aa4                tk_rot_rdq
                0x00007b3c                tk_get_tid
                0x00007b60                tk_ref_tsk
                0x00007c84                tk_rel_wai
 .text          0x00007d44      0x774 ./mtkernel_3/kernel/tkernel/task_sync.o
                0x00007daa                tk_sus_tsk
                0x00007ee8                tk_rsm_tsk
                0x00008028                tk_frsm_tsk
                0x00008148                tk_slp_tsk
                0x00008220                tk_wup_tsk
                0x0000833c                tk_can_wup
                0x00008400                tk_dly_tsk
 .text          0x000084b8      0xea8 ./mtkernel_3/kernel/tkernel/time_calls.o
                0x0000872c                tk_set_utc
                0x000087a4                tk_get_utc
                0x00008820                tk_set_tim
                0x000088b4                tk_get_tim
                0x0000894c                tk_get_otm
                0x000089b4                knl_cyclichandler_initialize
                0x000089fc                knl_call_cychdr
                0x00008a66                tk_cre_cyc
                0x00008b9c                tk_del_cyc
                0x00008c48                tk_sta_cyc
                0x00008d50                tk_stp_cyc
                0x00008df8                tk_ref_cyc
                0x00008eec                knl_alarmhandler_initialize
                0x00008f34                knl_call_almhdr
                0x00008f66                tk_cre_alm
                0x0000902c                tk_del_alm
                0x00009108                tk_sta_alm
                0x000091d4                tk_stp_alm
                0x0000927c                tk_ref_alm
 .text          0x00009360      0x3a4 ./mtkernel_3/kernel/tkernel/timer.o
                0x000094e4                knl_timer_startup
                0x00009520                knl_timer_shutdown
                0x0000958c                knl_timer_insert
                0x000095dc                knl_timer_insert_reltim
                0x0000961c                knl_timer_insert_abs
                0x0000964a                knl_timer_handler
 .text          0x00009704       0xb0 ./mtkernel_3/kernel/tkernel/tkinit.o
                0x00009704                knl_init_object
 .text          0x000097b4      0x3f0 ./mtkernel_3/kernel/tkernel/wait.o
                0x000098fe                knl_wait_release_ok
                0x0000991c                knl_wait_release_ok_ercd
                0x0000993c                knl_wait_release_ng
                0x00009970                knl_wait_release_tmout
                0x000099a2                knl_make_wait
                0x00009a04                knl_make_wait_reltim
                0x00009a68                knl_wait_delete
                0x00009a9e                knl_wait_tskid
                0x00009ac4                knl_gcb_make_wait
                0x00009b30                knl_gcb_change_priority
                0x00009b54                knl_gcb_top_of_wait_queue
 .text          0x00009ba4       0xe0 ./mtkernel_3/kernel/sysinit/sysinit.o
                0x00009ba4                main
                0x00009c74                knl_tkernel_exit
 .text          0x00009c84       0xa8 ./mtkernel_3/kernel/inittask/inittask.o
 .text          0x00009d2c      0x2a4 ./mtkernel_3/device/common/drvif/msdrvif.o
                0x00009ea6                msdi_def_dev
                0x00009f94                msdi_del_dev
 .text          0x00009fd0      0x7d4 ./mtkernel_3/device/ser/ser.o
                0x00009ff8                dev_ser_get_snddat
                0x0000a06c                dev_ser_notify_rcv
                0x0000a0e4                dev_ser_notify_err
                0x0000a540                dev_ser_openfn
                0x0000a586                dev_ser_closefn
                0x0000a5b2                dev_ser_readfn
                0x0000a5fe                dev_ser_writefn
                0x0000a64a                dev_ser_eventfn
                0x0000a666                dev_init_ser
 .text          0x0000a7a4      0x470 ./mtkernel_3/device/ser/sysdepend/nrf5/ser_nrf5.o
                0x0000aad8                dev_ser_llctl
                0x0000ab9c                dev_ser_llinit
 .text          0x0000ac14      0x1ac ./mtkernel_3/lib/libtm/sysdepend/microbit/tm_com.o
                0x0000ac48                tm_snd_dat
                0x0000ac9c                tm_rcv_dat
                0x0000acf0                tm_com_init
 .text          0x0000adc0      0x11c ./mtkernel_3/lib/libtk/sysdepend/cpu/nrf5/int_nrf5.o
                0x0000ae54                EnableInt
                0x0000ae6e                DisableInt
                0x0000ae84                ClearInt
                0x0000ae9a                EndOfInt
                0x0000aeae                CheckInt
                0x0000aec6                SetIntMode
 .text          0x0000aedc       0xe8 ./mtkernel_3/lib/libtk/sysdepend/cpu/core/armv7m/int_armv7m.o
                0x0000aedc                set_basepri
                0x0000aef6                get_basepri
                0x0000af10                disint
                0x0000af34                SetCpuIntLevel
                0x0000af50                GetCpuIntLevel
                0x0000af76                EnableInt_nvic
 .text          0x0000afc4       0x42 ./mtkernel_3/kernel/sysdepend/microbit/devinit.o
                0x0000afc4                knl_init_device
                0x0000afd4                knl_start_device
                0x0000aff6                knl_finish_device
 *fill*         0x0000b006        0x2 
 .text          0x0000b008       0xc8 ./mtkernel_3/kernel/sysdepend/microbit/hw_setting.o
                0x0000b024                knl_startup_hw
                0x0000b060                knl_shutdown_hw
                0x0000b06a                knl_restart_hw
 .text          0x0000b0d0       0x1c ./mtkernel_3/kernel/sysdepend/microbit/power_save.o
                0x0000b0d0                low_pow
                0x0000b0de                off_pow
 .text          0x0000b0ec       0xb8 ./mtkernel_3/kernel/sysdepend/cpu/nrf5/cpu_clock.o
                0x0000b120                startup_clock
                0x0000b194                shutdown_clock
 .text          0x0000b1a4      0x2dc ./mtkernel_3/kernel/sysdepend/cpu/core/armv7m/cpu_cntl.o
                0x0000b1a4                knl_set_reg
                0x0000b26c                knl_get_reg
                0x0000b340                knl_set_cpr
                0x0000b3bc                knl_get_cpr
                0x0000b436                knl_force_dispatch
                0x0000b464                knl_dispatch
 .text          0x0000b480       0xb4 ./mtkernel_3/kernel/sysdepend/cpu/core/armv7m/dispatch.o
                0x0000b480                knl_dispatch_entry
 .text          0x0000b534      0x10c ./mtkernel_3/kernel/sysdepend/cpu/core/armv7m/exc_hdr.o
                0x0000b534                NMI_Handler
                0x0000b544                HardFault_Handler
                0x0000b5a4                MemManage_Handler
                0x0000b5b4                BusFault_Handler
                0x0000b5c4                UsageFault_Handler
                0x0000b5d4                Svcall_Handler
                0x0000b5e4                DebugMon_Handler
                0x0000b5f4                Default_Handler
 .text          0x0000b640      0x11c ./mtkernel_3/kernel/sysdepend/cpu/core/armv7m/interrupt.o
                0x0000b694                knl_hll_inthdr
                0x0000b6c8                knl_systim_inthdr
                0x0000b6dc                knl_define_inthdr
                0x0000b73c                knl_return_inthdr
                0x0000b74a                knl_init_interrupt
 .text          0x0000b75c      0x148 ./mtkernel_3/kernel/sysdepend/cpu/core/armv7m/reset_hdl.o
                0x0000b75c                Reset_Handler
 .text          0x0000b8a4     0x1028 ./mtkernel_3/app_sample/app_main.o
                0x0000c79c                usermain
 .text          0x0000c8cc      0x744 ./mtkernel_3/app_sample/cute_detect_flash.o
                0x0000cc94                cute_detect_flash_decode
 .text          0x0000d010      0x794 ./mtkernel_3/app_sample/cute_lcd.o
                0x0000d4a2                cute_lcd_init
                0x0000d514                cute_lcd_clear
                0x0000d596                cute_lcd_draw_gray128
                0x0000d5fc                cute_lcd_draw_hline
                0x0000d682                cute_lcd_draw_vline
                0x0000d708                cute_lcd_draw_rect
 .text          0x0000d7a4      0xd50 ./mtkernel_3/app_sample/cute_model_flash.o
                0x0000dea0                cute_model_flash_init
                0x0000df48                cute_model_ready
                0x0000df68                cute_model_active_slot
                0x0000df80                cute_model_header
                0x0000dfa0                cute_model_layer
                0x0000dfd8                cute_model_weight
                0x0000e00c                cute_model_bias
                0x0000e040                cute_model_multiplier
                0x0000e074                cute_model_shift
                0x0000e0a8                cute_model_label
                0x0000e0d0                cute_model_confidence_threshold
                0x0000e0fa                cute_model_nms_iou_threshold
                0x0000e128                cute_model_min_box_w
                0x0000e154                cute_model_min_box_h
                0x0000e180                cute_model_max_detections
                0x0000e1a4                cute_model_upload_begin
                0x0000e2e4                cute_model_upload_write
                0x0000e394                cute_model_upload_end
                0x0000e478                cute_model_upload_abort
                0x0000e4c4                cute_model_upload_received
                0x0000e4dc                cute_model_upload_expected
 .text          0x0000e4f4       0x50 /usr/lib/gcc/arm-none-eabi/14.2.1/../../../arm-none-eabi/lib/thumb/v7e-m+fp/hard/libm.a(libm_a-sf_fmin.o)
                0x0000e4f4                fminf
 .text          0x0000e544       0x50 /usr/lib/gcc/arm-none-eabi/14.2.1/../../../arm-none-eabi/lib/thumb/v7e-m+fp/hard/libm.a(libm_a-sf_fmax.o)
                0x0000e544                fmaxf
 .text          0x0000e594       0x78 /usr/lib/gcc/arm-none-eabi/14.2.1/../../../arm-none-eabi/lib/thumb/v7e-m+fp/hard/libm.a(libm_a-wf_exp.o)
                0x0000e594                expf
 .text          0x0000e60c       0x14 /usr/lib/gcc/arm-none-eabi/14.2.1/../../../arm-none-eabi/lib/thumb/v7e-m+fp/hard/libm.a(libm_a-sf_finite.o)
                0x0000e60c                finitef
 .text          0x0000e620       0x38 /usr/lib/gcc/arm-none-eabi/14.2.1/../../../arm-none-eabi/lib/thumb/v7e-m+fp/hard/libm.a(libm_a-sf_fpclassify.o)
                0x0000e620                __fpclassifyf
 .text          0x0000e658      0x1dc /usr/lib/gcc/arm-none-eabi/14.2.1/../../../arm-none-eabi/lib/thumb/v7e-m+fp/hard/libm.a(libm_a-ef_exp.o)
                0x0000e658                __ieee754_expf
 .text          0x0000e834       0x8c /usr/lib/gcc/arm-none-eabi/14.2.1/../../../arm-none-eabi/lib/thumb/v7e-m+fp/hard/libm.a(libm_a-math_errf.o)
                0x0000e86c                __math_uflowf
                0x0000e878                __math_oflowf
                0x0000e884                __math_divzerof
                0x0000e8a4                __math_invalidf
 .text          0x0000e8c0      0x134 /usr/lib/gcc/arm-none-eabi/14.2.1/../../../arm-none-eabi/lib/thumb/v7e-m+fp/hard/libg.a(libc_a-memcpy.o)
                0x0000e8c0                memcpy
 .text          0x0000e9f4      0x130 /usr/lib/gcc/arm-none-eabi/14.2.1/../../../arm-none-eabi/lib/thumb/v7e-m+fp/hard/libg.a(libc_a-memmove.o)
                0x0000e9f4                memmove
 .text          0x0000eb24       0x5c /usr/lib/gcc/arm-none-eabi/14.2.1/../../../arm-none-eabi/lib/thumb/v7e-m+fp/hard/libg.a(libc_a-memcmp.o)
                0x0000eb24                memcmp
 .text          0x0000eb80        0xc /usr/lib/gcc/arm-none-eabi/14.2.1/../../../arm-none-eabi/lib/thumb/v7e-m+fp/hard/libg.a(libc_a-errno.o)
                0x0000eb80                __errno
 .text          0x0000eb8c       0x9c /usr/lib/gcc/arm-none-eabi/14.2.1/../../../arm-none-eabi/lib/thumb/v7e-m+fp/hard/libg.a(libc_a-memset.o)
                0x0000eb8c                memset
 *(.text.*)
 .text._ZL9reset_allv
                0x0000ec28       0x9c ./mtkernel_3/app_sample/cute_full_flash.o
 .text._ZL9make_convPK15CuteLayerRecord11CuteLayerIdttti
                0x0000ecc4       0xec ./mtkernel_3/app_sample/cute_full_flash.o
 .text._ZL19make_external_inputP12NoodleTensorPafl
                0x0000edb0       0x4e ./mtkernel_3/app_sample/cute_full_flash.o
 *fill*         0x0000edfe        0x2 
 .text._ZL15run_split_stem1P12NoodleTensorS0_
                0x0000ee00      0x164 ./mtkernel_3/app_sample/cute_full_flash.o
 .text._ZL14run_split_stemP12NoodleTensorS0_11CuteLayerIdS1_tt
                0x0000ef64      0x188 ./mtkernel_3/app_sample/cute_full_flash.o
 .text._ZL10run_hybridP12NoodleTensorS0_11CuteLayerIdS1_S1_
                0x0000f0ec      0x1d8 ./mtkernel_3/app_sample/cute_full_flash.o
 .text.cute_full_flash_run
                0x0000f2c4      0x290 ./mtkernel_3/app_sample/cute_full_flash.o
                0x0000f2c4                cute_full_flash_run
 .text._ZL14noodle_reallocPvj
                0x0000f554       0x1c ./mtkernel_3/app_sample/noodle_buffer.o
 .text._ZL11noodle_freePv
                0x0000f570       0x16 ./mtkernel_3/app_sample/noodle_buffer.o
 .text._ZL27noodle_buffer_element_bytesjPj
                0x0000f586       0x28 ./mtkernel_3/app_sample/noodle_buffer.o
 *fill*         0x0000f5ae        0x2 
 .text._ZL24noodle_buffer_pointer_atj
                0x0000f5b0       0x2c ./mtkernel_3/app_sample/noodle_buffer.o
 .text._ZL34noodle_buffer_refresh_all_pointersv
                0x0000f5dc       0x44 ./mtkernel_3/app_sample/noodle_buffer.o
 .text._ZL32noodle_buffer_arena_resize_bytesj
                0x0000f620       0x64 ./mtkernel_3/app_sample/noodle_buffer.o
 .text._ZL34noodle_buffer_arena_ensure_startedv
                0x0000f684       0x1c ./mtkernel_3/app_sample/noodle_buffer.o
 .text._ZL22noodle_buffer_registerP12NoodleBuffer
                0x0000f6a0       0x74 ./mtkernel_3/app_sample/noodle_buffer.o
 .text._ZL27noodle_buffer_is_registeredPK12NoodleBuffer
                0x0000f714       0x44 ./mtkernel_3/app_sample/noodle_buffer.o
 .text._ZL38noodle_buffer_update_following_offsetsP12NoodleBufferji
                0x0000f758       0x64 ./mtkernel_3/app_sample/noodle_buffer.o
 .text.noodle_buffer_init
                0x0000f7bc       0x3e ./mtkernel_3/app_sample/noodle_buffer.o
                0x0000f7bc                noodle_buffer_init
 *fill*         0x0000f7fa        0x2 
 .text.noodle_buffer_require
                0x0000f7fc      0x14c ./mtkernel_3/app_sample/noodle_buffer.o
                0x0000f7fc                noodle_buffer_require
 .text.noodle_buffer_free
                0x0000f948      0x17c ./mtkernel_3/app_sample/noodle_buffer.o
                0x0000f948                noodle_buffer_free
 .text._ZL9q_sat_i32x
                0x0000fac4       0x40 ./mtkernel_3/app_sample/noodle_int8_layers.o
 .text._ZL13q_scale_equalff
                0x0000fb04       0x80 ./mtkernel_3/app_sample/noodle_int8_layers.o
 .text._ZL15q_input_matchesPK12NoodleTensorfl
                0x0000fb84       0x44 ./mtkernel_3/app_sample/noodle_int8_layers.o
 .text._ZL14q_apply_outputllllll
                0x0000fbc8       0x7e ./mtkernel_3/app_sample/noodle_int8_layers.o
 *fill*         0x0000fc46        0x2 
 .text._ZL11q_conv_geomttttP5QGeom
                0x0000fc48      0x114 ./mtkernel_3/app_sample/noodle_int8_layers.o
 .text._ZL11q_conv2d_atPKattS0_tttttll
                0x0000fd5c      0x192 ./mtkernel_3/app_sample/noodle_int8_layers.o
 .text._ZL15q_conv2d_filterPK12NoodleTensorttPKalllttllllPa
                0x0000feee       0xb8 ./mtkernel_3/app_sample/noodle_int8_layers.o
 .text._Z16noodle_i8_conv2dP12NoodleTensorRK7ConvMemS0_
                0x0000ffa6      0x1c2 ./mtkernel_3/app_sample/noodle_int8_layers.o
                0x0000ffa6                noodle_i8_conv2d(NoodleTensor*, ConvMem const&, NoodleTensor*)
 .text._ZL7q_dw_atPK12NoodleTensortPKatttttll
                0x00010168      0x148 ./mtkernel_3/app_sample/noodle_int8_layers.o
 .text._Z18noodle_i8_dwconv2dP12NoodleTensorRK7ConvMemS0_
                0x000102b0      0x252 ./mtkernel_3/app_sample/noodle_int8_layers.o
                0x000102b0                noodle_i8_dwconv2d(NoodleTensor*, ConvMem const&, NoodleTensor*)
 .text._ZL11q_clamp_i32x
                0x00010502       0x40 ./mtkernel_3/app_sample/noodle_int8_math.o
 *fill*         0x00010542        0x2 
 .text._Z47noodle_i8_saturating_rounding_doubling_high_mulll
                0x00010544       0xb8 ./mtkernel_3/app_sample/noodle_int8_math.o
                0x00010544                noodle_i8_saturating_rounding_doubling_high_mul(long, long)
 .text._Z32noodle_i8_rounding_divide_by_potli
                0x000105fc       0x6e ./mtkernel_3/app_sample/noodle_int8_math.o
                0x000105fc                noodle_i8_rounding_divide_by_pot(long, int)
 .text._Z42noodle_i8_multiply_by_quantized_multiplierlll
                0x0001066a       0xa0 ./mtkernel_3/app_sample/noodle_int8_math.o
                0x0001066a                noodle_i8_multiply_by_quantized_multiplier(long, long, long)
 .text.noodle_tensor_init
                0x0001070a       0x42 ./mtkernel_3/app_sample/noodle_int8_math.o
                0x0001070a                noodle_tensor_init
 .text.noodle_tensor_free
                0x0001074c       0x42 ./mtkernel_3/app_sample/noodle_int8_math.o
                0x0001074c                noodle_tensor_free
 .text._ZL16q_tensor_requireP12NoodleTensortthfl
                0x0001078e       0xb8 ./mtkernel_3/app_sample/noodle_int8_math.o
 .text._Z27noodle_i8_tensor_require_2dP12NoodleTensorttfl
                0x00010846       0x34 ./mtkernel_3/app_sample/noodle_int8_math.o
                0x00010846                noodle_i8_tensor_require_2d(NoodleTensor*, unsigned short, unsigned short, float, long)
 *(.rodata)
 .rodata        0x0001087a        0x2 ./mtkernel_3/lib/libtm/libtm.o
 .rodata        0x0001087c       0x30 ./mtkernel_3/lib/libtm/libtm_printf.o
 .rodata        0x000108ac        0x5 ./mtkernel_3/lib/libtk/fastlock.o
 *fill*         0x000108b1        0x3 
 .rodata        0x000108b4        0x5 ./mtkernel_3/lib/libtk/fastmlock.o
 *fill*         0x000108b9        0x3 
 .rodata        0x000108bc        0x5 ./mtkernel_3/kernel/tkernel/device.o
 *fill*         0x000108c1        0x3 
 .rodata        0x000108c4       0x10 ./mtkernel_3/kernel/tkernel/deviceio.o
 .rodata        0x000108d4       0x18 ./mtkernel_3/kernel/tkernel/eventflag.o
 .rodata        0x000108ec       0x18 ./mtkernel_3/kernel/tkernel/mailbox.o
 .rodata        0x00010904       0x18 ./mtkernel_3/kernel/tkernel/mempfix.o
 .rodata        0x0001091c       0x18 ./mtkernel_3/kernel/tkernel/mempool.o
 .rodata        0x00010934       0x24 ./mtkernel_3/kernel/tkernel/messagebuf.o
 .rodata        0x00010958       0x24 ./mtkernel_3/kernel/tkernel/mutex.o
 .rodata        0x0001097c       0x18 ./mtkernel_3/kernel/tkernel/semaphore.o
 .rodata        0x00010994       0xc0 ./mtkernel_3/kernel/tkernel/task_manage.o
 .rodata        0x00010a54       0x18 ./mtkernel_3/kernel/tkernel/task_sync.o
 .rodata        0x00010a6c       0xd8 ./mtkernel_3/kernel/sysinit/sysinit.o
 .rodata        0x00010b44       0x6d ./mtkernel_3/kernel/inittask/inittask.o
                0x00010b44                knl_init_ctsk
 *fill*         0x00010bb1        0x3 
 .rodata        0x00010bb4        0x4 ./mtkernel_3/device/ser/ser.o
 .rodata        0x00010bb8       0x98 ./mtkernel_3/device/ser/sysdepend/nrf5/ser_nrf5.o
 .rodata        0x00010c50       0x7b ./mtkernel_3/kernel/sysdepend/microbit/hw_setting.o
 *fill*         0x00010ccb        0x1 
 .rodata        0x00010ccc       0xca ./mtkernel_3/kernel/sysdepend/cpu/core/armv7m/exc_hdr.o
 *fill*         0x00010d96        0x2 
 .rodata        0x00010d98      0x253 ./mtkernel_3/app_sample/app_main.o
 *fill*         0x00010feb        0x1 
 .rodata        0x00010fec       0xbd ./mtkernel_3/app_sample/cute_model_flash.o
 *fill*         0x000110a9        0x3 
 .rodata        0x000110ac       0x47 ./mtkernel_3/app_sample/cute_full_flash.o
 *fill*         0x000110f3        0x1 
 .rodata        0x000110f4       0x18 /usr/lib/gcc/arm-none-eabi/14.2.1/../../../arm-none-eabi/lib/thumb/v7e-m+fp/hard/libm.a(libm_a-ef_exp.o)
 *(.rodata.*)

.glue_7         0x0001110c        0x0
 .glue_7        0x0001110c        0x0 linker stubs

.glue_7t        0x0001110c        0x0
 .glue_7t       0x0001110c        0x0 linker stubs

.vfp11_veneer   0x0001110c        0x0
 .vfp11_veneer  0x0001110c        0x0 linker stubs

.v4_bx          0x0001110c        0x0
 .v4_bx         0x0001110c        0x0 linker stubs

.iplt           0x0001110c        0x0
 .iplt          0x0001110c        0x0 ./mtkernel_3/lib/libtm/libtm.o

.rel.dyn        0x0001110c        0x0
 .rel.iplt      0x0001110c        0x0 ./mtkernel_3/lib/libtm/libtm.o

.ARM.exidx      0x0001110c        0x8
 .ARM.exidx     0x0001110c        0x8 /usr/lib/gcc/arm-none-eabi/14.2.1/../../../arm-none-eabi/lib/thumb/v7e-m+fp/hard/libg.a(libc_a-memcpy.o)
                0x00011114                        . = ALIGN (0x4)
                0x00011114                        __data_org = .

vector          0x20000000      0x100
                0x20000000                        __vector_start = .
 *(.data_vector)
 .data_vector   0x20000000      0x100 ./mtkernel_3/kernel/sysdepend/cpu/core/armv7m/interrupt.o
                0x20000000                exchdr_tbl
                0x20000100                        __vector_end = .

.data           0x20000100      0x140 load address 0x00011114
                0x20000100                        __data_start = .
 *(.data)
 .data          0x20000100       0x10 ./mtkernel_3/device/ser/sysdepend/nrf5/ser_nrf5.o
 .data          0x20000110        0x4 ./mtkernel_3/app_sample/app_main.o
 *fill*         0x20000114        0x4 
 .data          0x20000118      0x128 /usr/lib/gcc/arm-none-eabi/14.2.1/../../../arm-none-eabi/lib/thumb/v7e-m+fp/hard/libg.a(libc_a-impure.o)
                0x20000118                _impure_ptr
                0x20000120                _impure_data
 *(.data.*)
                0x20000240                        . = ALIGN (0x4)
                0x20000240                        __data_end = .

.igot.plt       0x20000240        0x0 load address 0x00011254
 .igot.plt      0x20000240        0x0 ./mtkernel_3/lib/libtm/libtm.o

.bss            0x20000240     0x7350 load address 0x00011254
                0x20000240                        __bss_start = .
                [!provide]                        PROVIDE (__noinit_start = .)
 *(.noinit)
 .noinit        0x20000240      0x264 ./mtkernel_3/kernel/tkernel/device.o
                0x20000240                knl_DevMgrLock
                0x20000250                knl_DefaultIDev
                0x20000254                knl_DevCBtbl
                0x20000494                knl_UsedDevCB
                0x2000049c                knl_FreeDevCB
 .noinit        0x200004a4      0x75c ./mtkernel_3/kernel/tkernel/deviceio.o
                0x200004a4                knl_OpnCBtbl
                0x200008a4                knl_FreeOpnCB
                0x200008ac                knl_ReqCBtbl
                0x20000bec                knl_FreeReqCB
                0x20000bf4                knl_resource_control_block
 .noinit        0x20000c00      0x188 ./mtkernel_3/kernel/tkernel/eventflag.o
                0x20000c00                knl_flgcb_table
                0x20000d80                knl_free_flgcb
 .noinit        0x20000d88       0xe8 ./mtkernel_3/kernel/tkernel/mailbox.o
                0x20000d88                knl_mbxcb_table
                0x20000e68                knl_free_mbxcb
 .noinit        0x20000e70        0x4 ./mtkernel_3/kernel/tkernel/memory.o
                0x20000e70                knl_imacb
 .noinit        0x20000e74      0x1c8 ./mtkernel_3/kernel/tkernel/mempfix.o
                0x20000e74                knl_mpfcb_table
                0x20001034                knl_free_mpfcb
 .noinit        0x2000103c       0xd8 ./mtkernel_3/kernel/tkernel/mempool.o
                0x2000103c                knl_mplcb_table
                0x2000110c                knl_free_mplcb
 .noinit        0x20001114      0x1a8 ./mtkernel_3/kernel/tkernel/messagebuf.o
                0x20001114                knl_mbfcb_table
                0x200012b4                knl_free_mbfcb
 .noinit        0x200012bc       0x88 ./mtkernel_3/kernel/tkernel/mutex.o
                0x200012bc                knl_mtxcb_table
                0x2000133c                knl_free_mtxcb
 .noinit        0x20001344      0x1c8 ./mtkernel_3/kernel/tkernel/semaphore.o
                0x20001344                knl_semcb_table
                0x20001504                knl_free_semcb
 .noinit        0x2000150c      0xe24 ./mtkernel_3/kernel/tkernel/task.o
                0x2000150c                knl_dispatch_disabled
                0x20001510                knl_ctxtsk
                0x20001514                knl_schedtsk
                0x20001518                knl_ready_queue
                0x20001628                knl_tcb_table
                0x20002328                knl_free_tcb
 .noinit        0x20002330      0x1d0 ./mtkernel_3/kernel/tkernel/time_calls.o
                0x20002330                knl_cyccb_table
                0x200023d0                knl_free_cyccb
                0x200023d8                knl_almcb_table
                0x200024f8                knl_free_almcb
 .noinit        0x20002500       0x18 ./mtkernel_3/kernel/tkernel/timer.o
                0x20002500                knl_current_time
                0x20002508                knl_real_time_ofs
                0x20002510                knl_timer_queue
 .noinit        0x20002518      0x100 ./mtkernel_3/kernel/sysdepend/cpu/core/armv7m/cpu_cntl.o
                0x20002518                knl_tmp_stack
 .noinit        0x20002618       0xc0 ./mtkernel_3/kernel/sysdepend/cpu/core/armv7m/interrupt.o
                [!provide]                        PROVIDE (__noinit_end = .)
 *(.bss)
 .bss           0x200026d8        0x4 ./mtkernel_3/kernel/tkernel/deviceio.o
                0x200026d8                knl_DisSusCnt
 .bss           0x200026dc        0x4 ./mtkernel_3/kernel/tkernel/power.o
                0x200026dc                knl_lowpow_discnt
 .bss           0x200026e0        0x4 ./mtkernel_3/device/ser/ser.o
 .bss           0x200026e4        0x4 ./mtkernel_3/kernel/sysdepend/cpu/core/armv7m/cpu_cntl.o
                0x200026e4                knl_taskindp
 .bss           0x200026e8        0x8 ./mtkernel_3/kernel/sysdepend/cpu/core/armv7m/reset_hdl.o
                0x200026e8                knl_lowmem_top
                0x200026ec                knl_lowmem_limit
 .bss           0x200026f0     0x42d4 ./mtkernel_3/app_sample/app_main.o
 .bss           0x200069c4      0x500 ./mtkernel_3/app_sample/cute_detect_flash.o
 .bss           0x20006ec4      0x428 ./mtkernel_3/app_sample/cute_model_flash.o
 .bss           0x200072ec      0x13c /usr/lib/gcc/arm-none-eabi/14.2.1/../../../arm-none-eabi/lib/thumb/v7e-m+fp/hard/libg.a(libc_a-findfp.o)
                0x200072ec                __sf
                0x20007424                __stdio_exit_handler
 *(.bss.*)
 .bss._ZL8g_feat_a
                0x20007428       0x28 ./mtkernel_3/app_sample/cute_full_flash.o
 .bss._ZL8g_feat_b
                0x20007450       0x28 ./mtkernel_3/app_sample/cute_full_flash.o
 .bss._ZL9g_split_a
                0x20007478       0x28 ./mtkernel_3/app_sample/cute_full_flash.o
 .bss._ZL9g_split_b
                0x200074a0       0x28 ./mtkernel_3/app_sample/cute_full_flash.o
 .bss._ZL10g_branch_a
                0x200074c8       0x28 ./mtkernel_3/app_sample/cute_full_flash.o
 .bss._ZL4g_dw  0x200074f0       0x28 ./mtkernel_3/app_sample/cute_full_flash.o
 .bss._ZL4g_pw  0x20007518       0x28 ./mtkernel_3/app_sample/cute_full_flash.o
 .bss._ZL6g_head
                0x20007540       0x28 ./mtkernel_3/app_sample/cute_full_flash.o
 .bss._ZL13g_initialized
                0x20007568        0x4 ./mtkernel_3/app_sample/cute_full_flash.o
 .bss._ZL21g_noodle_buffer_arena
                0x2000756c       0x24 ./mtkernel_3/app_sample/noodle_buffer.o
 *(COMMON)
                0x20007590                        . = ALIGN (0x4)
                0x20007590                        __bss_end = .
                0x20007590                        __end = .
OUTPUT(mtkernel_3.elf elf32-littlearm)
LOAD linker stubs

.debug_info     0x00000000    0x22d47
 .debug_info    0x00000000      0x24d ./mtkernel_3/lib/libtm/libtm.o
 .debug_info    0x0000024d      0x41c ./mtkernel_3/lib/libtm/libtm_printf.o
 .debug_info    0x00000669      0x36b ./mtkernel_3/lib/libtk/fastlock.o
 .debug_info    0x000009d4      0x4bd ./mtkernel_3/lib/libtk/fastmlock.o
 .debug_info    0x00000e91      0x1a5 ./mtkernel_3/lib/libtk/kmalloc.o
 .debug_info    0x00001036      0x2bd ./mtkernel_3/kernel/tstdlib/string.o
 .debug_info    0x000012f3     0x129e ./mtkernel_3/kernel/tkernel/device.o
 .debug_info    0x00002591     0x182d ./mtkernel_3/kernel/tkernel/deviceio.o
 .debug_info    0x00003dbe      0xd35 ./mtkernel_3/kernel/tkernel/eventflag.o
 .debug_info    0x00004af3      0x72a ./mtkernel_3/kernel/tkernel/int.o
 .debug_info    0x0000521d      0x968 ./mtkernel_3/kernel/tkernel/klock.o
 .debug_info    0x00005b85      0xcc3 ./mtkernel_3/kernel/tkernel/mailbox.o
 .debug_info    0x00006848      0x51e ./mtkernel_3/kernel/tkernel/memory.o
 .debug_info    0x00006d66      0xdbf ./mtkernel_3/kernel/tkernel/mempfix.o
 .debug_info    0x00007b25     0x1050 ./mtkernel_3/kernel/tkernel/mempool.o
 .debug_info    0x00008b75      0xfae ./mtkernel_3/kernel/tkernel/messagebuf.o
 .debug_info    0x00009b23      0xe6d ./mtkernel_3/kernel/tkernel/mutex.o
 .debug_info    0x0000a990       0x95 ./mtkernel_3/kernel/tkernel/power.o
 .debug_info    0x0000aa25      0xc92 ./mtkernel_3/kernel/tkernel/semaphore.o
 .debug_info    0x0000b6b7      0xc21 ./mtkernel_3/kernel/tkernel/task.o
 .debug_info    0x0000c2d8      0xfb3 ./mtkernel_3/kernel/tkernel/task_manage.o
 .debug_info    0x0000d28b      0xa4e ./mtkernel_3/kernel/tkernel/task_sync.o
 .debug_info    0x0000dcd9     0x131b ./mtkernel_3/kernel/tkernel/time_calls.o
 .debug_info    0x0000eff4      0xa21 ./mtkernel_3/kernel/tkernel/timer.o
 .debug_info    0x0000fa15      0x117 ./mtkernel_3/kernel/tkernel/tkinit.o
 .debug_info    0x0000fb2c      0xaad ./mtkernel_3/kernel/tkernel/wait.o
 .debug_info    0x000105d9      0x263 ./mtkernel_3/kernel/sysinit/sysinit.o
 .debug_info    0x0001083c      0x25c ./mtkernel_3/kernel/inittask/inittask.o
 .debug_info    0x00010a98      0x77f ./mtkernel_3/device/common/drvif/msdrvif.o
 .debug_info    0x00011217      0xb72 ./mtkernel_3/device/ser/ser.o
 .debug_info    0x00011d89      0x5b6 ./mtkernel_3/device/ser/sysdepend/nrf5/ser_nrf5.o
 .debug_info    0x0001233f      0x187 ./mtkernel_3/lib/libtm/sysdepend/microbit/tm_com.o
 .debug_info    0x000124c6      0x238 ./mtkernel_3/lib/libtk/sysdepend/cpu/nrf5/int_nrf5.o
 .debug_info    0x000126fe      0x1cb ./mtkernel_3/lib/libtk/sysdepend/cpu/core/armv7m/int_armv7m.o
 .debug_info    0x000128c9       0xff ./mtkernel_3/kernel/sysdepend/microbit/devinit.o
 .debug_info    0x000129c8      0x1dc ./mtkernel_3/kernel/sysdepend/microbit/hw_setting.o
 .debug_info    0x00012ba4       0x98 ./mtkernel_3/kernel/sysdepend/microbit/power_save.o
 .debug_info    0x00012c3c      0x10e ./mtkernel_3/kernel/sysdepend/cpu/nrf5/cpu_clock.o
 .debug_info    0x00012d4a       0xeb ./mtkernel_3/kernel/sysdepend/cpu/nrf5/vector_tbl.o
 .debug_info    0x00012e35      0xab0 ./mtkernel_3/kernel/sysdepend/cpu/core/armv7m/cpu_cntl.o
 .debug_info    0x000138e5       0x25 ./mtkernel_3/kernel/sysdepend/cpu/core/armv7m/dispatch.o
 .debug_info    0x0001390a      0x723 ./mtkernel_3/kernel/sysdepend/cpu/core/armv7m/exc_hdr.o
 .debug_info    0x0001402d      0x245 ./mtkernel_3/kernel/sysdepend/cpu/core/armv7m/interrupt.o
 .debug_info    0x00014272      0x1c2 ./mtkernel_3/kernel/sysdepend/cpu/core/armv7m/reset_hdl.o
 .debug_info    0x00014434     0x10e3 ./mtkernel_3/app_sample/app_main.o
 .debug_info    0x00015517      0x7f7 ./mtkernel_3/app_sample/cute_detect_flash.o
 .debug_info    0x00015d0e      0x561 ./mtkernel_3/app_sample/cute_lcd.o
 .debug_info    0x0001626f      0xd86 ./mtkernel_3/app_sample/cute_model_flash.o
 .debug_info    0x00016ff5      0xcbb ./mtkernel_3/app_sample/cute_full_flash.o
 .debug_info    0x00017cb0      0xcbd ./mtkernel_3/app_sample/noodle_buffer.o
 .debug_info    0x0001896d     0x42b8 ./mtkernel_3/app_sample/noodle_int8_layers.o
 .debug_info    0x0001cc25     0x3475 ./mtkernel_3/app_sample/noodle_int8_math.o
 .debug_info    0x0002009a       0xff /usr/lib/gcc/arm-none-eabi/14.2.1/../../../arm-none-eabi/lib/thumb/v7e-m+fp/hard/libm.a(libm_a-sf_fmin.o)
 .debug_info    0x00020199       0xff /usr/lib/gcc/arm-none-eabi/14.2.1/../../../arm-none-eabi/lib/thumb/v7e-m+fp/hard/libm.a(libm_a-sf_fmax.o)
 .debug_info    0x00020298      0x164 /usr/lib/gcc/arm-none-eabi/14.2.1/../../../arm-none-eabi/lib/thumb/v7e-m+fp/hard/libm.a(libm_a-wf_exp.o)
 .debug_info    0x000203fc      0x124 /usr/lib/gcc/arm-none-eabi/14.2.1/../../../arm-none-eabi/lib/thumb/v7e-m+fp/hard/libm.a(libm_a-sf_finite.o)
 .debug_info    0x00020520      0x119 /usr/lib/gcc/arm-none-eabi/14.2.1/../../../arm-none-eabi/lib/thumb/v7e-m+fp/hard/libm.a(libm_a-sf_fpclassify.o)
 .debug_info    0x00020639      0x35e /usr/lib/gcc/arm-none-eabi/14.2.1/../../../arm-none-eabi/lib/thumb/v7e-m+fp/hard/libm.a(libm_a-ef_exp.o)
 .debug_info    0x00020997      0x2f5 /usr/lib/gcc/arm-none-eabi/14.2.1/../../../arm-none-eabi/lib/thumb/v7e-m+fp/hard/libm.a(libm_a-math_errf.o)
 .debug_info    0x00020c8c       0x33 /usr/lib/gcc/arm-none-eabi/14.2.1/../../../arm-none-eabi/lib/thumb/v7e-m+fp/hard/libg.a(libc_a-memcpy.o)
 .debug_info    0x00020cbf      0x148 /usr/lib/gcc/arm-none-eabi/14.2.1/../../../arm-none-eabi/lib/thumb/v7e-m+fp/hard/libg.a(libc_a-memmove.o)
 .debug_info    0x00020e07      0x12b /usr/lib/gcc/arm-none-eabi/14.2.1/../../../arm-none-eabi/lib/thumb/v7e-m+fp/hard/libg.a(libc_a-memcmp.o)
 .debug_info    0x00020f32      0x70f /usr/lib/gcc/arm-none-eabi/14.2.1/../../../arm-none-eabi/lib/thumb/v7e-m+fp/hard/libg.a(libc_a-errno.o)
 .debug_info    0x00021641      0x135 /usr/lib/gcc/arm-none-eabi/14.2.1/../../../arm-none-eabi/lib/thumb/v7e-m+fp/hard/libg.a(libc_a-memset.o)
 .debug_info    0x00021776      0x729 /usr/lib/gcc/arm-none-eabi/14.2.1/../../../arm-none-eabi/lib/thumb/v7e-m+fp/hard/libg.a(libc_a-impure.o)
 .debug_info    0x00021e9f      0xea8 /usr/lib/gcc/arm-none-eabi/14.2.1/../../../arm-none-eabi/lib/thumb/v7e-m+fp/hard/libg.a(libc_a-findfp.o)

.debug_abbrev   0x00000000     0x81fd
 .debug_abbrev  0x00000000      0x120 ./mtkernel_3/lib/libtm/libtm.o
 .debug_abbrev  0x00000120      0x1f3 ./mtkernel_3/lib/libtm/libtm_printf.o
 .debug_abbrev  0x00000313      0x19d ./mtkernel_3/lib/libtk/fastlock.o
 .debug_abbrev  0x000004b0      0x1bc ./mtkernel_3/lib/libtk/fastmlock.o
 .debug_abbrev  0x0000066c      0x100 ./mtkernel_3/lib/libtk/kmalloc.o
 .debug_abbrev  0x0000076c       0xad ./mtkernel_3/kernel/tstdlib/string.o
 .debug_abbrev  0x00000819      0x3eb ./mtkernel_3/kernel/tkernel/device.o
 .debug_abbrev  0x00000c04      0x486 ./mtkernel_3/kernel/tkernel/deviceio.o
 .debug_abbrev  0x0000108a      0x32e ./mtkernel_3/kernel/tkernel/eventflag.o
 .debug_abbrev  0x000013b8      0x223 ./mtkernel_3/kernel/tkernel/int.o
 .debug_abbrev  0x000015db      0x2a5 ./mtkernel_3/kernel/tkernel/klock.o
 .debug_abbrev  0x00001880      0x2df ./mtkernel_3/kernel/tkernel/mailbox.o
 .debug_abbrev  0x00001b5f      0x287 ./mtkernel_3/kernel/tkernel/memory.o
 .debug_abbrev  0x00001de6      0x350 ./mtkernel_3/kernel/tkernel/mempfix.o
 .debug_abbrev  0x00002136      0x397 ./mtkernel_3/kernel/tkernel/mempool.o
 .debug_abbrev  0x000024cd      0x37a ./mtkernel_3/kernel/tkernel/messagebuf.o
 .debug_abbrev  0x00002847      0x394 ./mtkernel_3/kernel/tkernel/mutex.o
 .debug_abbrev  0x00002bdb       0x57 ./mtkernel_3/kernel/tkernel/power.o
 .debug_abbrev  0x00002c32      0x32c ./mtkernel_3/kernel/tkernel/semaphore.o
 .debug_abbrev  0x00002f5e      0x2f9 ./mtkernel_3/kernel/tkernel/task.o
 .debug_abbrev  0x00003257      0x38f ./mtkernel_3/kernel/tkernel/task_manage.o
 .debug_abbrev  0x000035e6      0x2ce ./mtkernel_3/kernel/tkernel/task_sync.o
 .debug_abbrev  0x000038b4      0x3a4 ./mtkernel_3/kernel/tkernel/time_calls.o
 .debug_abbrev  0x00003c58      0x2ec ./mtkernel_3/kernel/tkernel/timer.o
 .debug_abbrev  0x00003f44       0x7f ./mtkernel_3/kernel/tkernel/tkinit.o
 .debug_abbrev  0x00003fc3      0x263 ./mtkernel_3/kernel/tkernel/wait.o
 .debug_abbrev  0x00004226      0x15b ./mtkernel_3/kernel/sysinit/sysinit.o
 .debug_abbrev  0x00004381      0x162 ./mtkernel_3/kernel/inittask/inittask.o
 .debug_abbrev  0x000044e3      0x253 ./mtkernel_3/device/common/drvif/msdrvif.o
 .debug_abbrev  0x00004736      0x34b ./mtkernel_3/device/ser/ser.o
 .debug_abbrev  0x00004a81      0x21b ./mtkernel_3/device/ser/sysdepend/nrf5/ser_nrf5.o
 .debug_abbrev  0x00004c9c       0xdf ./mtkernel_3/lib/libtm/sysdepend/microbit/tm_com.o
 .debug_abbrev  0x00004d7b      0x122 ./mtkernel_3/lib/libtk/sysdepend/cpu/nrf5/int_nrf5.o
 .debug_abbrev  0x00004e9d       0xf9 ./mtkernel_3/lib/libtk/sysdepend/cpu/core/armv7m/int_armv7m.o
 .debug_abbrev  0x00004f96       0xa5 ./mtkernel_3/kernel/sysdepend/microbit/devinit.o
 .debug_abbrev  0x0000503b      0x178 ./mtkernel_3/kernel/sysdepend/microbit/hw_setting.o
 .debug_abbrev  0x000051b3       0x47 ./mtkernel_3/kernel/sysdepend/microbit/power_save.o
 .debug_abbrev  0x000051fa       0xb9 ./mtkernel_3/kernel/sysdepend/cpu/nrf5/cpu_clock.o
 .debug_abbrev  0x000052b3       0x7e ./mtkernel_3/kernel/sysdepend/cpu/nrf5/vector_tbl.o
 .debug_abbrev  0x00005331      0x256 ./mtkernel_3/kernel/sysdepend/cpu/core/armv7m/cpu_cntl.o
 .debug_abbrev  0x00005587       0x14 ./mtkernel_3/kernel/sysdepend/cpu/core/armv7m/dispatch.o
 .debug_abbrev  0x0000559b      0x1de ./mtkernel_3/kernel/sysdepend/cpu/core/armv7m/exc_hdr.o
 .debug_abbrev  0x00005779      0x182 ./mtkernel_3/kernel/sysdepend/cpu/core/armv7m/interrupt.o
 .debug_abbrev  0x000058fb       0xf7 ./mtkernel_3/kernel/sysdepend/cpu/core/armv7m/reset_hdl.o
 .debug_abbrev  0x000059f2      0x309 ./mtkernel_3/app_sample/app_main.o
 .debug_abbrev  0x00005cfb      0x1b2 ./mtkernel_3/app_sample/cute_detect_flash.o
 .debug_abbrev  0x00005ead      0x1a1 ./mtkernel_3/app_sample/cute_lcd.o
 .debug_abbrev  0x0000604e      0x2ee ./mtkernel_3/app_sample/cute_model_flash.o
 .debug_abbrev  0x0000633c      0x2c6 ./mtkernel_3/app_sample/cute_full_flash.o
 .debug_abbrev  0x00006602      0x2fd ./mtkernel_3/app_sample/noodle_buffer.o
 .debug_abbrev  0x000068ff      0x4cc ./mtkernel_3/app_sample/noodle_int8_layers.o
 .debug_abbrev  0x00006dcb      0x43f ./mtkernel_3/app_sample/noodle_int8_math.o
 .debug_abbrev  0x0000720a       0x96 /usr/lib/gcc/arm-none-eabi/14.2.1/../../../arm-none-eabi/lib/thumb/v7e-m+fp/hard/libm.a(libm_a-sf_fmin.o)
 .debug_abbrev  0x000072a0       0x96 /usr/lib/gcc/arm-none-eabi/14.2.1/../../../arm-none-eabi/lib/thumb/v7e-m+fp/hard/libm.a(libm_a-sf_fmax.o)
 .debug_abbrev  0x00007336       0xe0 /usr/lib/gcc/arm-none-eabi/14.2.1/../../../arm-none-eabi/lib/thumb/v7e-m+fp/hard/libm.a(libm_a-wf_exp.o)
 .debug_abbrev  0x00007416       0xc5 /usr/lib/gcc/arm-none-eabi/14.2.1/../../../arm-none-eabi/lib/thumb/v7e-m+fp/hard/libm.a(libm_a-sf_finite.o)
 .debug_abbrev  0x000074db       0xc4 /usr/lib/gcc/arm-none-eabi/14.2.1/../../../arm-none-eabi/lib/thumb/v7e-m+fp/hard/libm.a(libm_a-sf_fpclassify.o)
 .debug_abbrev  0x0000759f      0x1a2 /usr/lib/gcc/arm-none-eabi/14.2.1/../../../arm-none-eabi/lib/thumb/v7e-m+fp/hard/libm.a(libm_a-ef_exp.o)
 .debug_abbrev  0x00007741      0x125 /usr/lib/gcc/arm-none-eabi/14.2.1/../../../arm-none-eabi/lib/thumb/v7e-m+fp/hard/libm.a(libm_a-math_errf.o)
 .debug_abbrev  0x00007866       0x28 /usr/lib/gcc/arm-none-eabi/14.2.1/../../../arm-none-eabi/lib/thumb/v7e-m+fp/hard/libg.a(libc_a-memcpy.o)
 .debug_abbrev  0x0000788e       0xc3 /usr/lib/gcc/arm-none-eabi/14.2.1/../../../arm-none-eabi/lib/thumb/v7e-m+fp/hard/libg.a(libc_a-memmove.o)
 .debug_abbrev  0x00007951       0x90 /usr/lib/gcc/arm-none-eabi/14.2.1/../../../arm-none-eabi/lib/thumb/v7e-m+fp/hard/libg.a(libc_a-memcmp.o)
 .debug_abbrev  0x000079e1      0x19a /usr/lib/gcc/arm-none-eabi/14.2.1/../../../arm-none-eabi/lib/thumb/v7e-m+fp/hard/libg.a(libc_a-errno.o)
 .debug_abbrev  0x00007b7b       0xb7 /usr/lib/gcc/arm-none-eabi/14.2.1/../../../arm-none-eabi/lib/thumb/v7e-m+fp/hard/libg.a(libc_a-memset.o)
 .debug_abbrev  0x00007c32      0x185 /usr/lib/gcc/arm-none-eabi/14.2.1/../../../arm-none-eabi/lib/thumb/v7e-m+fp/hard/libg.a(libc_a-impure.o)
 .debug_abbrev  0x00007db7      0x446 /usr/lib/gcc/arm-none-eabi/14.2.1/../../../arm-none-eabi/lib/thumb/v7e-m+fp/hard/libg.a(libc_a-findfp.o)

.debug_aranges  0x00000000      0xb78
 .debug_aranges
                0x00000000       0x20 ./mtkernel_3/lib/libtm/libtm.o
 .debug_aranges
                0x00000020       0x20 ./mtkernel_3/lib/libtm/libtm_printf.o
 .debug_aranges
                0x00000040       0x20 ./mtkernel_3/lib/libtk/fastlock.o
 .debug_aranges
                0x00000060       0x20 ./mtkernel_3/lib/libtk/fastmlock.o
 .debug_aranges
                0x00000080       0x20 ./mtkernel_3/lib/libtk/kmalloc.o
 .debug_aranges
                0x000000a0       0x20 ./mtkernel_3/kernel/tstdlib/string.o
 .debug_aranges
                0x000000c0       0x20 ./mtkernel_3/kernel/tkernel/device.o
 .debug_aranges
                0x000000e0       0x20 ./mtkernel_3/kernel/tkernel/deviceio.o
 .debug_aranges
                0x00000100       0x20 ./mtkernel_3/kernel/tkernel/eventflag.o
 .debug_aranges
                0x00000120       0x20 ./mtkernel_3/kernel/tkernel/int.o
 .debug_aranges
                0x00000140       0x20 ./mtkernel_3/kernel/tkernel/klock.o
 .debug_aranges
                0x00000160       0x20 ./mtkernel_3/kernel/tkernel/mailbox.o
 .debug_aranges
                0x00000180       0x20 ./mtkernel_3/kernel/tkernel/memory.o
 .debug_aranges
                0x000001a0       0x20 ./mtkernel_3/kernel/tkernel/mempfix.o
 .debug_aranges
                0x000001c0       0x20 ./mtkernel_3/kernel/tkernel/mempool.o
 .debug_aranges
                0x000001e0       0x20 ./mtkernel_3/kernel/tkernel/messagebuf.o
 .debug_aranges
                0x00000200       0x20 ./mtkernel_3/kernel/tkernel/mutex.o
 .debug_aranges
                0x00000220       0x18 ./mtkernel_3/kernel/tkernel/power.o
 .debug_aranges
                0x00000238       0x20 ./mtkernel_3/kernel/tkernel/semaphore.o
 .debug_aranges
                0x00000258       0x20 ./mtkernel_3/kernel/tkernel/task.o
 .debug_aranges
                0x00000278       0x20 ./mtkernel_3/kernel/tkernel/task_manage.o
 .debug_aranges
                0x00000298       0x20 ./mtkernel_3/kernel/tkernel/task_sync.o
 .debug_aranges
                0x000002b8       0x20 ./mtkernel_3/kernel/tkernel/time_calls.o
 .debug_aranges
                0x000002d8       0x20 ./mtkernel_3/kernel/tkernel/timer.o
 .debug_aranges
                0x000002f8       0x20 ./mtkernel_3/kernel/tkernel/tkinit.o
 .debug_aranges
                0x00000318       0x20 ./mtkernel_3/kernel/tkernel/wait.o
 .debug_aranges
                0x00000338       0x20 ./mtkernel_3/kernel/sysinit/sysinit.o
 .debug_aranges
                0x00000358       0x20 ./mtkernel_3/kernel/inittask/inittask.o
 .debug_aranges
                0x00000378       0x20 ./mtkernel_3/device/common/drvif/msdrvif.o
 .debug_aranges
                0x00000398       0x20 ./mtkernel_3/device/ser/ser.o
 .debug_aranges
                0x000003b8       0x20 ./mtkernel_3/device/ser/sysdepend/nrf5/ser_nrf5.o
 .debug_aranges
                0x000003d8       0x20 ./mtkernel_3/lib/libtm/sysdepend/microbit/tm_com.o
 .debug_aranges
                0x000003f8       0x20 ./mtkernel_3/lib/libtk/sysdepend/cpu/nrf5/int_nrf5.o
 .debug_aranges
                0x00000418       0x20 ./mtkernel_3/lib/libtk/sysdepend/cpu/core/armv7m/int_armv7m.o
 .debug_aranges
                0x00000438       0x20 ./mtkernel_3/kernel/sysdepend/microbit/devinit.o
 .debug_aranges
                0x00000458       0x20 ./mtkernel_3/kernel/sysdepend/microbit/hw_setting.o
 .debug_aranges
                0x00000478       0x20 ./mtkernel_3/kernel/sysdepend/microbit/power_save.o
 .debug_aranges
                0x00000498       0x20 ./mtkernel_3/kernel/sysdepend/cpu/nrf5/cpu_clock.o
 .debug_aranges
                0x000004b8       0x18 ./mtkernel_3/kernel/sysdepend/cpu/nrf5/vector_tbl.o
 .debug_aranges
                0x000004d0       0x20 ./mtkernel_3/kernel/sysdepend/cpu/core/armv7m/cpu_cntl.o
 .debug_aranges
                0x000004f0       0x20 ./mtkernel_3/kernel/sysdepend/cpu/core/armv7m/dispatch.o
 .debug_aranges
                0x00000510       0x20 ./mtkernel_3/kernel/sysdepend/cpu/core/armv7m/exc_hdr.o
 .debug_aranges
                0x00000530       0x20 ./mtkernel_3/kernel/sysdepend/cpu/core/armv7m/interrupt.o
 .debug_aranges
                0x00000550       0x20 ./mtkernel_3/kernel/sysdepend/cpu/core/armv7m/reset_hdl.o
 .debug_aranges
                0x00000570       0x20 ./mtkernel_3/app_sample/app_main.o
 .debug_aranges
                0x00000590       0x20 ./mtkernel_3/app_sample/cute_detect_flash.o
 .debug_aranges
                0x000005b0       0x20 ./mtkernel_3/app_sample/cute_lcd.o
 .debug_aranges
                0x000005d0       0x20 ./mtkernel_3/app_sample/cute_model_flash.o
 .debug_aranges
                0x000005f0       0x50 ./mtkernel_3/app_sample/cute_full_flash.o
 .debug_aranges
                0x00000640       0xd0 ./mtkernel_3/app_sample/noodle_buffer.o
 .debug_aranges
                0x00000710      0x160 ./mtkernel_3/app_sample/noodle_int8_layers.o
 .debug_aranges
                0x00000870      0x150 ./mtkernel_3/app_sample/noodle_int8_math.o
 .debug_aranges
                0x000009c0       0x20 /usr/lib/gcc/arm-none-eabi/14.2.1/../../../arm-none-eabi/lib/thumb/v7e-m+fp/hard/libm.a(libm_a-sf_fmin.o)
 .debug_aranges
                0x000009e0       0x20 /usr/lib/gcc/arm-none-eabi/14.2.1/../../../arm-none-eabi/lib/thumb/v7e-m+fp/hard/libm.a(libm_a-sf_fmax.o)
 .debug_aranges
                0x00000a00       0x20 /usr/lib/gcc/arm-none-eabi/14.2.1/../../../arm-none-eabi/lib/thumb/v7e-m+fp/hard/libm.a(libm_a-wf_exp.o)
 .debug_aranges
                0x00000a20       0x20 /usr/lib/gcc/arm-none-eabi/14.2.1/../../../arm-none-eabi/lib/thumb/v7e-m+fp/hard/libm.a(libm_a-sf_finite.o)
 .debug_aranges
                0x00000a40       0x20 /usr/lib/gcc/arm-none-eabi/14.2.1/../../../arm-none-eabi/lib/thumb/v7e-m+fp/hard/libm.a(libm_a-sf_fpclassify.o)
 .debug_aranges
                0x00000a60       0x20 /usr/lib/gcc/arm-none-eabi/14.2.1/../../../arm-none-eabi/lib/thumb/v7e-m+fp/hard/libm.a(libm_a-ef_exp.o)
 .debug_aranges
                0x00000a80       0x20 /usr/lib/gcc/arm-none-eabi/14.2.1/../../../arm-none-eabi/lib/thumb/v7e-m+fp/hard/libm.a(libm_a-math_errf.o)
 .debug_aranges
                0x00000aa0       0x20 /usr/lib/gcc/arm-none-eabi/14.2.1/../../../arm-none-eabi/lib/thumb/v7e-m+fp/hard/libg.a(libc_a-memcpy.o)
 .debug_aranges
                0x00000ac0       0x20 /usr/lib/gcc/arm-none-eabi/14.2.1/../../../arm-none-eabi/lib/thumb/v7e-m+fp/hard/libg.a(libc_a-memmove.o)
 .debug_aranges
                0x00000ae0       0x20 /usr/lib/gcc/arm-none-eabi/14.2.1/../../../arm-none-eabi/lib/thumb/v7e-m+fp/hard/libg.a(libc_a-memcmp.o)
 .debug_aranges
                0x00000b00       0x20 /usr/lib/gcc/arm-none-eabi/14.2.1/../../../arm-none-eabi/lib/thumb/v7e-m+fp/hard/libg.a(libc_a-errno.o)
 .debug_aranges
                0x00000b20       0x20 /usr/lib/gcc/arm-none-eabi/14.2.1/../../../arm-none-eabi/lib/thumb/v7e-m+fp/hard/libg.a(libc_a-memset.o)
 .debug_aranges
                0x00000b40       0x18 /usr/lib/gcc/arm-none-eabi/14.2.1/../../../arm-none-eabi/lib/thumb/v7e-m+fp/hard/libg.a(libc_a-impure.o)
 .debug_aranges
                0x00000b58       0x20 /usr/lib/gcc/arm-none-eabi/14.2.1/../../../arm-none-eabi/lib/thumb/v7e-m+fp/hard/libg.a(libc_a-findfp.o)

.debug_macro    0x00000000     0xe26b
 .debug_macro   0x00000000      0x167 ./mtkernel_3/lib/libtm/libtm.o
 .debug_macro   0x00000167      0xacc ./mtkernel_3/lib/libtm/libtm.o
 .debug_macro   0x00000c33      0x169 ./mtkernel_3/lib/libtm/libtm.o
 .debug_macro   0x00000d9c      0x29a ./mtkernel_3/lib/libtm/libtm.o
 .debug_macro   0x00001036       0x28 ./mtkernel_3/lib/libtm/libtm.o
 .debug_macro   0x0000105e       0x1c ./mtkernel_3/lib/libtm/libtm.o
 .debug_macro   0x0000107a       0x34 ./mtkernel_3/lib/libtm/libtm.o
 .debug_macro   0x000010ae       0x46 ./mtkernel_3/lib/libtm/libtm.o
 .debug_macro   0x000010f4       0xa6 ./mtkernel_3/lib/libtm/libtm.o
 .debug_macro   0x0000119a       0x1c ./mtkernel_3/lib/libtm/libtm.o
 .debug_macro   0x000011b6      0x1d3 ./mtkernel_3/lib/libtm/libtm.o
 .debug_macro   0x00001389      0x2b3 ./mtkernel_3/lib/libtm/libtm.o
 .debug_macro   0x0000163c       0x10 ./mtkernel_3/lib/libtm/libtm.o
 .debug_macro   0x0000164c      0x238 ./mtkernel_3/lib/libtm/libtm.o
 .debug_macro   0x00001884       0x16 ./mtkernel_3/lib/libtm/libtm.o
 .debug_macro   0x0000189a       0x8e ./mtkernel_3/lib/libtm/libtm.o
 .debug_macro   0x00001928       0x16 ./mtkernel_3/lib/libtm/libtm.o
 .debug_macro   0x0000193e       0xa6 ./mtkernel_3/lib/libtm/libtm.o
 .debug_macro   0x000019e4      0x2aa ./mtkernel_3/lib/libtm/libtm.o
 .debug_macro   0x00001c8e       0x16 ./mtkernel_3/lib/libtm/libtm.o
 .debug_macro   0x00001ca4      0x107 ./mtkernel_3/lib/libtm/libtm.o
 .debug_macro   0x00001dab       0x1c ./mtkernel_3/lib/libtm/libtm.o
 .debug_macro   0x00001dc7       0x2e ./mtkernel_3/lib/libtm/libtm.o
 .debug_macro   0x00001df5       0x19 ./mtkernel_3/lib/libtm/libtm.o
 .debug_macro   0x00001e0e       0x22 ./mtkernel_3/lib/libtm/libtm.o
 .debug_macro   0x00001e30       0x16 ./mtkernel_3/lib/libtm/libtm.o
 .debug_macro   0x00001e46      0x194 ./mtkernel_3/lib/libtm/libtm_printf.o
 .debug_macro   0x00001fda       0x58 ./mtkernel_3/lib/libtm/libtm_printf.o
 .debug_macro   0x00002032      0x14b ./mtkernel_3/lib/libtk/fastlock.o
 .debug_macro   0x0000217d      0x14b ./mtkernel_3/lib/libtk/fastmlock.o
 .debug_macro   0x000022c8      0x14b ./mtkernel_3/lib/libtk/kmalloc.o
 .debug_macro   0x00002413      0x227 ./mtkernel_3/kernel/tstdlib/string.o
 .debug_macro   0x0000263a       0x16 ./mtkernel_3/kernel/tstdlib/string.o
 .debug_macro   0x00002650       0x46 ./mtkernel_3/kernel/tstdlib/string.o
 .debug_macro   0x00002696       0x94 ./mtkernel_3/kernel/tstdlib/string.o
 .debug_macro   0x0000272a       0x22 ./mtkernel_3/kernel/tstdlib/string.o
 .debug_macro   0x0000274c       0x1c ./mtkernel_3/kernel/tstdlib/string.o
 .debug_macro   0x00002768       0x1c ./mtkernel_3/kernel/tstdlib/string.o
 .debug_macro   0x00002784       0x52 ./mtkernel_3/kernel/tstdlib/string.o
 .debug_macro   0x000027d6       0x2e ./mtkernel_3/kernel/tstdlib/string.o
 .debug_macro   0x00002804      0x248 ./mtkernel_3/kernel/tkernel/device.o
 .debug_macro   0x00002a4c       0x46 ./mtkernel_3/kernel/tkernel/device.o
 .debug_macro   0x00002a92       0x40 ./mtkernel_3/kernel/tkernel/device.o
 .debug_macro   0x00002ad2       0x6a ./mtkernel_3/kernel/tkernel/device.o
 .debug_macro   0x00002b3c      0x248 ./mtkernel_3/kernel/tkernel/deviceio.o
 .debug_macro   0x00002d84      0x263 ./mtkernel_3/kernel/tkernel/eventflag.o
 .debug_macro   0x00002fe7       0x10 ./mtkernel_3/kernel/tkernel/eventflag.o
 .debug_macro   0x00002ff7      0x230 ./mtkernel_3/kernel/tkernel/int.o
 .debug_macro   0x00003227      0x244 ./mtkernel_3/kernel/tkernel/klock.o
 .debug_macro   0x0000346b      0x263 ./mtkernel_3/kernel/tkernel/mailbox.o
 .debug_macro   0x000036ce       0x1c ./mtkernel_3/kernel/tkernel/mailbox.o
 .debug_macro   0x000036ea      0x23f ./mtkernel_3/kernel/tkernel/memory.o
 .debug_macro   0x00003929       0x58 ./mtkernel_3/kernel/tkernel/memory.o
 .debug_macro   0x00003981      0x26d ./mtkernel_3/kernel/tkernel/mempfix.o
 .debug_macro   0x00003bee       0x1c ./mtkernel_3/kernel/tkernel/mempfix.o
 .debug_macro   0x00003c0a      0x27b ./mtkernel_3/kernel/tkernel/mempool.o
 .debug_macro   0x00003e85       0x10 ./mtkernel_3/kernel/tkernel/mempool.o
 .debug_macro   0x00003e95      0x263 ./mtkernel_3/kernel/tkernel/messagebuf.o
 .debug_macro   0x000040f8       0x22 ./mtkernel_3/kernel/tkernel/messagebuf.o
 .debug_macro   0x0000411a      0x25e ./mtkernel_3/kernel/tkernel/mutex.o
 .debug_macro   0x00004378      0x230 ./mtkernel_3/kernel/tkernel/power.o
 .debug_macro   0x000045a8      0x263 ./mtkernel_3/kernel/tkernel/semaphore.o
 .debug_macro   0x0000480b       0x10 ./mtkernel_3/kernel/tkernel/semaphore.o
 .debug_macro   0x0000481b      0x280 ./mtkernel_3/kernel/tkernel/task.o
 .debug_macro   0x00004a9b       0x1c ./mtkernel_3/kernel/tkernel/task.o
 .debug_macro   0x00004ab7       0x16 ./mtkernel_3/kernel/tkernel/task.o
 .debug_macro   0x00004acd      0x280 ./mtkernel_3/kernel/tkernel/task_manage.o
 .debug_macro   0x00004d4d      0x263 ./mtkernel_3/kernel/tkernel/task_sync.o
 .debug_macro   0x00004fb0      0x28a ./mtkernel_3/kernel/tkernel/time_calls.o
 .debug_macro   0x0000523a       0x1c ./mtkernel_3/kernel/tkernel/time_calls.o
 .debug_macro   0x00005256       0x1c ./mtkernel_3/kernel/tkernel/time_calls.o
 .debug_macro   0x00005272      0x252 ./mtkernel_3/kernel/tkernel/timer.o
 .debug_macro   0x000054c4      0x22b ./mtkernel_3/kernel/tkernel/tkinit.o
 .debug_macro   0x000056ef      0x251 ./mtkernel_3/kernel/tkernel/wait.o
 .debug_macro   0x00005940      0x227 ./mtkernel_3/kernel/sysinit/sysinit.o
 .debug_macro   0x00005b67      0x229 ./mtkernel_3/kernel/inittask/inittask.o
 .debug_macro   0x00005d90       0x2e ./mtkernel_3/kernel/inittask/inittask.o
 .debug_macro   0x00005dbe       0x10 ./mtkernel_3/kernel/inittask/inittask.o
 .debug_macro   0x00005dce      0x161 ./mtkernel_3/device/common/drvif/msdrvif.o
 .debug_macro   0x00005f2f      0x1b4 ./mtkernel_3/device/ser/ser.o
 .debug_macro   0x000060e3       0x10 ./mtkernel_3/device/ser/ser.o
 .debug_macro   0x000060f3       0x52 ./mtkernel_3/device/ser/ser.o
 .debug_macro   0x00006145       0x2e ./mtkernel_3/device/ser/ser.o
 .debug_macro   0x00006173       0x16 ./mtkernel_3/device/ser/ser.o
 .debug_macro   0x00006189       0x10 ./mtkernel_3/device/ser/ser.o
 .debug_macro   0x00006199       0x16 ./mtkernel_3/device/ser/ser.o
 .debug_macro   0x000061af      0x1b0 ./mtkernel_3/device/ser/sysdepend/nrf5/ser_nrf5.o
 .debug_macro   0x0000635f       0xf6 ./mtkernel_3/lib/libtm/sysdepend/microbit/tm_com.o
 .debug_macro   0x00006455       0x40 ./mtkernel_3/lib/libtm/sysdepend/microbit/tm_com.o
 .debug_macro   0x00006495       0x16 ./mtkernel_3/lib/libtm/sysdepend/microbit/tm_com.o
 .debug_macro   0x000064ab       0xac ./mtkernel_3/lib/libtm/sysdepend/microbit/tm_com.o
 .debug_macro   0x00006557      0x159 ./mtkernel_3/lib/libtk/sysdepend/cpu/nrf5/int_nrf5.o
 .debug_macro   0x000066b0      0x155 ./mtkernel_3/lib/libtk/sysdepend/cpu/core/armv7m/int_armv7m.o
 .debug_macro   0x00006805      0x275 ./mtkernel_3/kernel/sysdepend/microbit/devinit.o
 .debug_macro   0x00006a7a      0x23f ./mtkernel_3/kernel/sysdepend/microbit/hw_setting.o
 .debug_macro   0x00006cb9      0x23f ./mtkernel_3/kernel/sysdepend/microbit/power_save.o
 .debug_macro   0x00006ef8      0x15f ./mtkernel_3/kernel/sysdepend/cpu/nrf5/cpu_clock.o
 .debug_macro   0x00007057      0x248 ./mtkernel_3/kernel/sysdepend/cpu/nrf5/vector_tbl.o
 .debug_macro   0x0000729f       0x1c ./mtkernel_3/kernel/sysdepend/cpu/nrf5/vector_tbl.o
 .debug_macro   0x000072bb      0x251 ./mtkernel_3/kernel/sysdepend/cpu/core/armv7m/cpu_cntl.o
 .debug_macro   0x0000750c      0x247 ./mtkernel_3/kernel/sysdepend/cpu/core/armv7m/exc_hdr.o
 .debug_macro   0x00007753      0x248 ./mtkernel_3/kernel/sysdepend/cpu/core/armv7m/interrupt.o
 .debug_macro   0x0000799b      0x248 ./mtkernel_3/kernel/sysdepend/cpu/core/armv7m/reset_hdl.o
 .debug_macro   0x00007be3      0x1e3 ./mtkernel_3/app_sample/app_main.o
 .debug_macro   0x00007dc6      0x34e ./mtkernel_3/app_sample/app_main.o
 .debug_macro   0x00008114       0x16 ./mtkernel_3/app_sample/app_main.o
 .debug_macro   0x0000812a       0x46 ./mtkernel_3/app_sample/app_main.o
 .debug_macro   0x00008170       0x10 ./mtkernel_3/app_sample/app_main.o
 .debug_macro   0x00008180      0x10a ./mtkernel_3/app_sample/cute_detect_flash.o
 .debug_macro   0x0000828a       0x22 ./mtkernel_3/app_sample/cute_detect_flash.o
 .debug_macro   0x000082ac       0x60 ./mtkernel_3/app_sample/cute_detect_flash.o
 .debug_macro   0x0000830c       0x2a ./mtkernel_3/app_sample/cute_detect_flash.o
 .debug_macro   0x00008336       0x94 ./mtkernel_3/app_sample/cute_detect_flash.o
 .debug_macro   0x000083ca       0x3c ./mtkernel_3/app_sample/cute_detect_flash.o
 .debug_macro   0x00008406       0x34 ./mtkernel_3/app_sample/cute_detect_flash.o
 .debug_macro   0x0000843a      0x190 ./mtkernel_3/app_sample/cute_detect_flash.o
 .debug_macro   0x000085ca       0x57 ./mtkernel_3/app_sample/cute_detect_flash.o
 .debug_macro   0x00008621      0x364 ./mtkernel_3/app_sample/cute_detect_flash.o
 .debug_macro   0x00008985       0x16 ./mtkernel_3/app_sample/cute_detect_flash.o
 .debug_macro   0x0000899b       0x4a ./mtkernel_3/app_sample/cute_detect_flash.o
 .debug_macro   0x000089e5       0x34 ./mtkernel_3/app_sample/cute_detect_flash.o
 .debug_macro   0x00008a19       0x10 ./mtkernel_3/app_sample/cute_detect_flash.o
 .debug_macro   0x00008a29       0x52 ./mtkernel_3/app_sample/cute_detect_flash.o
 .debug_macro   0x00008a7b      0x1de ./mtkernel_3/app_sample/cute_detect_flash.o
 .debug_macro   0x00008c59      0x19b ./mtkernel_3/app_sample/cute_detect_flash.o
 .debug_macro   0x00008df4      0x1ab ./mtkernel_3/app_sample/cute_lcd.o
 .debug_macro   0x00008f9f      0x13e ./mtkernel_3/app_sample/cute_model_flash.o
 .debug_macro   0x000090dd       0x10 ./mtkernel_3/app_sample/cute_model_flash.o
 .debug_macro   0x000090ed       0x3c ./mtkernel_3/app_sample/cute_model_flash.o
 .debug_macro   0x00009129      0x1af ./mtkernel_3/app_sample/cute_full_flash.o
 .debug_macro   0x000092d8      0xc1c ./mtkernel_3/app_sample/cute_full_flash.o
 .debug_macro   0x00009ef4       0x34 ./mtkernel_3/app_sample/cute_full_flash.o
 .debug_macro   0x00009f28      0x197 ./mtkernel_3/app_sample/cute_full_flash.o
 .debug_macro   0x0000a0bf      0x380 ./mtkernel_3/app_sample/cute_full_flash.o
 .debug_macro   0x0000a43f       0x4a ./mtkernel_3/app_sample/cute_full_flash.o
 .debug_macro   0x0000a489       0x3c ./mtkernel_3/app_sample/cute_full_flash.o
 .debug_macro   0x0000a4c5       0x40 ./mtkernel_3/app_sample/cute_full_flash.o
 .debug_macro   0x0000a505       0x10 ./mtkernel_3/app_sample/cute_full_flash.o
 .debug_macro   0x0000a515      0x1b7 ./mtkernel_3/app_sample/noodle_buffer.o
 .debug_macro   0x0000a6cc      0x1f2 ./mtkernel_3/app_sample/noodle_buffer.o
 .debug_macro   0x0000a8be       0x10 ./mtkernel_3/app_sample/noodle_buffer.o
 .debug_macro   0x0000a8ce       0xc1 ./mtkernel_3/app_sample/noodle_buffer.o
 .debug_macro   0x0000a98f       0xed ./mtkernel_3/app_sample/noodle_buffer.o
 .debug_macro   0x0000aa7c      0x4b1 ./mtkernel_3/app_sample/noodle_buffer.o
 .debug_macro   0x0000af2d       0x10 ./mtkernel_3/app_sample/noodle_buffer.o
 .debug_macro   0x0000af3d       0x16 ./mtkernel_3/app_sample/noodle_buffer.o
 .debug_macro   0x0000af53       0x16 ./mtkernel_3/app_sample/noodle_buffer.o
 .debug_macro   0x0000af69       0x29 ./mtkernel_3/app_sample/noodle_buffer.o
 .debug_macro   0x0000af92       0x10 ./mtkernel_3/app_sample/noodle_buffer.o
 .debug_macro   0x0000afa2       0x10 ./mtkernel_3/app_sample/noodle_buffer.o
 .debug_macro   0x0000afb2       0xde ./mtkernel_3/app_sample/noodle_buffer.o
 .debug_macro   0x0000b090       0x16 ./mtkernel_3/app_sample/noodle_buffer.o
 .debug_macro   0x0000b0a6      0x3cc ./mtkernel_3/app_sample/noodle_int8_layers.o
 .debug_macro   0x0000b472       0x18 ./mtkernel_3/app_sample/noodle_int8_layers.o
 .debug_macro   0x0000b48a      0x194 ./mtkernel_3/app_sample/noodle_int8_layers.o
 .debug_macro   0x0000b61e       0x16 ./mtkernel_3/app_sample/noodle_int8_layers.o
 .debug_macro   0x0000b634      0x712 ./mtkernel_3/app_sample/noodle_int8_layers.o
 .debug_macro   0x0000bd46      0x4f5 ./mtkernel_3/app_sample/noodle_int8_layers.o
 .debug_macro   0x0000c23b       0x16 ./mtkernel_3/app_sample/noodle_int8_layers.o
 .debug_macro   0x0000c251      0x712 ./mtkernel_3/app_sample/noodle_int8_layers.o
 .debug_macro   0x0000c963       0x1c ./mtkernel_3/app_sample/noodle_int8_layers.o
 .debug_macro   0x0000c97f       0x4f ./mtkernel_3/app_sample/noodle_int8_layers.o
 .debug_macro   0x0000c9ce       0x94 ./mtkernel_3/app_sample/noodle_int8_layers.o
 .debug_macro   0x0000ca62      0x755 ./mtkernel_3/app_sample/noodle_int8_layers.o
 .debug_macro   0x0000d1b7       0x1f ./mtkernel_3/app_sample/noodle_int8_layers.o
 .debug_macro   0x0000d1d6       0x20 ./mtkernel_3/app_sample/noodle_int8_layers.o
 .debug_macro   0x0000d1f6       0x28 ./mtkernel_3/app_sample/noodle_int8_layers.o
 .debug_macro   0x0000d21e       0x2e ./mtkernel_3/app_sample/noodle_int8_layers.o
 .debug_macro   0x0000d24c       0x12 ./mtkernel_3/app_sample/noodle_int8_layers.o
 .debug_macro   0x0000d25e       0x88 ./mtkernel_3/app_sample/noodle_int8_layers.o
 .debug_macro   0x0000d2e6       0x10 ./mtkernel_3/app_sample/noodle_int8_layers.o
 .debug_macro   0x0000d2f6      0x6a5 ./mtkernel_3/app_sample/noodle_int8_layers.o
 .debug_macro   0x0000d99b       0x22 ./mtkernel_3/app_sample/noodle_int8_layers.o
 .debug_macro   0x0000d9bd       0x12 ./mtkernel_3/app_sample/noodle_int8_layers.o
 .debug_macro   0x0000d9cf      0x158 ./mtkernel_3/app_sample/noodle_int8_layers.o
 .debug_macro   0x0000db27       0x11 ./mtkernel_3/app_sample/noodle_int8_layers.o
 .debug_macro   0x0000db38       0x17 ./mtkernel_3/app_sample/noodle_int8_layers.o
 .debug_macro   0x0000db4f       0x17 ./mtkernel_3/app_sample/noodle_int8_layers.o
 .debug_macro   0x0000db66       0x17 ./mtkernel_3/app_sample/noodle_int8_layers.o
 .debug_macro   0x0000db7d       0x17 ./mtkernel_3/app_sample/noodle_int8_layers.o
 .debug_macro   0x0000db94       0x17 ./mtkernel_3/app_sample/noodle_int8_layers.o
 .debug_macro   0x0000dbab       0x17 ./mtkernel_3/app_sample/noodle_int8_layers.o
 .debug_macro   0x0000dbc2      0x201 ./mtkernel_3/app_sample/noodle_int8_layers.o
 .debug_macro   0x0000ddc3       0xe4 ./mtkernel_3/app_sample/noodle_int8_layers.o
 .debug_macro   0x0000dea7      0x3c4 ./mtkernel_3/app_sample/noodle_int8_math.o

.debug_line     0x00000000    0x1c1d1
 .debug_line    0x00000000      0x40c ./mtkernel_3/lib/libtm/libtm.o
 .debug_line    0x0000040c      0x793 ./mtkernel_3/lib/libtm/libtm_printf.o
 .debug_line    0x00000b9f      0x3c4 ./mtkernel_3/lib/libtk/fastlock.o
 .debug_line    0x00000f63      0x43b ./mtkernel_3/lib/libtk/fastmlock.o
 .debug_line    0x0000139e      0x354 ./mtkernel_3/lib/libtk/kmalloc.o
 .debug_line    0x000016f2      0x65c ./mtkernel_3/kernel/tstdlib/string.o
 .debug_line    0x00001d4e      0x99f ./mtkernel_3/kernel/tkernel/device.o
 .debug_line    0x000026ed      0xdbb ./mtkernel_3/kernel/tkernel/deviceio.o
 .debug_line    0x000034a8      0x90f ./mtkernel_3/kernel/tkernel/eventflag.o
 .debug_line    0x00003db7      0x574 ./mtkernel_3/kernel/tkernel/int.o
 .debug_line    0x0000432b      0x703 ./mtkernel_3/kernel/tkernel/klock.o
 .debug_line    0x00004a2e      0x862 ./mtkernel_3/kernel/tkernel/mailbox.o
 .debug_line    0x00005290      0x807 ./mtkernel_3/kernel/tkernel/memory.o
 .debug_line    0x00005a97      0x967 ./mtkernel_3/kernel/tkernel/mempfix.o
 .debug_line    0x000063fe      0xb9b ./mtkernel_3/kernel/tkernel/mempool.o
 .debug_line    0x00006f99      0xb02 ./mtkernel_3/kernel/tkernel/messagebuf.o
 .debug_line    0x00007a9b      0xacc ./mtkernel_3/kernel/tkernel/mutex.o
 .debug_line    0x00008567      0x519 ./mtkernel_3/kernel/tkernel/power.o
 .debug_line    0x00008a80      0x8e2 ./mtkernel_3/kernel/tkernel/semaphore.o
 .debug_line    0x00009362      0x8f9 ./mtkernel_3/kernel/tkernel/task.o
 .debug_line    0x00009c5b      0xc80 ./mtkernel_3/kernel/tkernel/task_manage.o
 .debug_line    0x0000a8db      0x9a0 ./mtkernel_3/kernel/tkernel/task_sync.o
 .debug_line    0x0000b27b      0xd46 ./mtkernel_3/kernel/tkernel/time_calls.o
 .debug_line    0x0000bfc1      0x7b1 ./mtkernel_3/kernel/tkernel/timer.o
 .debug_line    0x0000c772      0x5d1 ./mtkernel_3/kernel/tkernel/tkinit.o
 .debug_line    0x0000cd43      0x72d ./mtkernel_3/kernel/tkernel/wait.o
 .debug_line    0x0000d470      0x57e ./mtkernel_3/kernel/sysinit/sysinit.o
 .debug_line    0x0000d9ee      0x57c ./mtkernel_3/kernel/inittask/inittask.o
 .debug_line    0x0000df6a      0x497 ./mtkernel_3/device/common/drvif/msdrvif.o
 .debug_line    0x0000e401      0x82b ./mtkernel_3/device/ser/ser.o
 .debug_line    0x0000ec2c      0x6a7 ./mtkernel_3/device/ser/sysdepend/nrf5/ser_nrf5.o
 .debug_line    0x0000f2d3      0x380 ./mtkernel_3/lib/libtm/sysdepend/microbit/tm_com.o
 .debug_line    0x0000f653      0x3ea ./mtkernel_3/lib/libtk/sysdepend/cpu/nrf5/int_nrf5.o
 .debug_line    0x0000fa3d      0x3da ./mtkernel_3/lib/libtk/sysdepend/cpu/core/armv7m/int_armv7m.o
 .debug_line    0x0000fe17      0x6a1 ./mtkernel_3/kernel/sysdepend/microbit/devinit.o
 .debug_line    0x000104b8      0x61c ./mtkernel_3/kernel/sysdepend/microbit/hw_setting.o
 .debug_line    0x00010ad4      0x5c0 ./mtkernel_3/kernel/sysdepend/microbit/power_save.o
 .debug_line    0x00011094      0x3f0 ./mtkernel_3/kernel/sysdepend/cpu/nrf5/cpu_clock.o
 .debug_line    0x00011484      0x628 ./mtkernel_3/kernel/sysdepend/cpu/nrf5/vector_tbl.o
 .debug_line    0x00011aac      0x80b ./mtkernel_3/kernel/sysdepend/cpu/core/armv7m/cpu_cntl.o
 .debug_line    0x000122b7       0x87 ./mtkernel_3/kernel/sysdepend/cpu/core/armv7m/dispatch.o
 .debug_line    0x0001233e      0x6e8 ./mtkernel_3/kernel/sysdepend/cpu/core/armv7m/exc_hdr.o
 .debug_line    0x00012a26      0x6da ./mtkernel_3/kernel/sysdepend/cpu/core/armv7m/interrupt.o
 .debug_line    0x00013100      0x725 ./mtkernel_3/kernel/sysdepend/cpu/core/armv7m/reset_hdl.o
 .debug_line    0x00013825      0xa87 ./mtkernel_3/app_sample/app_main.o
 .debug_line    0x000142ac      0x4a6 ./mtkernel_3/app_sample/cute_detect_flash.o
 .debug_line    0x00014752      0x744 ./mtkernel_3/app_sample/cute_lcd.o
 .debug_line    0x00014e96      0x8f6 ./mtkernel_3/app_sample/cute_model_flash.o
 .debug_line    0x0001578c      0x63e ./mtkernel_3/app_sample/cute_full_flash.o
 .debug_line    0x00015dca      0x874 ./mtkernel_3/app_sample/noodle_buffer.o
 .debug_line    0x0001663e     0x29a3 ./mtkernel_3/app_sample/noodle_int8_layers.o
 .debug_line    0x00018fe1     0x19f3 ./mtkernel_3/app_sample/noodle_int8_math.o
 .debug_line    0x0001a9d4       0xdc /usr/lib/gcc/arm-none-eabi/14.2.1/../../../arm-none-eabi/lib/thumb/v7e-m+fp/hard/libm.a(libm_a-sf_fmin.o)
 .debug_line    0x0001aab0       0xdc /usr/lib/gcc/arm-none-eabi/14.2.1/../../../arm-none-eabi/lib/thumb/v7e-m+fp/hard/libm.a(libm_a-sf_fmax.o)
 .debug_line    0x0001ab8c      0x19e /usr/lib/gcc/arm-none-eabi/14.2.1/../../../arm-none-eabi/lib/thumb/v7e-m+fp/hard/libm.a(libm_a-wf_exp.o)
 .debug_line    0x0001ad2a      0x127 /usr/lib/gcc/arm-none-eabi/14.2.1/../../../arm-none-eabi/lib/thumb/v7e-m+fp/hard/libm.a(libm_a-sf_finite.o)
 .debug_line    0x0001ae51      0x14c /usr/lib/gcc/arm-none-eabi/14.2.1/../../../arm-none-eabi/lib/thumb/v7e-m+fp/hard/libm.a(libm_a-sf_fpclassify.o)
 .debug_line    0x0001af9d      0x336 /usr/lib/gcc/arm-none-eabi/14.2.1/../../../arm-none-eabi/lib/thumb/v7e-m+fp/hard/libm.a(libm_a-ef_exp.o)
 .debug_line    0x0001b2d3      0x1e7 /usr/lib/gcc/arm-none-eabi/14.2.1/../../../arm-none-eabi/lib/thumb/v7e-m+fp/hard/libm.a(libm_a-math_errf.o)
 .debug_line    0x0001b4ba       0xb9 /usr/lib/gcc/arm-none-eabi/14.2.1/../../../arm-none-eabi/lib/thumb/v7e-m+fp/hard/libg.a(libc_a-memcpy.o)
 .debug_line    0x0001b573      0x24d /usr/lib/gcc/arm-none-eabi/14.2.1/../../../arm-none-eabi/lib/thumb/v7e-m+fp/hard/libg.a(libc_a-memmove.o)
 .debug_line    0x0001b7c0      0x17b /usr/lib/gcc/arm-none-eabi/14.2.1/../../../arm-none-eabi/lib/thumb/v7e-m+fp/hard/libg.a(libc_a-memcmp.o)
 .debug_line    0x0001b93b      0x10c /usr/lib/gcc/arm-none-eabi/14.2.1/../../../arm-none-eabi/lib/thumb/v7e-m+fp/hard/libg.a(libc_a-errno.o)
 .debug_line    0x0001ba47      0x1a7 /usr/lib/gcc/arm-none-eabi/14.2.1/../../../arm-none-eabi/lib/thumb/v7e-m+fp/hard/libg.a(libc_a-memset.o)
 .debug_line    0x0001bbee       0xe7 /usr/lib/gcc/arm-none-eabi/14.2.1/../../../arm-none-eabi/lib/thumb/v7e-m+fp/hard/libg.a(libc_a-impure.o)
 .debug_line    0x0001bcd5      0x4fc /usr/lib/gcc/arm-none-eabi/14.2.1/../../../arm-none-eabi/lib/thumb/v7e-m+fp/hard/libg.a(libc_a-findfp.o)

.debug_str      0x00000000    0x1d781
 .debug_str     0x00000000    0x1d781 ./mtkernel_3/lib/libtm/libtm.o
                               0x6e81 (size before relaxing)
 .debug_str     0x0001d781        0x0 ./mtkernel_3/lib/libtm/libtm_printf.o
                               0x702e (size before relaxing)
 .debug_str     0x0001d781        0x0 ./mtkernel_3/lib/libtk/fastlock.o
                               0x6e1a (size before relaxing)
 .debug_str     0x0001d781        0x0 ./mtkernel_3/lib/libtk/fastmlock.o
                               0x6e27 (size before relaxing)
 .debug_str     0x0001d781        0x0 ./mtkernel_3/lib/libtk/kmalloc.o
                               0x6dc6 (size before relaxing)
 .debug_str     0x0001d781        0x0 ./mtkernel_3/kernel/tstdlib/string.o
                               0x786a (size before relaxing)
 .debug_str     0x0001d781        0x0 ./mtkernel_3/kernel/tkernel/device.o
                               0x8268 (size before relaxing)
 .debug_str     0x0001d781        0x0 ./mtkernel_3/kernel/tkernel/deviceio.o
                               0x8383 (size before relaxing)
 .debug_str     0x0001d781        0x0 ./mtkernel_3/kernel/tkernel/eventflag.o
                               0x850f (size before relaxing)
 .debug_str     0x0001d781        0x0 ./mtkernel_3/kernel/tkernel/int.o
                               0x81ae (size before relaxing)
 .debug_str     0x0001d781        0x0 ./mtkernel_3/kernel/tkernel/klock.o
                               0x7c09 (size before relaxing)
 .debug_str     0x0001d781        0x0 ./mtkernel_3/kernel/tkernel/mailbox.o
                               0x857b (size before relaxing)
 .debug_str     0x0001d781        0x0 ./mtkernel_3/kernel/tkernel/memory.o
                               0x7d4c (size before relaxing)
 .debug_str     0x0001d781        0x0 ./mtkernel_3/kernel/tkernel/mempfix.o
                               0x8609 (size before relaxing)
 .debug_str     0x0001d781        0x0 ./mtkernel_3/kernel/tkernel/mempool.o
                               0x89f2 (size before relaxing)
 .debug_str     0x0001d781        0x0 ./mtkernel_3/kernel/tkernel/messagebuf.o
                               0x8673 (size before relaxing)
 .debug_str     0x0001d781        0x0 ./mtkernel_3/kernel/tkernel/mutex.o
                               0x8569 (size before relaxing)
 .debug_str     0x0001d781        0x0 ./mtkernel_3/kernel/tkernel/power.o
                               0x7edf (size before relaxing)
 .debug_str     0x0001d781        0x0 ./mtkernel_3/kernel/tkernel/semaphore.o
                               0x8505 (size before relaxing)
 .debug_str     0x0001d781        0x0 ./mtkernel_3/kernel/tkernel/task.o
                               0x85d7 (size before relaxing)
 .debug_str     0x0001d781        0x0 ./mtkernel_3/kernel/tkernel/task_manage.o
                               0x86db (size before relaxing)
 .debug_str     0x0001d781        0x0 ./mtkernel_3/kernel/tkernel/task_sync.o
                               0x8535 (size before relaxing)
 .debug_str     0x0001d781        0x0 ./mtkernel_3/kernel/tkernel/time_calls.o
                               0x880b (size before relaxing)
 .debug_str     0x0001d781        0x0 ./mtkernel_3/kernel/tkernel/timer.o
                               0x7d03 (size before relaxing)
 .debug_str     0x0001d781        0x0 ./mtkernel_3/kernel/tkernel/tkinit.o
                               0x7916 (size before relaxing)
 .debug_str     0x0001d781        0x0 ./mtkernel_3/kernel/tkernel/wait.o
                               0x7d89 (size before relaxing)
 .debug_str     0x0001d781        0x0 ./mtkernel_3/kernel/sysinit/sysinit.o
                               0x7932 (size before relaxing)
 .debug_str     0x0001d781        0x0 ./mtkernel_3/kernel/inittask/inittask.o
                               0x7997 (size before relaxing)
 .debug_str     0x0001d781        0x0 ./mtkernel_3/device/common/drvif/msdrvif.o
                               0x6fc6 (size before relaxing)
 .debug_str     0x0001d781        0x0 ./mtkernel_3/device/ser/ser.o
                               0x753d (size before relaxing)
 .debug_str     0x0001d781        0x0 ./mtkernel_3/device/ser/sysdepend/nrf5/ser_nrf5.o
                               0x7372 (size before relaxing)
 .debug_str     0x0001d781        0x0 ./mtkernel_3/lib/libtm/sysdepend/microbit/tm_com.o
                               0x55d2 (size before relaxing)
 .debug_str     0x0001d781        0x0 ./mtkernel_3/lib/libtk/sysdepend/cpu/nrf5/int_nrf5.o
                               0x6e20 (size before relaxing)
 .debug_str     0x0001d781        0x0 ./mtkernel_3/lib/libtk/sysdepend/cpu/core/armv7m/int_armv7m.o
                               0x6e11 (size before relaxing)
 .debug_str     0x0001d781        0x0 ./mtkernel_3/kernel/sysdepend/microbit/devinit.o
                               0x7aad (size before relaxing)
 .debug_str     0x0001d781        0x0 ./mtkernel_3/kernel/sysdepend/microbit/hw_setting.o
                               0x78ca (size before relaxing)
 .debug_str     0x0001d781        0x0 ./mtkernel_3/kernel/sysdepend/microbit/power_save.o
                               0x7859 (size before relaxing)
 .debug_str     0x0001d781        0x0 ./mtkernel_3/kernel/sysdepend/cpu/nrf5/cpu_clock.o
                               0x6de5 (size before relaxing)
 .debug_str     0x0001d781        0x0 ./mtkernel_3/kernel/sysdepend/cpu/nrf5/vector_tbl.o
                               0x7997 (size before relaxing)
 .debug_str     0x0001d781        0x0 ./mtkernel_3/kernel/sysdepend/cpu/core/armv7m/cpu_cntl.o
                               0x7c8f (size before relaxing)
 .debug_str     0x0001d781        0x0 ./mtkernel_3/kernel/sysdepend/cpu/core/armv7m/dispatch.o
                                 0x7b (size before relaxing)
 .debug_str     0x0001d781        0x0 ./mtkernel_3/kernel/sysdepend/cpu/core/armv7m/exc_hdr.o
                               0x7be6 (size before relaxing)
 .debug_str     0x0001d781        0x0 ./mtkernel_3/kernel/sysdepend/cpu/core/armv7m/interrupt.o
                               0x79db (size before relaxing)
 .debug_str     0x0001d781        0x0 ./mtkernel_3/kernel/sysdepend/cpu/core/armv7m/reset_hdl.o
                               0x796c (size before relaxing)
 .debug_str     0x0001d781        0x0 ./mtkernel_3/app_sample/app_main.o
                               0x8146 (size before relaxing)
 .debug_str     0x0001d781        0x0 ./mtkernel_3/app_sample/cute_detect_flash.o
                               0x760d (size before relaxing)
 .debug_str     0x0001d781        0x0 ./mtkernel_3/app_sample/cute_lcd.o
                               0x7a87 (size before relaxing)
 .debug_str     0x0001d781        0x0 ./mtkernel_3/app_sample/cute_model_flash.o
                               0x737a (size before relaxing)
 .debug_str     0x0001d781        0x0 ./mtkernel_3/app_sample/cute_full_flash.o
                               0x7c35 (size before relaxing)
 .debug_str     0x0001d781        0x0 ./mtkernel_3/app_sample/noodle_buffer.o
                               0xa0cc (size before relaxing)
 .debug_str     0x0001d781        0x0 ./mtkernel_3/app_sample/noodle_int8_layers.o
                              0x12244 (size before relaxing)
 .debug_str     0x0001d781        0x0 ./mtkernel_3/app_sample/noodle_int8_math.o
                              0x1234e (size before relaxing)
 .debug_str     0x0001d781        0x0 /usr/lib/gcc/arm-none-eabi/14.2.1/../../../arm-none-eabi/lib/thumb/v7e-m+fp/hard/libm.a(libm_a-sf_fmin.o)
                                0x1b5 (size before relaxing)
 .debug_str     0x0001d781        0x0 /usr/lib/gcc/arm-none-eabi/14.2.1/../../../arm-none-eabi/lib/thumb/v7e-m+fp/hard/libm.a(libm_a-sf_fmax.o)
                                0x1b5 (size before relaxing)
 .debug_str     0x0001d781        0x0 /usr/lib/gcc/arm-none-eabi/14.2.1/../../../arm-none-eabi/lib/thumb/v7e-m+fp/hard/libm.a(libm_a-wf_exp.o)
                                0x1cd (size before relaxing)
 .debug_str     0x0001d781        0x0 /usr/lib/gcc/arm-none-eabi/14.2.1/../../../arm-none-eabi/lib/thumb/v7e-m+fp/hard/libm.a(libm_a-sf_finite.o)
                                0x1e6 (size before relaxing)
 .debug_str     0x0001d781        0x0 /usr/lib/gcc/arm-none-eabi/14.2.1/../../../arm-none-eabi/lib/thumb/v7e-m+fp/hard/libm.a(libm_a-sf_fpclassify.o)
                                0x1e6 (size before relaxing)
 .debug_str     0x0001d781        0x0 /usr/lib/gcc/arm-none-eabi/14.2.1/../../../arm-none-eabi/lib/thumb/v7e-m+fp/hard/libm.a(libm_a-ef_exp.o)
                                0x22a (size before relaxing)
 .debug_str     0x0001d781        0x0 /usr/lib/gcc/arm-none-eabi/14.2.1/../../../arm-none-eabi/lib/thumb/v7e-m+fp/hard/libm.a(libm_a-math_errf.o)
                                0x213 (size before relaxing)
 .debug_str     0x0001d781        0x0 /usr/lib/gcc/arm-none-eabi/14.2.1/../../../arm-none-eabi/lib/thumb/v7e-m+fp/hard/libg.a(libc_a-memcpy.o)
                                 0xaa (size before relaxing)
 .debug_str     0x0001d781        0x0 /usr/lib/gcc/arm-none-eabi/14.2.1/../../../arm-none-eabi/lib/thumb/v7e-m+fp/hard/libg.a(libc_a-memmove.o)
                                0x1c7 (size before relaxing)
 .debug_str     0x0001d781        0x0 /usr/lib/gcc/arm-none-eabi/14.2.1/../../../arm-none-eabi/lib/thumb/v7e-m+fp/hard/libg.a(libc_a-memcmp.o)
                                0x194 (size before relaxing)
 .debug_str     0x0001d781        0x0 /usr/lib/gcc/arm-none-eabi/14.2.1/../../../arm-none-eabi/lib/thumb/v7e-m+fp/hard/libg.a(libc_a-errno.o)
                                0x4a1 (size before relaxing)
 .debug_str     0x0001d781        0x0 /usr/lib/gcc/arm-none-eabi/14.2.1/../../../arm-none-eabi/lib/thumb/v7e-m+fp/hard/libg.a(libc_a-memset.o)
                                0x1a8 (size before relaxing)
 .debug_str     0x0001d781        0x0 /usr/lib/gcc/arm-none-eabi/14.2.1/../../../arm-none-eabi/lib/thumb/v7e-m+fp/hard/libg.a(libc_a-impure.o)
                                0x4ac (size before relaxing)
 .debug_str     0x0001d781        0x0 /usr/lib/gcc/arm-none-eabi/14.2.1/../../../arm-none-eabi/lib/thumb/v7e-m+fp/hard/libg.a(libc_a-findfp.o)
                                0x6af (size before relaxing)

.comment        0x00000000       0x26
 .comment       0x00000000       0x26 ./mtkernel_3/lib/libtm/libtm.o
                                 0x27 (size before relaxing)
 .comment       0x00000026        0x0 ./mtkernel_3/lib/libtm/libtm_printf.o
                                 0x27 (size before relaxing)
 .comment       0x00000026        0x0 ./mtkernel_3/lib/libtk/fastlock.o
                                 0x27 (size before relaxing)
 .comment       0x00000026        0x0 ./mtkernel_3/lib/libtk/fastmlock.o
                                 0x27 (size before relaxing)
 .comment       0x00000026        0x0 ./mtkernel_3/lib/libtk/kmalloc.o
                                 0x27 (size before relaxing)
 .comment       0x00000026        0x0 ./mtkernel_3/kernel/tstdlib/string.o
                                 0x27 (size before relaxing)
 .comment       0x00000026        0x0 ./mtkernel_3/kernel/tkernel/device.o
                                 0x27 (size before relaxing)
 .comment       0x00000026        0x0 ./mtkernel_3/kernel/tkernel/deviceio.o
                                 0x27 (size before relaxing)
 .comment       0x00000026        0x0 ./mtkernel_3/kernel/tkernel/eventflag.o
                                 0x27 (size before relaxing)
 .comment       0x00000026        0x0 ./mtkernel_3/kernel/tkernel/int.o
                                 0x27 (size before relaxing)
 .comment       0x00000026        0x0 ./mtkernel_3/kernel/tkernel/klock.o
                                 0x27 (size before relaxing)
 .comment       0x00000026        0x0 ./mtkernel_3/kernel/tkernel/mailbox.o
                                 0x27 (size before relaxing)
 .comment       0x00000026        0x0 ./mtkernel_3/kernel/tkernel/memory.o
                                 0x27 (size before relaxing)
 .comment       0x00000026        0x0 ./mtkernel_3/kernel/tkernel/mempfix.o
                                 0x27 (size before relaxing)
 .comment       0x00000026        0x0 ./mtkernel_3/kernel/tkernel/mempool.o