Archive member included to satisfy reference by file (symbol)

/opt/st/stm32cubeide_2.1.1/plugins/com.st.stm32cube.ide.mcu.externaltools.gnu-tools-for-stm32.14.3.rel1.linux64_1.0.100.202602081740/tools/bin/../lib/gcc/arm-none-eabi/14.3.1/../../../../arm-none-eabi/lib/thumb/v7e-m+dp/hard/libm.a(libm_a-s_frexp.o)
                              ./Noodle/src/noodle_int8_math.o (frexp)
/opt/st/stm32cubeide_2.1.1/plugins/com.st.stm32cube.ide.mcu.externaltools.gnu-tools-for-stm32.14.3.rel1.linux64_1.0.100.202602081740/tools/bin/../lib/gcc/arm-none-eabi/14.3.1/../../../../arm-none-eabi/lib/thumb/v7e-m+dp/hard/libm.a(libm_a-s_tanh.o)
                              ./Noodle/src/noodle_int8_math.o (tanh)
/opt/st/stm32cubeide_2.1.1/plugins/com.st.stm32cube.ide.mcu.externaltools.gnu-tools-for-stm32.14.3.rel1.linux64_1.0.100.202602081740/tools/bin/../lib/gcc/arm-none-eabi/14.3.1/../../../../arm-none-eabi/lib/thumb/v7e-m+dp/hard/libm.a(libm_a-s_expm1.o)
                              /opt/st/stm32cubeide_2.1.1/plugins/com.st.stm32cube.ide.mcu.externaltools.gnu-tools-for-stm32.14.3.rel1.linux64_1.0.100.202602081740/tools/bin/../lib/gcc/arm-none-eabi/14.3.1/../../../../arm-none-eabi/lib/thumb/v7e-m+dp/hard/libm.a(libm_a-s_tanh.o) (expm1)
/opt/st/stm32cubeide_2.1.1/plugins/com.st.stm32cube.ide.mcu.externaltools.gnu-tools-for-stm32.14.3.rel1.linux64_1.0.100.202602081740/tools/bin/../lib/gcc/arm-none-eabi/14.3.1/../../../../arm-none-eabi/lib/thumb/v7e-m+dp/hard/libm.a(libm_a-s_lround.o)
                              ./Noodle/src/noodle_int8_math.o (lround)
/opt/st/stm32cubeide_2.1.1/plugins/com.st.stm32cube.ide.mcu.externaltools.gnu-tools-for-stm32.14.3.rel1.linux64_1.0.100.202602081740/tools/bin/../lib/gcc/arm-none-eabi/14.3.1/../../../../arm-none-eabi/lib/thumb/v7e-m+dp/hard/libm.a(libm_a-s_llround.o)
                              ./Noodle/src/noodle_int8_math.o (llround)
/opt/st/stm32cubeide_2.1.1/plugins/com.st.stm32cube.ide.mcu.externaltools.gnu-tools-for-stm32.14.3.rel1.linux64_1.0.100.202602081740/tools/bin/../lib/gcc/arm-none-eabi/14.3.1/../../../../arm-none-eabi/lib/thumb/v7e-m+dp/hard/libm.a(libm_a-exp.o)
                              ./Noodle/src/noodle_int8_math.o (exp)
/opt/st/stm32cubeide_2.1.1/plugins/com.st.stm32cube.ide.mcu.externaltools.gnu-tools-for-stm32.14.3.rel1.linux64_1.0.100.202602081740/tools/bin/../lib/gcc/arm-none-eabi/14.3.1/../../../../arm-none-eabi/lib/thumb/v7e-m+dp/hard/libm.a(libm_a-exp_data.o)
                              /opt/st/stm32cubeide_2.1.1/plugins/com.st.stm32cube.ide.mcu.externaltools.gnu-tools-for-stm32.14.3.rel1.linux64_1.0.100.202602081740/tools/bin/../lib/gcc/arm-none-eabi/14.3.1/../../../../arm-none-eabi/lib/thumb/v7e-m+dp/hard/libm.a(libm_a-exp.o) (__exp_data)
/opt/st/stm32cubeide_2.1.1/plugins/com.st.stm32cube.ide.mcu.externaltools.gnu-tools-for-stm32.14.3.rel1.linux64_1.0.100.202602081740/tools/bin/../lib/gcc/arm-none-eabi/14.3.1/../../../../arm-none-eabi/lib/thumb/v7e-m+dp/hard/libm.a(libm_a-math_err.o)
                              /opt/st/stm32cubeide_2.1.1/plugins/com.st.stm32cube.ide.mcu.externaltools.gnu-tools-for-stm32.14.3.rel1.linux64_1.0.100.202602081740/tools/bin/../lib/gcc/arm-none-eabi/14.3.1/../../../../arm-none-eabi/lib/thumb/v7e-m+dp/hard/libm.a(libm_a-exp.o) (__math_uflow)
/opt/st/stm32cubeide_2.1.1/plugins/com.st.stm32cube.ide.mcu.externaltools.gnu-tools-for-stm32.14.3.rel1.linux64_1.0.100.202602081740/tools/bin/../lib/gcc/arm-none-eabi/14.3.1/../../../../arm-none-eabi/lib/thumb/v7e-m+dp/hard/libm.a(libm_a-sf_exp.o)
                              ./CUTE/cute_postprocess.o (expf)
/opt/st/stm32cubeide_2.1.1/plugins/com.st.stm32cube.ide.mcu.externaltools.gnu-tools-for-stm32.14.3.rel1.linux64_1.0.100.202602081740/tools/bin/../lib/gcc/arm-none-eabi/14.3.1/../../../../arm-none-eabi/lib/thumb/v7e-m+dp/hard/libm.a(libm_a-sf_exp2_data.o)
                              /opt/st/stm32cubeide_2.1.1/plugins/com.st.stm32cube.ide.mcu.externaltools.gnu-tools-for-stm32.14.3.rel1.linux64_1.0.100.202602081740/tools/bin/../lib/gcc/arm-none-eabi/14.3.1/../../../../arm-none-eabi/lib/thumb/v7e-m+dp/hard/libm.a(libm_a-sf_exp.o) (__exp2f_data)
/opt/st/stm32cubeide_2.1.1/plugins/com.st.stm32cube.ide.mcu.externaltools.gnu-tools-for-stm32.14.3.rel1.linux64_1.0.100.202602081740/tools/bin/../lib/gcc/arm-none-eabi/14.3.1/../../../../arm-none-eabi/lib/thumb/v7e-m+dp/hard/libm.a(libm_a-math_errf.o)
                              /opt/st/stm32cubeide_2.1.1/plugins/com.st.stm32cube.ide.mcu.externaltools.gnu-tools-for-stm32.14.3.rel1.linux64_1.0.100.202602081740/tools/bin/../lib/gcc/arm-none-eabi/14.3.1/../../../../arm-none-eabi/lib/thumb/v7e-m+dp/hard/libm.a(libm_a-sf_exp.o) (__math_uflowf)
/opt/st/stm32cubeide_2.1.1/plugins/com.st.stm32cube.ide.mcu.externaltools.gnu-tools-for-stm32.14.3.rel1.linux64_1.0.100.202602081740/tools/bin/../lib/gcc/arm-none-eabi/14.3.1/../../../../arm-none-eabi/lib/thumb/v7e-m+dp/hard/libm.a(libm_a-s_fabs.o)
[...]
Memory Configuration

Name             Origin             Length             Attributes
FLASH            0x08000000         0x001e0000         xr
CUTE             0x081e0000         0x00020000         xr
DTCMRAM          0x20000000         0x00020000         xrw
RAM_D1           0x24000000         0x00080000         xrw
RAM_D2           0x30000000         0x00048000         xrw
RAM_D3           0x38000000         0x00010000         xrw
ITCMRAM          0x00000000         0x00010000         xrw
*default*        0x00000000         0xffffffff

Linker script and memory map

LOAD /opt/st/stm32cubeide_2.1.1/plugins/com.st.stm32cube.ide.mcu.externaltools.gnu-tools-for-stm32.14.3.rel1.linux64_1.0.100.202602081740/tools/bin/../lib/gcc/arm-none-eabi/14.3.1/thumb/v7e-m+dp/hard/crti.o
LOAD /opt/st/stm32cubeide_2.1.1/plugins/com.st.stm32cube.ide.mcu.externaltools.gnu-tools-for-stm32.14.3.rel1.linux64_1.0.100.202602081740/tools/bin/../lib/gcc/arm-none-eabi/14.3.1/thumb/v7e-m+dp/hard/crtbegin.o
LOAD /opt/st/stm32cubeide_2.1.1/plugins/com.st.stm32cube.ide.mcu.externaltools.gnu-tools-for-stm32.14.3.rel1.linux64_1.0.100.202602081740/tools/bin/../lib/gcc/arm-none-eabi/14.3.1/../../../../arm-none-eabi/lib/thumb/v7e-m+dp/hard/crt0.o
LOAD ./Application/Startup/startup_stm32h743vitx.o
LOAD ./Application/User/dcmi.o
LOAD ./Application/User/dma.o
LOAD ./Application/User/gpio.o
LOAD ./Application/User/i2c.o
LOAD ./Application/User/main.o
LOAD ./Application/User/spi.o
LOAD ./Application/User/stm32h7xx_hal_msp.o
LOAD ./Application/User/stm32h7xx_it.o
LOAD ./Application/User/syscalls.o
LOAD ./Application/User/sysmem.o
LOAD ./Application/User/tim.o
LOAD ./Application/User/usb_device.o
LOAD ./Application/User/usb_otg.o
LOAD ./Application/User/usbd_cdc.o
LOAD ./Application/User/usbd_cdc_if.o
LOAD ./Application/User/usbd_conf.o
LOAD ./Application/User/usbd_core.o
LOAD ./Application/User/usbd_ctlreq.o
LOAD ./Application/User/usbd_desc.o
LOAD ./Application/User/usbd_ioreq.o
LOAD ./BSP/Camera/camera.o
LOAD ./BSP/Camera/ov2640.o
LOAD ./BSP/Camera/ov2640_regs.o
LOAD ./BSP/Camera/ov5640.o
LOAD ./BSP/Camera/ov5640_regs.o
LOAD ./BSP/Camera/ov7670.o
LOAD ./BSP/Camera/ov7670_regs.o
LOAD ./BSP/Camera/ov7725.o
LOAD ./BSP/Camera/ov7725_regs.o
LOAD ./BSP/ST7789/lcd.o
LOAD ./BSP/ST7789/st7789.o
LOAD ./CUTE/cute_bridge.o
LOAD ./CUTE/cute_model_manager.o
LOAD ./CUTE/cute_postprocess.o
LOAD ./CUTE/cute_runner.o
LOAD ./Drivers/CMSIS/system_stm32h7xx.o
LOAD ./Drivers/STM32H7xx_HAL_Driver/stm32h7xx_hal.o
LOAD ./Drivers/STM32H7xx_HAL_Driver/stm32h7xx_hal_cortex.o
LOAD ./Drivers/STM32H7xx_HAL_Driver/stm32h7xx_hal_dcmi.o
LOAD ./Drivers/STM32H7xx_HAL_Driver/stm32h7xx_hal_dma.o
LOAD ./Drivers/STM32H7xx_HAL_Driver/stm32h7xx_hal_dma_ex.o
LOAD ./Drivers/STM32H7xx_HAL_Driver/stm32h7xx_hal_exti.o
LOAD ./Drivers/STM32H7xx_HAL_Driver/stm32h7xx_hal_flash.o
LOAD ./Drivers/STM32H7xx_HAL_Driver/stm32h7xx_hal_flash_ex.o
LOAD ./Drivers/STM32H7xx_HAL_Driver/stm32h7xx_hal_gpio.o
LOAD ./Drivers/STM32H7xx_HAL_Driver/stm32h7xx_hal_hsem.o
LOAD ./Drivers/STM32H7xx_HAL_Driver/stm32h7xx_hal_i2c.o
LOAD ./Drivers/STM32H7xx_HAL_Driver/stm32h7xx_hal_i2c_ex.o
LOAD ./Drivers/STM32H7xx_HAL_Driver/stm32h7xx_hal_mdma.o
LOAD ./Drivers/STM32H7xx_HAL_Driver/stm32h7xx_hal_pcd.o
LOAD ./Drivers/STM32H7xx_HAL_Driver/stm32h7xx_hal_pcd_ex.o
LOAD ./Drivers/STM32H7xx_HAL_Driver/stm32h7xx_hal_pwr.o
LOAD ./Drivers/STM32H7xx_HAL_Driver/stm32h7xx_hal_pwr_ex.o
LOAD ./Drivers/STM32H7xx_HAL_Driver/stm32h7xx_hal_rcc.o
LOAD ./Drivers/STM32H7xx_HAL_Driver/stm32h7xx_hal_rcc_ex.o
LOAD ./Drivers/STM32H7xx_HAL_Driver/stm32h7xx_hal_spi.o
LOAD ./Drivers/STM32H7xx_HAL_Driver/stm32h7xx_hal_spi_ex.o
LOAD ./Drivers/STM32H7xx_HAL_Driver/stm32h7xx_hal_tim.o
LOAD ./Drivers/STM32H7xx_HAL_Driver/stm32h7xx_hal_tim_ex.o
LOAD ./Drivers/STM32H7xx_HAL_Driver/stm32h7xx_ll_usb.o
LOAD ./Noodle/src/noodle_buffer.o
LOAD ./Noodle/src/noodle_conv.o
LOAD ./Noodle/src/noodle_dw.o
LOAD ./Noodle/src/noodle_fcn.o
LOAD ./Noodle/src/noodle_globals.o
LOAD ./Noodle/src/noodle_int8_api.o
LOAD ./Noodle/src/noodle_int8_layers.o
LOAD ./Noodle/src/noodle_int8_math.o
LOAD ./Noodle/src/noodle_internal.o
LOAD ./Noodle/src/noodle_io.o
LOAD ./Noodle/src/noodle_math.o
LOAD ./Noodle/src/noodle_memory.o
LOAD ./Noodle/src/noodle_shape.o
LOAD ./Noodle/src/noodle_tensor.o
LOAD ./mtk3_bsp2/mtkernel/device/adc/adc.o
LOAD ./mtk3_bsp2/mtkernel/device/adc/sysdepend/rx231/adc_rx231.o
LOAD ./mtk3_bsp2/mtkernel/device/adc/sysdepend/rx65n/adc_rx65n.o
LOAD ./mtk3_bsp2/mtkernel/device/adc/sysdepend/rza2m/adc_rza2m.o
LOAD ./mtk3_bsp2/mtkernel/device/adc/sysdepend/stm32h7/adc_stm32h7.o
LOAD ./mtk3_bsp2/mtkernel/device/adc/sysdepend/stm32l4/adc_stm32l4.o
LOAD ./mtk3_bsp2/mtkernel/device/adc/sysdepend/tx03_m367/adc_m367.o
LOAD ./mtk3_bsp2/mtkernel/device/common/drvif/msdrvif.o
LOAD ./mtk3_bsp2/mtkernel/device/i2c/i2c.o
LOAD ./mtk3_bsp2/mtkernel/device/i2c/sysdepend/rx231/i2c_rx231.o
LOAD ./mtk3_bsp2/mtkernel/device/i2c/sysdepend/rx65n/i2c_rx65n.o
LOAD ./mtk3_bsp2/mtkernel/device/i2c/sysdepend/rza2m/i2c_rza2m.o
LOAD ./mtk3_bsp2/mtkernel/device/i2c/sysdepend/stm32h7/i2c_stm32h7.o
LOAD ./mtk3_bsp2/mtkernel/device/i2c/sysdepend/stm32l4/i2c_stm32l4.o
LOAD ./mtk3_bsp2/mtkernel/device/i2c/sysdepend/tx03_m367/i2c_m367.o
LOAD ./mtk3_bsp2/mtkernel/device/ser/ser.o
LOAD ./mtk3_bsp2/mtkernel/device/ser/sysdepend/rx231/ser_rx231.o
LOAD ./mtk3_bsp2/mtkernel/device/ser/sysdepend/rx65n/ser_rx65n.o
LOAD ./mtk3_bsp2/mtkernel/device/ser/sysdepend/rza2m/ser_rza2m.o
LOAD ./mtk3_bsp2/mtkernel/device/ser/sysdepend/stm32h7/ser_stm32h7.o
LOAD ./mtk3_bsp2/mtkernel/device/ser/sysdepend/stm32l4/ser_stm32l4.o
LOAD ./mtk3_bsp2/mtkernel/device/ser/sysdepend/tx03_m367/ser_m367.o
LOAD ./mtk3_bsp2/mtkernel/kernel/inittask/inittask.o
LOAD ./mtk3_bsp2/mtkernel/kernel/sysdepend/cpu/core/armv7a/cpu_cntl.o
LOAD ./mtk3_bsp2/mtkernel/kernel/sysdepend/cpu/core/armv7a/dispatch.o
LOAD ./mtk3_bsp2/mtkernel/kernel/sysdepend/cpu/core/armv7a/exc_entry.o
LOAD ./mtk3_bsp2/mtkernel/kernel/sysdepend/cpu/core/armv7a/exc_hdl.o
LOAD ./mtk3_bsp2/mtkernel/kernel/sysdepend/cpu/core/armv7a/int_asm.o
LOAD ./mtk3_bsp2/mtkernel/kernel/sysdepend/cpu/core/armv7a/interrupt.o
LOAD ./mtk3_bsp2/mtkernel/kernel/sysdepend/cpu/core/armv7a/reset_hdl.o
LOAD ./mtk3_bsp2/mtkernel/kernel/sysdepend/cpu/core/armv7a/reset_main.o
LOAD ./mtk3_bsp2/mtkernel/kernel/sysdepend/cpu/core/armv7a/vector_tbl.o
LOAD ./mtk3_bsp2/mtkernel/kernel/sysdepend/cpu/core/armv7m/cpu_cntl.o
LOAD ./mtk3_bsp2/mtkernel/kernel/sysdepend/cpu/core/armv7m/dispatch.o
LOAD ./mtk3_bsp2/mtkernel/kernel/sysdepend/cpu/core/armv7m/exc_hdr.o
LOAD ./mtk3_bsp2/mtkernel/kernel/sysdepend/cpu/core/armv7m/interrupt.o
LOAD ./mtk3_bsp2/mtkernel/kernel/sysdepend/cpu/core/armv7m/reset_hdl.o
LOAD ./mtk3_bsp2/mtkernel/kernel/sysdepend/cpu/core/rxv2/cpu_cntl.o
LOAD ./mtk3_bsp2/mtkernel/kernel/sysdepend/cpu/core/rxv2/dispatch.o
LOAD ./mtk3_bsp2/mtkernel/kernel/sysdepend/cpu/core/rxv2/exc_hdr.o
LOAD ./mtk3_bsp2/mtkernel/kernel/sysdepend/cpu/core/rxv2/int_asm.o
LOAD ./mtk3_bsp2/mtkernel/kernel/sysdepend/cpu/core/rxv2/interrupt.o
LOAD ./mtk3_bsp2/mtkernel/kernel/sysdepend/cpu/core/rxv2/reset_hdl.o
LOAD ./mtk3_bsp2/mtkernel/kernel/sysdepend/cpu/core/rxv2/reset_main.o
LOAD ./mtk3_bsp2/mtkernel/kernel/sysdepend/cpu/core/rxv2/vector_tbl.o
LOAD ./mtk3_bsp2/mtkernel/kernel/sysdepend/cpu/rx231/hllint_ent.o
LOAD ./mtk3_bsp2/mtkernel/kernel/sysdepend/cpu/rx231/hllint_tbl.o
LOAD ./mtk3_bsp2/mtkernel/kernel/sysdepend/cpu/rx231/intvect_tbl.o
LOAD ./mtk3_bsp2/mtkernel/kernel/sysdepend/cpu/rx65n/group_int.o
LOAD ./mtk3_bsp2/mtkernel/kernel/sysdepend/cpu/rx65n/hllint_ent.o
LOAD ./mtk3_bsp2/mtkernel/kernel/sysdepend/cpu/rx65n/hllint_tbl.o
LOAD ./mtk3_bsp2/mtkernel/kernel/sysdepend/cpu/rx65n/intvect_tbl.o
LOAD ./mtk3_bsp2/mtkernel/kernel/sysdepend/cpu/rza2m/sf_boot.o
LOAD ./mtk3_bsp2/mtkernel/kernel/sysdepend/cpu/rza2m/ttb_ini.o
LOAD ./mtk3_bsp2/mtkernel/kernel/sysdepend/cpu/stm32h7/vector_tbl.o
LOAD ./mtk3_bsp2/mtkernel/kernel/sysdepend/cpu/stm32l4/vector_tbl.o
LOAD ./mtk3_bsp2/mtkernel/kernel/sysdepend/cpu/tx03_m367/vector_tbl.o
LOAD ./mtk3_bsp2/mtkernel/kernel/sysdepend/iote_m367/cpu_clock.o
LOAD ./mtk3_bsp2/mtkernel/kernel/sysdepend/iote_m367/devinit.o
LOAD ./mtk3_bsp2/mtkernel/kernel/sysdepend/iote_m367/hw_setting.o
LOAD ./mtk3_bsp2/mtkernel/kernel/sysdepend/iote_m367/power_save.o
LOAD ./mtk3_bsp2/mtkernel/kernel/sysdepend/iote_rx231/cpu_clock.o
LOAD ./mtk3_bsp2/mtkernel/kernel/sysdepend/iote_rx231/devinit.o
LOAD ./mtk3_bsp2/mtkernel/kernel/sysdepend/iote_rx231/hw_setting.o
LOAD ./mtk3_bsp2/mtkernel/kernel/sysdepend/iote_rx231/power_save.o
LOAD ./mtk3_bsp2/mtkernel/kernel/sysdepend/iote_rza2m/cpu_clock.o
LOAD ./mtk3_bsp2/mtkernel/kernel/sysdepend/iote_rza2m/devinit.o
LOAD ./mtk3_bsp2/mtkernel/kernel/sysdepend/iote_rza2m/hw_setting.o
LOAD ./mtk3_bsp2/mtkernel/kernel/sysdepend/iote_rza2m/power_save.o
LOAD ./mtk3_bsp2/mtkernel/kernel/sysdepend/iote_stm32l4/cpu_clock.o
LOAD ./mtk3_bsp2/mtkernel/kernel/sysdepend/iote_stm32l4/devinit.o
LOAD ./mtk3_bsp2/mtkernel/kernel/sysdepend/iote_stm32l4/hw_setting.o
LOAD ./mtk3_bsp2/mtkernel/kernel/sysdepend/iote_stm32l4/power_save.o
LOAD ./mtk3_bsp2/mtkernel/kernel/sysinit/sysinit.o
LOAD ./mtk3_bsp2/mtkernel/kernel/tkernel/cpuctl.o
LOAD ./mtk3_bsp2/mtkernel/kernel/tkernel/device.o
LOAD ./mtk3_bsp2/mtkernel/kernel/tkernel/deviceio.o
LOAD ./mtk3_bsp2/mtkernel/kernel/tkernel/eventflag.o
LOAD ./mtk3_bsp2/mtkernel/kernel/tkernel/int.o
LOAD ./mtk3_bsp2/mtkernel/kernel/tkernel/klock.o
LOAD ./mtk3_bsp2/mtkernel/kernel/tkernel/mailbox.o
LOAD ./mtk3_bsp2/mtkernel/kernel/tkernel/memory.o
LOAD ./mtk3_bsp2/mtkernel/kernel/tkernel/mempfix.o
LOAD ./mtk3_bsp2/mtkernel/kernel/tkernel/mempool.o
LOAD ./mtk3_bsp2/mtkernel/kernel/tkernel/messagebuf.o
LOAD ./mtk3_bsp2/mtkernel/kernel/tkernel/misc_calls.o
LOAD ./mtk3_bsp2/mtkernel/kernel/tkernel/mutex.o
LOAD ./mtk3_bsp2/mtkernel/kernel/tkernel/objname.o
LOAD ./mtk3_bsp2/mtkernel/kernel/tkernel/power.o
LOAD ./mtk3_bsp2/mtkernel/kernel/tkernel/rendezvous.o
LOAD ./mtk3_bsp2/mtkernel/kernel/tkernel/semaphore.o
LOAD ./mtk3_bsp2/mtkernel/kernel/tkernel/task.o
LOAD ./mtk3_bsp2/mtkernel/kernel/tkernel/task_manage.o
LOAD ./mtk3_bsp2/mtkernel/kernel/tkernel/task_sync.o
LOAD ./mtk3_bsp2/mtkernel/kernel/tkernel/time_calls.o
LOAD ./mtk3_bsp2/mtkernel/kernel/tkernel/timer.o
LOAD ./mtk3_bsp2/mtkernel/kernel/tkernel/tkinit.o
LOAD ./mtk3_bsp2/mtkernel/kernel/tkernel/wait.o
LOAD ./mtk3_bsp2/mtkernel/kernel/tstdlib/bitop.o
LOAD ./mtk3_bsp2/mtkernel/kernel/tstdlib/string.o
LOAD ./mtk3_bsp2/mtkernel/kernel/usermain/usermain.o
LOAD ./mtk3_bsp2/mtkernel/lib/libtk/fastlock.o
LOAD ./mtk3_bsp2/mtkernel/lib/libtk/fastmlock.o
LOAD ./mtk3_bsp2/mtkernel/lib/libtk/kmalloc.o
LOAD ./mtk3_bsp2/mtkernel/lib/libtk/sysdepend/cpu/core/armv7a/int_armv7a.o
LOAD ./mtk3_bsp2/mtkernel/lib/libtk/sysdepend/cpu/core/armv7a/wusec_armv7a.o
LOAD ./mtk3_bsp2/mtkernel/lib/libtk/sysdepend/cpu/core/armv7m/int_armv7m.o
LOAD ./mtk3_bsp2/mtkernel/lib/libtk/sysdepend/cpu/core/armv7m/wusec_armv7m.o
LOAD ./mtk3_bsp2/mtkernel/lib/libtk/sysdepend/cpu/core/rxv2/int_rxv2.o
LOAD ./mtk3_bsp2/mtkernel/lib/libtk/sysdepend/cpu/core/rxv2/wusec_rvx2.o
LOAD ./mtk3_bsp2/mtkernel/lib/libtk/sysdepend/cpu/rx231/int_rx231.o
LOAD ./mtk3_bsp2/mtkernel/lib/libtk/sysdepend/cpu/rx231/ipr_rx231.o
LOAD ./mtk3_bsp2/mtkernel/lib/libtk/sysdepend/cpu/rx231/ptimer_rx231.o
LOAD ./mtk3_bsp2/mtkernel/lib/libtk/sysdepend/cpu/rx65n/int_rx65n.o
LOAD ./mtk3_bsp2/mtkernel/lib/libtk/sysdepend/cpu/rx65n/ipr_rx65n.o
LOAD ./mtk3_bsp2/mtkernel/lib/libtk/sysdepend/cpu/rx65n/ptimer_rx65n.o
LOAD ./mtk3_bsp2/mtkernel/lib/libtk/sysdepend/cpu/rza2m/ptimer_rza2m.o
LOAD ./mtk3_bsp2/mtkernel/lib/libtk/sysdepend/cpu/stm32h7/int_stm32h7.o
LOAD ./mtk3_bsp2/mtkernel/lib/libtk/sysdepend/cpu/stm32h7/ptimer_stm32h7.o
LOAD ./mtk3_bsp2/mtkernel/lib/libtk/sysdepend/cpu/stm32l4/int_stm32l4.o
LOAD ./mtk3_bsp2/mtkernel/lib/libtk/sysdepend/cpu/stm32l4/ptimer_stm32l4.o
LOAD ./mtk3_bsp2/mtkernel/lib/libtk/sysdepend/cpu/tx03_m367/int_m367.o
LOAD ./mtk3_bsp2/mtkernel/lib/libtk/sysdepend/cpu/tx03_m367/ptimer_m367.o
LOAD ./mtk3_bsp2/mtkernel/lib/libtm/libtm.o
LOAD ./mtk3_bsp2/mtkernel/lib/libtm/libtm_printf.o
LOAD ./mtk3_bsp2/mtkernel/lib/libtm/sysdepend/iote_m367/tm_com.o
LOAD ./mtk3_bsp2/mtkernel/lib/libtm/sysdepend/iote_rx231/tm_com.o
LOAD ./mtk3_bsp2/mtkernel/lib/libtm/sysdepend/iote_rza2m/tm_com.o
LOAD ./mtk3_bsp2/mtkernel/lib/libtm/sysdepend/iote_stm32l4/tm_com.o
LOAD ./mtk3_bsp2/mtkernel/lib/libtm/sysdepend/no_device/tm_com.o
LOAD ./mtk3_bsp2/sysdepend/nxp_mcux/cpu/core/armv8m/cpu_cntl.o
LOAD ./mtk3_bsp2/sysdepend/nxp_mcux/cpu/core/armv8m/dispatch.o
LOAD ./mtk3_bsp2/sysdepend/nxp_mcux/cpu/core/armv8m/interrupt.o
LOAD ./mtk3_bsp2/sysdepend/nxp_mcux/cpu/core/armv8m/sys_start.o
LOAD ./mtk3_bsp2/sysdepend/nxp_mcux/device/hal_adc/hal_adc.o
LOAD ./mtk3_bsp2/sysdepend/nxp_mcux/device/hal_lpi2c/hal_lpi2c.o
LOAD ./mtk3_bsp2/sysdepend/nxp_mcux/devinit.o
LOAD ./mtk3_bsp2/sysdepend/nxp_mcux/hw_setting.o
LOAD ./mtk3_bsp2/sysdepend/nxp_mcux/power_save.o
LOAD ./mtk3_bsp2/sysdepend/nxp_mcux/lib/libtk/cpu/core/armv8m/int_armv8m.o
LOAD ./mtk3_bsp2/sysdepend/nxp_mcux/lib/libtk/cpu/core/armv8m/wusec_armv8m.o
LOAD ./mtk3_bsp2/sysdepend/nxp_mcux/lib/libtm/evk_lpc55s69/tm_com.o
LOAD ./mtk3_bsp2/sysdepend/nxp_mcux/lib/libtm/frdm_mcxn947/tm_com.o
LOAD ./mtk3_bsp2/sysdepend/stm32_cube/cpu/core/armv7m/cpu_cntl.o
LOAD ./mtk3_bsp2/sysdepend/stm32_cube/cpu/core/armv7m/dispatch.o
LOAD ./mtk3_bsp2/sysdepend/stm32_cube/cpu/core/armv7m/interrupt.o
LOAD ./mtk3_bsp2/sysdepend/stm32_cube/cpu/core/armv7m/sys_start.o
LOAD ./mtk3_bsp2/sysdepend/stm32_cube/cpu/core/armv8m/cpu_cntl.o
LOAD ./mtk3_bsp2/sysdepend/stm32_cube/cpu/core/armv8m/dispatch.o
LOAD ./mtk3_bsp2/sysdepend/stm32_cube/cpu/core/armv8m/exc_hdr.o
LOAD ./mtk3_bsp2/sysdepend/stm32_cube/cpu/core/armv8m/interrupt.o
LOAD ./mtk3_bsp2/sysdepend/stm32_cube/cpu/core/armv8m/sys_start.o
LOAD ./mtk3_bsp2/sysdepend/stm32_cube/device/hal_adc/hal_adc.o
LOAD ./mtk3_bsp2/sysdepend/stm32_cube/device/hal_adc/sysdepend/hal_adc_stm32f4.o
LOAD ./mtk3_bsp2/sysdepend/stm32_cube/device/hal_adc/sysdepend/hal_adc_stm32f7.o
LOAD ./mtk3_bsp2/sysdepend/stm32_cube/device/hal_adc/sysdepend/hal_adc_stm32g4.o
LOAD ./mtk3_bsp2/sysdepend/stm32_cube/device/hal_adc/sysdepend/hal_adc_stm32h5.o
LOAD ./mtk3_bsp2/sysdepend/stm32_cube/device/hal_adc/sysdepend/hal_adc_stm32h7.o
LOAD ./mtk3_bsp2/sysdepend/stm32_cube/device/hal_adc/sysdepend/hal_adc_stm32l4.o
LOAD ./mtk3_bsp2/sysdepend/stm32_cube/device/hal_adc/sysdepend/hal_adc_stm32n6.o
LOAD ./mtk3_bsp2/sysdepend/stm32_cube/device/hal_i2c/hal_i2c.o
LOAD ./mtk3_bsp2/sysdepend/stm32_cube/devinit.o
LOAD ./mtk3_bsp2/sysdepend/stm32_cube/hw_setting.o
LOAD ./mtk3_bsp2/sysdepend/stm32_cube/power_save.o
LOAD ./mtk3_bsp2/sysdepend/stm32_cube/lib/libtk/cpu/core/armv7m/int_armv7m.o
LOAD ./mtk3_bsp2/sysdepend/stm32_cube/lib/libtk/cpu/core/armv7m/wusec_armv7m.o
LOAD ./mtk3_bsp2/sysdepend/stm32_cube/lib/libtk/cpu/core/armv8m/int_armv8m.o
LOAD ./mtk3_bsp2/sysdepend/stm32_cube/lib/libtk/cpu/core/armv8m/wusec_armv8m.o
LOAD ./mtk3_bsp2/sysdepend/stm32_cube/lib/libtk/cpu/stm32f4/int_stm32f4.o
LOAD ./mtk3_bsp2/sysdepend/stm32_cube/lib/libtk/cpu/stm32f4/ptimer_stm32f4.o
LOAD ./mtk3_bsp2/sysdepend/stm32_cube/lib/libtk/cpu/stm32f7/int_stm32f7.o
LOAD ./mtk3_bsp2/sysdepend/stm32_cube/lib/libtk/cpu/stm32f7/ptimer_stm32f7.o
LOAD ./mtk3_bsp2/sysdepend/stm32_cube/lib/libtk/cpu/stm32g4/int_stm32g4.o
LOAD ./mtk3_bsp2/sysdepend/stm32_cube/lib/libtk/cpu/stm32g4/ptimer_stm32g4.o
LOAD ./mtk3_bsp2/sysdepend/stm32_cube/lib/libtk/cpu/stm32h5/int_stm32h5.o
LOAD ./mtk3_bsp2/sysdepend/stm32_cube/lib/libtk/cpu/stm32h5/ptimer_stm32h5.o
LOAD ./mtk3_bsp2/sysdepend/stm32_cube/lib/libtk/cpu/stm32h7/int_stm32h7.o
LOAD ./mtk3_bsp2/sysdepend/stm32_cube/lib/libtk/cpu/stm32h7/ptimer_stm32h7.o
LOAD ./mtk3_bsp2/sysdepend/stm32_cube/lib/libtk/cpu/stm32l4/int_stm32l4.o
LOAD ./mtk3_bsp2/sysdepend/stm32_cube/lib/libtk/cpu/stm32l4/ptimer_stm32l4.o
LOAD ./mtk3_bsp2/sysdepend/stm32_cube/lib/libtk/cpu/stm32n6/int_stm32n6.o
LOAD ./mtk3_bsp2/sysdepend/stm32_cube/lib/libtk/cpu/stm32n6/ptimer_stm32n6.o
LOAD ./mtk3_bsp2/sysdepend/stm32_cube/lib/libtk/ptimer_stm32.o
LOAD ./mtk3_bsp2/sysdepend/stm32_cube/lib/libtm/discovery_stm32n657/tm_com.o
LOAD ./mtk3_bsp2/sysdepend/stm32_cube/lib/libtm/nucleo_stm32f401/tm_com.o
LOAD ./mtk3_bsp2/sysdepend/stm32_cube/lib/libtm/nucleo_stm32f411/tm_com.o
LOAD ./mtk3_bsp2/sysdepend/stm32_cube/lib/libtm/nucleo_stm32f446/tm_com.o
LOAD ./mtk3_bsp2/sysdepend/stm32_cube/lib/libtm/nucleo_stm32f767/tm_com.o
LOAD ./mtk3_bsp2/sysdepend/stm32_cube/lib/libtm/nucleo_stm32g431/tm_com.o
LOAD ./mtk3_bsp2/sysdepend/stm32_cube/lib/libtm/nucleo_stm32g491/tm_com.o
LOAD ./mtk3_bsp2/sysdepend/stm32_cube/lib/libtm/nucleo_stm32h533/tm_com.o
LOAD ./mtk3_bsp2/sysdepend/stm32_cube/lib/libtm/nucleo_stm32h723/tm_com.o
LOAD ./mtk3_bsp2/sysdepend/stm32_cube/lib/libtm/nucleo_stm32l476/tm_com.o
LOAD ./mtk3_bsp2/sysdepend/stm32_cube/lib/libtm/nucleo_stm32l4r5/tm_com.o
LOAD ./mtk_src/usermain.o
START GROUP
LOAD /opt/st/stm32cubeide_2.1.1/plugins/com.st.stm32cube.ide.mcu.externaltools.gnu-tools-for-stm32.14.3.rel1.linux64_1.0.100.202602081740/tools/bin/../lib/gcc/arm-none-eabi/14.3.1/../../../../arm-none-eabi/lib/thumb/v7e-m+dp/hard/libstdc++_nano.a
LOAD /opt/st/stm32cubeide_2.1.1/plugins/com.st.stm32cube.ide.mcu.externaltools.gnu-tools-for-stm32.14.3.rel1.linux64_1.0.100.202602081740/tools/bin/../lib/gcc/arm-none-eabi/14.3.1/../../../../arm-none-eabi/lib/thumb/v7e-m+dp/hard/libsupc++_nano.a
END GROUP
LOAD /opt/st/stm32cubeide_2.1.1/plugins/com.st.stm32cube.ide.mcu.externaltools.gnu-tools-for-stm32.14.3.rel1.linux64_1.0.100.202602081740/tools/bin/../lib/gcc/arm-none-eabi/14.3.1/../../../../arm-none-eabi/lib/thumb/v7e-m+dp/hard/libstdc++_nano.a
LOAD /opt/st/stm32cubeide_2.1.1/plugins/com.st.stm32cube.ide.mcu.externaltools.gnu-tools-for-stm32.14.3.rel1.linux64_1.0.100.202602081740/tools/bin/../lib/gcc/arm-none-eabi/14.3.1/../../../../arm-none-eabi/lib/thumb/v7e-m+dp/hard/libm.a
LOAD /opt/st/stm32cubeide_2.1.1/plugins/com.st.stm32cube.ide.mcu.externaltools.gnu-tools-for-stm32.14.3.rel1.linux64_1.0.100.202602081740/tools/bin/../lib/gcc/arm-none-eabi/14.3.1/../../../../arm-none-eabi/lib/thumb/v7e-m+dp/hard/libc_nano.a
START GROUP
LOAD /opt/st/stm32cubeide_2.1.1/plugins/com.st.stm32cube.ide.mcu.externaltools.gnu-tools-for-stm32.14.3.rel1.linux64_1.0.100.202602081740/tools/bin/../lib/gcc/arm-none-eabi/14.3.1/thumb/v7e-m+dp/hard/libgcc.a
LOAD /opt/st/stm32cubeide_2.1.1/plugins/com.st.stm32cube.ide.mcu.externaltools.gnu-tools-for-stm32.14.3.rel1.linux64_1.0.100.202602081740/tools/bin/../lib/gcc/arm-none-eabi/14.3.1/../../../../arm-none-eabi/lib/thumb/v7e-m+dp/hard/libc_nano.a
END GROUP
START GROUP
LOAD /opt/st/stm32cubeide_2.1.1/plugins/com.st.stm32cube.ide.mcu.externaltools.gnu-tools-for-stm32.14.3.rel1.linux64_1.0.100.202602081740/tools/bin/../lib/gcc/arm-none-eabi/14.3.1/thumb/v7e-m+dp/hard/libgcc.a
LOAD /opt/st/stm32cubeide_2.1.1/plugins/com.st.stm32cube.ide.mcu.externaltools.gnu-tools-for-stm32.14.3.rel1.linux64_1.0.100.202602081740/tools/bin/../lib/gcc/arm-none-eabi/14.3.1/../../../../arm-none-eabi/lib/thumb/v7e-m+dp/hard/libc_nano.a
END GROUP
LOAD /opt/st/stm32cubeide_2.1.1/plugins/com.st.stm32cube.ide.mcu.externaltools.gnu-tools-for-stm32.14.3.rel1.linux64_1.0.100.202602081740/tools/bin/../lib/gcc/arm-none-eabi/14.3.1/thumb/v7e-m+dp/hard/crtend.o
LOAD /opt/st/stm32cubeide_2.1.1/plugins/com.st.stm32cube.ide.mcu.externaltools.gnu-tools-for-stm32.14.3.rel1.linux64_1.0.100.202602081740/tools/bin/../lib/gcc/arm-none-eabi/14.3.1/thumb/v7e-m+dp/hard/crtn.o
                0x24080000                        _estack = (ORIGIN (RAM_D1) + LENGTH (RAM_D1))
                0x00000200                        _Min_Heap_Size = 0x200
                0x00000400                        _Min_Stack_Size = 0x400
                0x081e0000                        __cute_start__ = ORIGIN (CUTE)
                0x08200000                        __cute_end__ = (ORIGIN (CUTE) + LENGTH (CUTE))

.isr_vector     0x08000000      0x298
                0x08000000                        . = ALIGN (0x4)
 *(.isr_vector)
 .isr_vector    0x08000000      0x298 ./Application/Startup/startup_stm32h743vitx.o
                0x08000000                g_pfnVectors
                0x08000298                        . = ALIGN (0x4)

.text           0x080002a0    0x1376c
                0x080002a0                        . = ALIGN (0x4)
 *(.text)
 .text          0x080002a0       0x40 /opt/st/stm32cubeide_2.1.1/plugins/com.st.stm32cube.ide.mcu.externaltools.gnu-tools-for-stm32.14.3.rel1.linux64_1.0.100.202602081740/tools/bin/../lib/gcc/arm-none-eabi/14.3.1/thumb/v7e-m+dp/hard/crtbegin.o
 .text          0x080002e0       0xb8 ./mtk3_bsp2/sysdepend/stm32_cube/cpu/core/armv7m/dispatch.o
                0x080002e0                knl_dispatch_entry
 .text          0x08000398       0x14 /opt/st/stm32cubeide_2.1.1/plugins/com.st.stm32cube.ide.mcu.externaltools.gnu-tools-for-stm32.14.3.rel1.linux64_1.0.100.202602081740/tools/bin/../lib/gcc/arm-none-eabi/14.3.1/../../../../arm-none-eabi/lib/thumb/v7e-m+dp/hard/libc_nano.a(libc_a-strcmp.o)
                0x08000398                strcmp
 .text          0x080003ac       0x10 /opt/st/stm32cubeide_2.1.1/plugins/com.st.stm32cube.ide.mcu.externaltools.gnu-tools-for-stm32.14.3.rel1.linux64_1.0.100.202602081740/tools/bin/../lib/gcc/arm-none-eabi/14.3.1/../../../../arm-none-eabi/lib/thumb/v7e-m+dp/hard/libc_nano.a(libc_a-strlen.o)
                0x080003ac                strlen
 *fill*         0x080003bc        0x4 
 .text          0x080003c0       0xa0 /opt/st/stm32cubeide_2.1.1/plugins/com.st.stm32cube.ide.mcu.externaltools.gnu-tools-for-stm32.14.3.rel1.linux64_1.0.100.202602081740/tools/bin/../lib/gcc/arm-none-eabi/14.3.1/../../../../arm-none-eabi/lib/thumb/v7e-m+dp/hard/libc_nano.a(libc_a-memchr.o)
                0x080003c0                memchr
 .text          0x08000460       0x30 /opt/st/stm32cubeide_2.1.1/plugins/com.st.stm32cube.ide.mcu.externaltools.gnu-tools-for-stm32.14.3.rel1.linux64_1.0.100.202602081740/tools/bin/../lib/gcc/arm-none-eabi/14.3.1/thumb/v7e-m+dp/hard/libgcc.a(_aeabi_uldivmod.o)
                0x08000460                __aeabi_uldivmod
 .text          0x08000490      0x2f8 /opt/st/stm32cubeide_2.1.1/plugins/com.st.stm32cube.ide.mcu.externaltools.gnu-tools-for-stm32.14.3.rel1.linux64_1.0.100.202602081740/tools/bin/../lib/gcc/arm-none-eabi/14.3.1/thumb/v7e-m+dp/hard/libgcc.a(_udivmoddi4.o)
                0x08000490                __udivmoddi4
 .text          0x08000788        0x4 /opt/st/stm32cubeide_2.1.1/plugins/com.st.stm32cube.ide.mcu.externaltools.gnu-tools-for-stm32.14.3.rel1.linux64_1.0.100.202602081740/tools/bin/../lib/gcc/arm-none-eabi/14.3.1/thumb/v7e-m+dp/hard/libgcc.a(_dvmd_tls.o)
                0x08000788                __aeabi_ldiv0
                0x08000788                __aeabi_idiv0
 *(.text*)
 .text.Reset_Handler
                0x0800078c       0x50 ./Application/Startup/startup_stm32h743vitx.o
                0x0800078c                Reset_Handler
 .text.Default_Handler
                0x080007dc        0x2 ./Application/Startup/startup_stm32h743vitx.o
                0x080007dc                RTC_Alarm_IRQHandler
                0x080007dc                EXTI2_IRQHandler
                0x080007dc                TIM8_CC_IRQHandler
                0x080007dc                HRTIM1_Master_IRQHandler
                0x080007dc                UART8_IRQHandler
                0x080007dc                SPI4_IRQHandler
                0x080007dc                TIM1_CC_IRQHandler
                0x080007dc                BDMA_Channel6_IRQHandler
                0x080007dc                DMA2_Stream5_IRQHandler
                0x080007dc                HRTIM1_FLT_IRQHandler
                0x080007dc                JPEG_IRQHandler
                0x080007dc                DMA1_Stream5_IRQHandler
                0x080007dc                BDMA_Channel1_IRQHandler
                0x080007dc                HRTIM1_TIMD_IRQHandler
                0x080007dc                TAMP_STAMP_IRQHandler
                0x080007dc                EXTI3_IRQHandler
                0x080007dc                LPTIM4_IRQHandler
                0x080007dc                TIM8_TRG_COM_TIM14_IRQHandler
                0x080007dc                LPTIM2_IRQHandler
                0x080007dc                DFSDM1_FLT1_IRQHandler
                0x080007dc                DMAMUX2_OVR_IRQHandler
                0x080007dc                TIM8_UP_TIM13_IRQHandler
                0x080007dc                I2C3_ER_IRQHandler
                0x080007dc                DFSDM1_FLT2_IRQHandler
                0x080007dc                MDMA_IRQHandler
                0x080007dc                LPTIM3_IRQHandler
                0x080007dc                HSEM1_IRQHandler
                0x080007dc                EXTI0_IRQHandler
                0x080007dc                I2C2_EV_IRQHandler
                0x080007dc                DMA1_Stream2_IRQHandler
                0x080007dc                FPU_IRQHandler
                0x080007dc                OTG_HS_WKUP_IRQHandler
                0x080007dc                FDCAN1_IT1_IRQHandler
                0x080007dc                LTDC_ER_IRQHandler
                0x080007dc                DMA2_Stream2_IRQHandler
                0x080007dc                HRTIM1_TIME_IRQHandler
                0x080007dc                SPI1_IRQHandler
                0x080007dc                TIM6_DAC_IRQHandler
                0x080007dc                HRTIM1_TIMC_IRQHandler
                0x080007dc                DMA2_Stream3_IRQHandler
                0x080007dc                SAI2_IRQHandler
                0x080007dc                DFSDM1_FLT3_IRQHandler
                0x080007dc                USART6_IRQHandler
                0x080007dc                TIM17_IRQHandler
                0x080007dc                USART3_IRQHandler
                0x080007dc                BDMA_Channel7_IRQHandler
                0x080007dc                LPTIM5_IRQHandler
                0x080007dc                UART5_IRQHandler
                0x080007dc                ADC3_IRQHandler
                0x080007dc                DMA2_Stream0_IRQHandler
                0x080007dc                TIM4_IRQHandler
                0x080007dc                BDMA_Channel2_IRQHandler
                0x080007dc                QUADSPI_IRQHandler
                0x080007dc                I2C1_EV_IRQHandler
                0x080007dc                DMA1_Stream6_IRQHandler
                0x080007dc                DMAMUX1_OVR_IRQHandler
                0x080007dc                DMA1_Stream1_IRQHandler
                0x080007dc                UART4_IRQHandler
                0x080007dc                BDMA_Channel5_IRQHandler
                0x080007dc                TIM3_IRQHandler
                0x080007dc                RCC_IRQHandler
                0x080007dc                TIM8_BRK_TIM12_IRQHandler
                0x080007dc                TIM1_TRG_COM_IRQHandler
                0x080007dc                Default_Handler
                0x080007dc                ECC_IRQHandler
                0x080007dc                CEC_IRQHandler
                0x080007dc                EXTI15_10_IRQHandler
                0x080007dc                BDMA_Channel0_IRQHandler
                0x080007dc                ADC_IRQHandler
                0x080007dc                DMA1_Stream7_IRQHandler
                0x080007dc                HRTIM1_TIMA_IRQHandler
                0x080007dc                SPI5_IRQHandler
                0x080007dc                TIM7_IRQHandler
                0x080007dc                SDMMC1_IRQHandler
                0x080007dc                TIM5_IRQHandler
                0x080007dc                DMA2_Stream7_IRQHandler
                0x080007dc                TIM15_IRQHandler
                0x080007dc                PVD_AVD_IRQHandler
                0x080007dc                I2C3_EV_IRQHandler
                0x080007dc                EXTI9_5_IRQHandler
                0x080007dc                RTC_WKUP_IRQHandler
                0x080007dc                LTDC_IRQHandler
                0x080007dc                SAI3_IRQHandler
                0x080007dc                ETH_WKUP_IRQHandler
                0x080007dc                SPDIF_RX_IRQHandler
                0x080007dc                SPI2_IRQHandler
                0x080007dc                OTG_HS_EP1_IN_IRQHandler
                0x080007dc                CRS_IRQHandler
                0x080007dc                EXTI4_IRQHandler
                0x080007dc                RNG_IRQHandler
                0x080007dc                HRTIM1_TIMB_IRQHandler
                0x080007dc                FDCAN2_IT1_IRQHandler
                0x080007dc                ETH_IRQHandler
                0x080007dc                TIM1_UP_IRQHandler
                0x080007dc                BDMA_Channel4_IRQHandler
                0x080007dc                OTG_HS_EP1_OUT_IRQHandler
                0x080007dc                WWDG_IRQHandler
                0x080007dc                SPI6_IRQHandler
                0x080007dc                MDIOS_IRQHandler
                0x080007dc                I2C4_EV_IRQHandler
                0x080007dc                FDCAN2_IT0_IRQHandler
                0x080007dc                LPUART1_IRQHandler
                0x080007dc                FDCAN1_IT0_IRQHandler
                0x080007dc                TIM2_IRQHandler
                0x080007dc                OTG_FS_WKUP_IRQHandler
                0x080007dc                OTG_HS_IRQHandler
                0x080007dc                DMA2D_IRQHandler
                0x080007dc                TIM1_BRK_IRQHandler
                0x080007dc                EXTI1_IRQHandler
                0x080007dc                SDMMC2_IRQHandler
                0x080007dc                OTG_FS_EP1_OUT_IRQHandler
                0x080007dc                BDMA_Channel3_IRQHandler
                0x080007dc                UART7_IRQHandler
                0x080007dc                MDIOS_WKUP_IRQHandler
                0x080007dc                USART2_IRQHandler
                0x080007dc                DFSDM1_FLT0_IRQHandler
                0x080007dc                SAI4_IRQHandler
                0x080007dc                I2C2_ER_IRQHandler
                0x080007dc                DMA2_Stream1_IRQHandler
                0x080007dc                FLASH_IRQHandler
                0x080007dc                DMA2_Stream4_IRQHandler
                0x080007dc                USART1_IRQHandler
                0x080007dc                SPI3_IRQHandler
                0x080007dc                WAKEUP_PIN_IRQHandler
                0x080007dc                DMA1_Stream4_IRQHandler
                0x080007dc                OTG_FS_EP1_IN_IRQHandler
                0x080007dc                I2C1_ER_IRQHandler
                0x080007dc                FMC_IRQHandler
                0x080007dc                FDCAN_CAL_IRQHandler
                0x080007dc                SWPMI1_IRQHandler
                0x080007dc                COMP1_IRQHandler
                0x080007dc                LPTIM1_IRQHandler
                0x080007dc                I2C4_ER_IRQHandler
                0x080007dc                DMA2_Stream6_IRQHandler
                0x080007dc                SAI1_IRQHandler
                0x080007dc                DMA1_Stream3_IRQHandler
 *fill*         0x080007de        0x2 
 .text.MX_DCMI_Init
                0x080007e0       0x3c ./Application/User/dcmi.o
                0x080007e0                MX_DCMI_Init
 .text.HAL_DCMI_MspInit
                0x0800081c      0x18c ./Application/User/dcmi.o
                0x0800081c                HAL_DCMI_MspInit
 .text.MX_DMA_Init
                0x080009a8       0x38 ./Application/User/dma.o
                0x080009a8                MX_DMA_Init
 .text.MX_GPIO_Init
                0x080009e0      0x184 ./Application/User/gpio.o
                0x080009e0                MX_GPIO_Init
 .text.MX_I2C1_Init
                0x08000b64       0x70 ./Application/User/i2c.o
                0x08000b64                MX_I2C1_Init
 *fill*         0x08000bd4        0x4 
 .text.HAL_I2C_MspInit
                0x08000bd8       0xa4 ./Application/User/i2c.o
                0x08000bd8                HAL_I2C_MspInit
 .text.HAL_I2C_MspDeInit
                0x08000c7c       0x40 ./Application/User/i2c.o
                0x08000c7c                HAL_I2C_MspDeInit
 .text.CUTE_SerialSampleGeneration
                0x08000cbc        0xc ./Application/User/main.o
                0x08000cbc                CUTE_SerialSampleGeneration
 .text.CUTE_SerialSampleAcquire
                0x08000cc8       0x74 ./Application/User/main.o
                0x08000cc8                CUTE_SerialSampleAcquire
 .text.CUTE_SerialSampleRelease
                0x08000d3c       0x10 ./Application/User/main.o
                0x08000d3c                CUTE_SerialSampleRelease
 .text.CUTE_SerialSampleFrameData
                0x08000d4c        0x8 ./Application/User/main.o
                0x08000d4c                CUTE_SerialSampleFrameData
 .text.CUTE_SerialSampleFrameWidth
                0x08000d54        0x4 ./Application/User/main.o
                0x08000d54                CUTE_SerialSampleFrameWidth
 .text.CUTE_SerialSampleFrameHeight
                0x08000d58        0x4 ./Application/User/main.o
                0x08000d58                CUTE_SerialSampleFrameHeight
 .text.CUTE_SerialSampleCropX
                0x08000d5c        0x4 ./Application/User/main.o
                0x08000d5c                CUTE_SerialSampleCropX
 .text.CUTE_SerialSampleCropY
                0x08000d60        0x4 ./Application/User/main.o
                0x08000d60                CUTE_SerialSampleCropY
 .text.CUTE_SerialSampleCropWidth
                0x08000d64        0x4 ./Application/User/main.o
                0x08000d64                CUTE_SerialSampleCropWidth
 .text.CUTE_SerialSampleCropHeight
                0x08000d68        0x4 ./Application/User/main.o
                0x08000d68                CUTE_SerialSampleCropHeight
 .text.CUTE_SerialSampleDetection
                0x08000d6c       0x60 ./Application/User/main.o
                0x08000d6c                CUTE_SerialSampleDetection
 .text.CUTE_SetKernelSync
                0x08000dcc       0x14 ./Application/User/main.o
                0x08000dcc                CUTE_SetKernelSync
 .text.CUTE_InferLoop
                0x08000de0      0x3a4 ./Application/User/main.o
                0x08000de0                CUTE_InferLoop
 .text.CUTE_LCDLoop
                0x08001184      0x634 ./Application/User/main.o
                0x08001184                CUTE_LCDLoop
 .text.CUTE_ControlLoop
                0x080017b8      0x1c0 ./Application/User/main.o
                0x080017b8                CUTE_ControlLoop
 .text.HAL_DCMI_FrameEventCallback
                0x08001978       0x44 ./Application/User/main.o
                0x08001978                HAL_DCMI_FrameEventCallback
 .text.Error_Handler
                0x080019bc       0x28 ./Application/User/main.o
                0x080019bc                Error_Handler
 .text.SystemClock_Config
                0x080019e4       0xe4 ./Application/User/main.o
                0x080019e4                SystemClock_Config
 .text.startup.main
                0x08001ac8      0x184 ./Application/User/main.o
                0x08001ac8                main
 .text.MX_SPI4_Init
                0x08001c4c       0x64 ./Application/User/spi.o
                0x08001c4c                MX_SPI4_Init
 .text.HAL_SPI_MspInit
                0x08001cb0       0xac ./Application/User/spi.o
                0x08001cb0                HAL_SPI_MspInit
 .text.HAL_MspInit
                0x08001d5c       0x24 ./Application/User/stm32h7xx_hal_msp.o
                0x08001d5c                HAL_MspInit
 .text.NMI_Handler
                0x08001d80        0x4 ./Application/User/stm32h7xx_it.o
                0x08001d80                NMI_Handler
 .text.HardFault_Handler
                0x08001d84        0x4 ./Application/User/stm32h7xx_it.o
                0x08001d84                HardFault_Handler
 .text.MemManage_Handler
                0x08001d88        0x4 ./Application/User/stm32h7xx_it.o
                0x08001d88                MemManage_Handler
 .text.BusFault_Handler
                0x08001d8c        0x4 ./Application/User/stm32h7xx_it.o
                0x08001d8c                BusFault_Handler
 .text.UsageFault_Handler
                0x08001d90        0x4 ./Application/User/stm32h7xx_it.o
                0x08001d90                UsageFault_Handler
 .text.SVC_Handler
                0x08001d94        0x4 ./Application/User/stm32h7xx_it.o
                0x08001d94                SVC_Handler
 .text.DebugMon_Handler
                0x08001d98        0x4 ./Application/User/stm32h7xx_it.o
                0x08001d98                DebugMon_Handler
 .text.PendSV_Handler
                0x08001d9c        0x4 ./Application/User/stm32h7xx_it.o
                0x08001d9c                PendSV_Handler
 .text.SysTick_Handler
                0x08001da0        0x4 ./Application/User/stm32h7xx_it.o
                0x08001da0                SysTick_Handler
 .text.DMA1_Stream0_IRQHandler
                0x08001da4        0xc ./Application/User/stm32h7xx_it.o
                0x08001da4                DMA1_Stream0_IRQHandler
 .text.DCMI_IRQHandler
                0x08001db0        0xc ./Application/User/stm32h7xx_it.o
                0x08001db0                DCMI_IRQHandler
 .text.TIM16_IRQHandler
                0x08001dbc        0xc ./Application/User/stm32h7xx_it.o
                0x08001dbc                TIM16_IRQHandler
 .text.OTG_FS_IRQHandler
                0x08001dc8        0xc ./Application/User/stm32h7xx_it.o
                0x08001dc8                OTG_FS_IRQHandler
 .text._sbrk    0x08001dd4       0x48 ./Application/User/sysmem.o
                0x08001dd4                _sbrk
 *fill*         0x08001e1c        0x4 
 .text.MX_TIM1_Init
                0x08001e20      0x138 ./Application/User/tim.o
                0x08001e20                MX_TIM1_Init
 .text.HAL_TIM_PWM_MspInit
                0x08001f58       0x34 ./Application/User/tim.o
                0x08001f58                HAL_TIM_PWM_MspInit
 .text.USB_DEVICE_Init
                0x08001f8c       0x78 ./Application/User/usb_device.o
                0x08001f8c                USB_DEVICE_Init
 *fill*         0x08002004        0x4 
 .text.MX_USB_OTG_FS_PCD_Init
                0x08002008       0x50 ./Application/User/usb_otg.o
                0x08002008                MX_USB_OTG_FS_PCD_Init
 .text.HAL_PCD_MspInit
                0x08002058       0x88 ./Application/User/usb_otg.o
                0x08002058                HAL_PCD_MspInit
 .text.USBD_CDC_EP0_RxReady
                0x080020e0       0x38 ./Application/User/usbd_cdc.o
 .text.USBD_CDC_GetDeviceQualifierDescriptor
                0x08002118       0x10 ./Application/User/usbd_cdc.o
                0x08002118                USBD_CDC_GetDeviceQualifierDescriptor
 .text.USBD_CDC_GetFSCfgDesc
                0x08002128       0x48 ./Application/User/usbd_cdc.o
 .text.USBD_CDC_GetHSCfgDesc
                0x08002170       0x48 ./Application/User/usbd_cdc.o
 .text.USBD_CDC_DataOut
                0x080021b8       0x38 ./Application/User/usbd_cdc.o
 .text.USBD_CDC_DataIn
                0x080021f0       0x68 ./Application/User/usbd_cdc.o
 .text.USBD_CDC_Setup
                0x08002258      0x100 ./Application/User/usbd_cdc.o
 .text.USBD_CDC_DeInit
                0x08002358       0x5c ./Application/User/usbd_cdc.o
 .text.USBD_CDC_Init
                0x080023b4       0xc4 ./Application/User/usbd_cdc.o
 .text.USBD_CDC_GetOtherSpeedCfgDesc
                0x08002478       0x48 ./Application/User/usbd_cdc.o
 .text.USBD_CDC_RegisterInterface
                0x080024c0       0x18 ./Application/User/usbd_cdc.o
                0x080024c0                USBD_CDC_RegisterInterface
 .text.USBD_CDC_SetTxBuffer
                0x080024d8       0x1c ./Application/User/usbd_cdc.o
                0x080024d8                USBD_CDC_SetTxBuffer
 .text.USBD_CDC_SetRxBuffer
                0x080024f4       0x18 ./Application/User/usbd_cdc.o
                0x080024f4                USBD_CDC_SetRxBuffer
 .text.USBD_CDC_TransmitPacket
                0x0800250c       0x38 ./Application/User/usbd_cdc.o
                0x0800250c                USBD_CDC_TransmitPacket
 .text.USBD_CDC_ReceivePacket
                0x08002544       0x34 ./Application/User/usbd_cdc.o
                0x08002544                USBD_CDC_ReceivePacket
 .text.CDC_DeInit_FS
                0x08002578       0x1c ./Application/User/usbd_cdc_if.o
 .text.CDC_TransmitCplt_FS
                0x08002594        0x4 ./Application/User/usbd_cdc_if.o
 .text.CDC_Receive_FS
                0x08002598       0x68 ./Application/User/usbd_cdc_if.o
 .text.CDC_Init_FS
                0x08002600       0x40 ./Application/User/usbd_cdc_if.o
 .text.CDC_Control_FS
                0x08002640       0x3c ./Application/User/usbd_cdc_if.o
 .text.CDC_Transmit_FS
                0x0800267c       0x44 ./Application/User/usbd_cdc_if.o
                0x0800267c                CDC_Transmit_FS
 .text.CDC_Read_FS
                0x080026c0       0x58 ./Application/User/usbd_cdc_if.o
                0x080026c0                CDC_Read_FS
 .text.CDC_RxOverflow_FS
                0x08002718        0xc ./Application/User/usbd_cdc_if.o
                0x08002718                CDC_RxOverflow_FS
 .text.CDC_ClearRxOverflow_FS
                0x08002724        0xc ./Application/User/usbd_cdc_if.o
                0x08002724                CDC_ClearRxOverflow_FS
 .text.HAL_PCD_SetupStageCallback
                0x08002730        0xc ./Application/User/usbd_conf.o
                0x08002730                HAL_PCD_SetupStageCallback
 .text.HAL_PCD_DataOutStageCallback
                0x0800273c       0x14 ./Application/User/usbd_conf.o
                0x0800273c                HAL_PCD_DataOutStageCallback
 .text.HAL_PCD_DataInStageCallback
                0x08002750       0x14 ./Application/User/usbd_conf.o
                0x08002750                HAL_PCD_DataInStageCallback
 .text.HAL_PCD_SOFCallback
                0x08002764        0x8 ./Application/User/usbd_conf.o
                0x08002764                HAL_PCD_SOFCallback
 .text.HAL_PCD_ResetCallback
                0x0800276c       0x2c ./Application/User/usbd_conf.o
                0x0800276c                HAL_PCD_ResetCallback
 .text.HAL_PCD_SuspendCallback
                0x08002798       0x30 ./Application/User/usbd_conf.o
                0x08002798                HAL_PCD_SuspendCallback
 .text.HAL_PCD_ResumeCallback
                0x080027c8        0x8 ./Application/User/usbd_conf.o
                0x080027c8                HAL_PCD_ResumeCallback
 .text.HAL_PCD_ISOOUTIncompleteCallback
                0x080027d0        0x8 ./Application/User/usbd_conf.o
                0x080027d0                HAL_PCD_ISOOUTIncompleteCallback
 .text.HAL_PCD_ISOINIncompleteCallback
                0x080027d8        0x8 ./Application/User/usbd_conf.o
                0x080027d8                HAL_PCD_ISOINIncompleteCallback
 .text.HAL_PCD_ConnectCallback
                0x080027e0        0x8 ./Application/User/usbd_conf.o
                0x080027e0                HAL_PCD_ConnectCallback
 .text.HAL_PCD_DisconnectCallback
                0x080027e8        0x8 ./Application/User/usbd_conf.o
                0x080027e8                HAL_PCD_DisconnectCallback
 .text.USBD_LL_Init
                0x080027f0       0x68 ./Application/User/usbd_conf.o
                0x080027f0                USBD_LL_Init
 .text.USBD_LL_Start
                0x08002858       0x18 ./Application/User/usbd_conf.o
                0x08002858                USBD_LL_Start
 .text.USBD_LL_OpenEP
                0x08002870       0x1c ./Application/User/usbd_conf.o
                0x08002870                USBD_LL_OpenEP
 .text.USBD_LL_CloseEP
                0x0800288c       0x18 ./Application/User/usbd_conf.o
                0x0800288c                USBD_LL_CloseEP
 .text.USBD_LL_StallEP
                0x080028a4       0x18 ./Application/User/usbd_conf.o
                0x080028a4                USBD_LL_StallEP
 .text.USBD_LL_ClearStallEP
                0x080028bc       0x18 ./Application/User/usbd_conf.o
                0x080028bc                USBD_LL_ClearStallEP
 .text.USBD_LL_IsStallEP
                0x080028d4       0x28 ./Application/User/usbd_conf.o
                0x080028d4                USBD_LL_IsStallEP
 .text.USBD_LL_SetUSBAddress
                0x080028fc       0x18 ./Application/User/usbd_conf.o
                0x080028fc                USBD_LL_SetUSBAddress
 .text.USBD_LL_Transmit
                0x08002914       0x18 ./Application/User/usbd_conf.o
                0x08002914                USBD_LL_Transmit
 .text.USBD_LL_PrepareReceive
                0x0800292c       0x18 ./Application/User/usbd_conf.o
                0x0800292c                USBD_LL_PrepareReceive
 .text.USBD_LL_GetRxDataSize
                0x08002944        0x8 ./Application/User/usbd_conf.o
                0x08002944                USBD_LL_GetRxDataSize
 .text.USBD_Init
                0x0800294c       0x28 ./Application/User/usbd_core.o
                0x0800294c                USBD_Init
 .text.USBD_RegisterClass
                0x08002974       0x38 ./Application/User/usbd_core.o
                0x08002974                USBD_RegisterClass
 .text.USBD_Start
                0x080029ac        0x4 ./Application/User/usbd_core.o
                0x080029ac                USBD_Start
 .text.USBD_SetClassConfig
                0x080029b0       0x10 ./Application/User/usbd_core.o
                0x080029b0                USBD_SetClassConfig
 .text.USBD_ClrClassConfig
                0x080029c0       0x14 ./Application/User/usbd_core.o
                0x080029c0                USBD_ClrClassConfig
 .text.USBD_LL_SetupStage
                0x080029d4       0x60 ./Application/User/usbd_core.o
                0x080029d4                USBD_LL_SetupStage
 .text.USBD_LL_DataOutStage
                0x08002a34       0x74 ./Application/User/usbd_core.o
                0x08002a34                USBD_LL_DataOutStage
 .text.USBD_LL_DataInStage
                0x08002aa8       0xc0 ./Application/User/usbd_core.o
                0x08002aa8                USBD_LL_DataInStage
 .text.USBD_LL_Reset
                0x08002b68       0x5c ./Application/User/usbd_core.o
                0x08002b68                USBD_LL_Reset
 .text.USBD_LL_SetSpeed
                0x08002bc4        0x8 ./Application/User/usbd_core.o
                0x08002bc4                USBD_LL_SetSpeed
 .text.USBD_LL_Suspend
                0x08002bcc       0x20 ./Application/User/usbd_core.o
                0x08002bcc                USBD_LL_Suspend
 .text.USBD_LL_Resume
                0x08002bec       0x18 ./Application/User/usbd_core.o
                0x08002bec                USBD_LL_Resume
 .text.USBD_LL_SOF
                0x08002c04       0x20 ./Application/User/usbd_core.o
                0x08002c04                USBD_LL_SOF
 .text.USBD_LL_IsoINIncomplete
                0x08002c24       0x2c ./Application/User/usbd_core.o
                0x08002c24                USBD_LL_IsoINIncomplete
 .text.USBD_LL_IsoOUTIncomplete
                0x08002c50       0x2c ./Application/User/usbd_core.o
                0x08002c50                USBD_LL_IsoOUTIncomplete
 .text.USBD_LL_DevConnected
                0x08002c7c        0x4 ./Application/User/usbd_core.o
                0x08002c7c                USBD_LL_DevConnected
 .text.USBD_LL_DevDisconnected
                0x08002c80       0x24 ./Application/User/usbd_core.o
                0x08002c80                USBD_LL_DevDisconnected
 .text.USBD_CoreFindIF
                0x08002ca4        0x4 ./Application/User/usbd_core.o
                0x08002ca4                USBD_CoreFindIF
 .text.USBD_CoreFindEP
                0x08002ca8        0x4 ./Application/User/usbd_core.o
                0x08002ca8                USBD_CoreFindEP
 .text.USBD_GetEpDesc
                0x08002cac       0x2c ./Application/User/usbd_core.o
                0x08002cac                USBD_GetEpDesc
 .text.USBD_StdDevReq
                0x08002cd8      0x380 ./Application/User/usbd_ctlreq.o
                0x08002cd8                USBD_StdDevReq
 .text.USBD_StdItfReq
                0x08003058       0x80 ./Application/User/usbd_ctlreq.o
                0x08003058                USBD_StdItfReq
 .text.USBD_StdEPReq
                0x080030d8      0x15c ./Application/User/usbd_ctlreq.o
                0x080030d8                USBD_StdEPReq
 .text.USBD_ParseSetupRequest
                0x08003234       0x18 ./Application/User/usbd_ctlreq.o
                0x08003234                USBD_ParseSetupRequest
 .text.USBD_CtlError
                0x0800324c       0x18 ./Application/User/usbd_ctlreq.o
                0x0800324c                USBD_CtlError
 .text.USBD_GetString
                0x08003264       0x58 ./Application/User/usbd_ctlreq.o
                0x08003264                USBD_GetString
 .text.USBD_VCP_DeviceDescriptor
                0x080032bc        0xc ./Application/User/usbd_desc.o
                0x080032bc                USBD_VCP_DeviceDescriptor
 .text.USBD_VCP_LangIDStrDescriptor
                0x080032c8        0xc ./Application/User/usbd_desc.o
                0x080032c8                USBD_VCP_LangIDStrDescriptor
 .text.USBD_VCP_ManufacturerStrDescriptor
                0x080032d4       0x18 ./Application/User/usbd_desc.o
                0x080032d4                USBD_VCP_ManufacturerStrDescriptor
 .text.USBD_VCP_ProductStrDescriptor
                0x080032ec       0x28 ./Application/User/usbd_desc.o
                0x080032ec                USBD_VCP_ProductStrDescriptor
 .text.USBD_VCP_ConfigStrDescriptor
                0x08003314       0x18 ./Application/User/usbd_desc.o
                0x08003314                USBD_VCP_ConfigStrDescriptor
 .text.USBD_VCP_InterfaceStrDescriptor
                0x0800332c       0x18 ./Application/User/usbd_desc.o
                0x0800332c                USBD_VCP_InterfaceStrDescriptor
 .text.USBD_VCP_SerialStrDescriptor
                0x08003344       0x30 ./Application/User/usbd_desc.o
                0x08003344                USBD_VCP_SerialStrDescriptor
 .text.USBD_CtlSendData
                0x08003374       0x1c ./Application/User/usbd_ioreq.o
                0x08003374                USBD_CtlSendData
 .text.USBD_CtlContinueSendData
                0x08003390       0x14 ./Application/User/usbd_ioreq.o
                0x08003390                USBD_CtlContinueSendData
 .text.USBD_CtlPrepareRx
                0x080033a4       0x1c ./Application/User/usbd_ioreq.o
                0x080033a4                USBD_CtlPrepareRx
 .text.USBD_CtlContinueRx
                0x080033c0       0x14 ./Application/User/usbd_ioreq.o
                0x080033c0                USBD_CtlContinueRx
 .text.USBD_CtlSendStatus
                0x080033d4       0x18 ./Application/User/usbd_ioreq.o
                0x080033d4                USBD_CtlSendStatus
 .text.USBD_CtlReceiveStatus
                0x080033ec       0x18 ./Application/User/usbd_ioreq.o
                0x080033ec                USBD_CtlReceiveStatus
 .text.Camera_WriteRegb2
                0x08003404       0x30 ./BSP/Camera/camera.o
                0x08003404                Camera_WriteRegb2
 .text.Camera_ReadRegb2
                0x08003434       0x28 ./BSP/Camera/camera.o
                0x08003434                Camera_ReadRegb2
 .text.Camera_Init_OV5640
                0x0800345c      0x1cc ./BSP/Camera/camera.o
                0x0800345c                Camera_Init_OV5640
 .text.ov5640_init
                0x08003628      0x594 ./BSP/Camera/ov5640.o
                0x08003628                ov5640_init
 .text.LCD_Test
                0x08003bbc       0x48 ./BSP/ST7789/lcd.o
                0x08003bbc                LCD_Test
 .text.HAL_TIM_PeriodElapsedCallback
                0x08003c04       0x4c ./BSP/ST7789/lcd.o
                0x08003c04                HAL_TIM_PeriodElapsedCallback
 .text.LCD_FillScreen
                0x08003c50        0x4 ./BSP/ST7789/lcd.o
                0x08003c50                LCD_FillScreen
 .text.LCD_FillRect
                0x08003c54       0x10 ./BSP/ST7789/lcd.o
                0x08003c54                LCD_FillRect
 .text.LCD_DrawRGB565
                0x08003c64       0x10 ./BSP/ST7789/lcd.o
                0x08003c64                LCD_DrawRGB565
 .text.LCD_ShowString
                0x08003c74      0x2c0 ./BSP/ST7789/lcd.o
                0x08003c74                LCD_ShowString
 .text.st7789_set_window
                0x08003f34      0x1dc ./BSP/ST7789/st7789.o
 .text.ST7789_Init
                0x08004110      0x848 ./BSP/ST7789/st7789.o
                0x08004110                ST7789_Init
 .text.ST7789_FillRect
                0x08004958       0x90 ./BSP/ST7789/st7789.o
                0x08004958                ST7789_FillRect
 .text.ST7789_FillScreen
                0x080049e8       0x18 ./BSP/ST7789/st7789.o
                0x080049e8                ST7789_FillScreen
 .text.ST7789_DrawRGB565
                0x08004a00       0x98 ./BSP/ST7789/st7789.o
                0x08004a00                ST7789_DrawRGB565
 .text.cute_model_probe
                0x08004a98        0x8 ./CUTE/cute_bridge.o
                0x08004a98                cute_model_probe
 .text.cute_runtime_begin
                0x08004aa0        0x4 ./CUTE/cute_bridge.o
                0x08004aa0                cute_runtime_begin
 .text.cute_runtime_ready
                0x08004aa4        0x4 ./CUTE/cute_bridge.o
                0x08004aa4                cute_runtime_ready
 .text.cute_runtime_run_gray8
                0x08004aa8        0x4 ./CUTE/cute_bridge.o
                0x08004aa8                cute_runtime_run_gray8
 .text.cute_runtime_error_c
                0x08004aac        0x4 ./CUTE/cute_bridge.o
                0x08004aac                cute_runtime_error_c
 .text.cute_runtime_head_data
                0x08004ab0        0x4 ./CUTE/cute_bridge.o
                0x08004ab0                cute_runtime_head_data
 .text.cute_runtime_head_bytes
                0x08004ab4        0x4 ./CUTE/cute_bridge.o
                0x08004ab4                cute_runtime_head_bytes
 .text.cute_runtime_head_crc32
                0x08004ab8        0x4 ./CUTE/cute_bridge.o
                0x08004ab8                cute_runtime_head_crc32
 .text._ZN12_GLOBAL__N_1L15validation_failEPcjPKcz.constprop.0
                0x08004abc       0x20 ./CUTE/cute_model_manager.o
 .text._Z16cute_model_beginv
                0x08004adc      0x6a4 ./CUTE/cute_model_manager.o
                0x08004adc                cute_model_begin()
 .text._Z16cute_model_readyv
                0x08005180       0x1c ./CUTE/cute_model_manager.o
                0x08005180                cute_model_ready()
 .text._Z17cute_model_headerv
                0x0800519c       0x14 ./CUTE/cute_model_manager.o
                0x0800519c                cute_model_header()
 .text._Z16cute_model_layert
                0x080051b0       0x38 ./CUTE/cute_model_manager.o
                0x080051b0                cute_model_layer(unsigned short)
 .text._Z17cute_model_weightt
                0x080051e8       0x38 ./CUTE/cute_model_manager.o
                0x080051e8                cute_model_weight(unsigned short)
 .text._Z15cute_model_biast
                0x08005220       0x3c ./CUTE/cute_model_manager.o
                0x08005220                cute_model_bias(unsigned short)
 .text._Z21cute_model_multipliert
                0x0800525c       0x3c ./CUTE/cute_model_manager.o
                0x0800525c                cute_model_multiplier(unsigned short)
 .text._Z16cute_model_shiftt
                0x08005298       0x3c ./CUTE/cute_model_manager.o
                0x08005298                cute_model_shift(unsigned short)
 .text._Z24cute_model_hybrid_blocksv
                0x080052d4       0x2c ./CUTE/cute_model_manager.o
                0x080052d4                cute_model_hybrid_blocks()
 .text._Z23cute_model_has_mlp_headv
                0x08005300       0x28 ./CUTE/cute_model_manager.o
                0x08005300                cute_model_has_mlp_head()
 .text._Z29cute_model_head_hidden_layersv
                0x08005328       0x3c ./CUTE/cute_model_manager.o
                0x08005328                cute_model_head_hidden_layers()
 .text._Z27cute_model_head_layer_indexv
                0x08005364       0x38 ./CUTE/cute_model_manager.o
                0x08005364                cute_model_head_layer_index()
 .text._Z34cute_model_head_hidden_layer_indexh
                0x0800539c       0x64 ./CUTE/cute_model_manager.o
                0x0800539c                cute_model_head_hidden_layer_index(unsigned char)
 .text._Z38cute_model_head_objectness_layer_indexv
                0x08005400       0x64 ./CUTE/cute_model_manager.o
                0x08005400                cute_model_head_objectness_layer_index()
 .text._Z31cute_model_head_box_layer_indexv
                0x08005464       0x64 ./CUTE/cute_model_manager.o
                0x08005464                cute_model_head_box_layer_index()
 .text._Z31cute_model_confidence_thresholdv
                0x080054c8       0x24 ./CUTE/cute_model_manager.o
                0x080054c8                cute_model_confidence_threshold()
 .text._Z28cute_model_nms_iou_thresholdv
                0x080054ec       0x28 ./CUTE/cute_model_manager.o
                0x080054ec                cute_model_nms_iou_threshold()
 .text._Z20cute_model_min_box_wv
                0x08005514       0x28 ./CUTE/cute_model_manager.o
                0x08005514                cute_model_min_box_w()
 .text._Z20cute_model_min_box_hv
                0x0800553c       0x28 ./CUTE/cute_model_manager.o
                0x0800553c                cute_model_min_box_h()
 .text._Z25cute_model_max_detectionsv
                0x08005564       0x20 ./CUTE/cute_model_manager.o
                0x08005564                cute_model_max_detections()
 .text.cute_postprocess_decode
                0x08005584      0x484 ./CUTE/cute_postprocess.o
                0x08005584                cute_postprocess_decode
 .text._ZN12_GLOBAL__N_1L14run_split_convEP12NoodleTensorS1_RK7ConvMemS4_PKc
                0x08005a08       0x8c ./CUTE/cute_runner.o
 .text._ZN12_GLOBAL__N_1L11run_networkEv
                0x08005a94      0xb0c ./CUTE/cute_runner.o
 .text.cute_runner_begin
                0x080065a0      0x164 ./CUTE/cute_runner.o
                0x080065a0                cute_runner_begin
 .text.cute_runner_ready
                0x08006704        0xc ./CUTE/cute_runner.o
                0x08006704                cute_runner_ready
 .text.cute_runner_run_gray8
                0x08006710      0x110 ./CUTE/cute_runner.o
                0x08006710                cute_runner_run_gray8
 .text.cute_runner_last_error
                0x08006820        0x8 ./CUTE/cute_runner.o
                0x08006820                cute_runner_last_error
 .text.cute_runner_head_data
                0x08006828       0x10 ./CUTE/cute_runner.o
                0x08006828                cute_runner_head_data
 .text.cute_runner_head_bytes
                0x08006838       0x10 ./CUTE/cute_runner.o
                0x08006838                cute_runner_head_bytes
 .text.cute_runner_head_crc32
                0x08006848       0x9c ./CUTE/cute_runner.o
                0x08006848                cute_runner_head_crc32
 .text.SystemInit
                0x080068e4       0x80 ./Drivers/CMSIS/system_stm32h7xx.o
                0x080068e4                SystemInit
 .text.HAL_InitTick
                0x08006964       0x4c ./Drivers/STM32H7xx_HAL_Driver/stm32h7xx_hal.o
                0x08006964                HAL_InitTick
 .text.HAL_Init
                0x080069b0       0x60 ./Drivers/STM32H7xx_HAL_Driver/stm32h7xx_hal.o
                0x080069b0                HAL_Init
 .text.HAL_IncTick
                0x08006a10       0x18 ./Drivers/STM32H7xx_HAL_Driver/stm32h7xx_hal.o
                0x08006a10                HAL_IncTick
 .text.HAL_GetTick
                0x08006a28        0xc ./Drivers/STM32H7xx_HAL_Driver/stm32h7xx_hal.o
                0x08006a28                HAL_GetTick
 .text.HAL_Delay
                0x08006a34       0x24 ./Drivers/STM32H7xx_HAL_Driver/stm32h7xx_hal.o
                0x08006a34                HAL_Delay
 .text.HAL_GetREVID
                0x08006a58        0xc ./Drivers/STM32H7xx_HAL_Driver/stm32h7xx_hal.o
                0x08006a58                HAL_GetREVID
 .text.HAL_NVIC_SetPriorityGrouping
                0x08006a64       0x24 ./Drivers/STM32H7xx_HAL_Driver/stm32h7xx_hal_cortex.o
                0x08006a64                HAL_NVIC_SetPriorityGrouping
 .text.HAL_NVIC_SetPriority
                0x08006a88       0x74 ./Drivers/STM32H7xx_HAL_Driver/stm32h7xx_hal_cortex.o
                0x08006a88                HAL_NVIC_SetPriority
 .text.HAL_NVIC_EnableIRQ
                0x08006afc       0x1c ./Drivers/STM32H7xx_HAL_Driver/stm32h7xx_hal_cortex.o
                0x08006afc                HAL_NVIC_EnableIRQ
 .text.HAL_SYSTICK_Config
                0x08006b18       0x2c ./Drivers/STM32H7xx_HAL_Driver/stm32h7xx_hal_cortex.o
                0x08006b18                HAL_SYSTICK_Config
 .text.HAL_MPU_Disable
                0x08006b44       0x1c ./Drivers/STM32H7xx_HAL_Driver/stm32h7xx_hal_cortex.o
                0x08006b44                HAL_MPU_Disable
 .text.HAL_MPU_Enable
                0x08006b60       0x20 ./Drivers/STM32H7xx_HAL_Driver/stm32h7xx_hal_cortex.o
                0x08006b60                HAL_MPU_Enable
 .text.HAL_MPU_ConfigRegion
                0x08006b80       0x64 ./Drivers/STM32H7xx_HAL_Driver/stm32h7xx_hal_cortex.o
                0x08006b80                HAL_MPU_ConfigRegion
 .text.DCMI_DMAXferCplt
                0x08006be4       0x88 ./Drivers/STM32H7xx_HAL_Driver/stm32h7xx_hal_dcmi.o
 .text.HAL_DCMI_Init
                0x08006c6c       0x9c ./Drivers/STM32H7xx_HAL_Driver/stm32h7xx_hal_dcmi.o
                0x08006c6c                HAL_DCMI_Init
 .text.HAL_DCMI_Start_DMA
                0x08006d08       0xfc ./Drivers/STM32H7xx_HAL_Driver/stm32h7xx_hal_dcmi.o
                0x08006d08                HAL_DCMI_Start_DMA
 .text.HAL_DCMI_ErrorCallback
                0x08006e04        0x4 ./Drivers/STM32H7xx_HAL_Driver/stm32h7xx_hal_dcmi.o
                0x08006e04                HAL_DCMI_ErrorCallback
 .text.DCMI_DMAError
                0x08006e08       0x20 ./Drivers/STM32H7xx_HAL_Driver/stm32h7xx_hal_dcmi.o
 .text.HAL_DCMI_LineEventCallback
                0x08006e28        0x4 ./Drivers/STM32H7xx_HAL_Driver/stm32h7xx_hal_dcmi.o
                0x08006e28                HAL_DCMI_LineEventCallback
 .text.HAL_DCMI_VsyncEventCallback
                0x08006e2c        0x4 ./Drivers/STM32H7xx_HAL_Driver/stm32h7xx_hal_dcmi.o
                0x08006e2c                HAL_DCMI_VsyncEventCallback
 .text.HAL_DCMI_IRQHandler
                0x08006e30       0x9c ./Drivers/STM32H7xx_HAL_Driver/stm32h7xx_hal_dcmi.o
                0x08006e30                HAL_DCMI_IRQHandler
 .text.DMA_CalcBaseAndBitshift
                0x08006ecc      0x100 ./Drivers/STM32H7xx_HAL_Driver/stm32h7xx_hal_dma.o
 .text.DMA_CalcDMAMUXChannelBaseAndMask
                0x08006fcc       0xd4 ./Drivers/STM32H7xx_HAL_Driver/stm32h7xx_hal_dma.o
 .text.HAL_DMA_Init
                0x080070a0      0x520 ./Drivers/STM32H7xx_HAL_Driver/stm32h7xx_hal_dma.o
                0x080070a0                HAL_DMA_Init
 .text.HAL_DMA_Start_IT
                0x080075c0      0x62c ./Drivers/STM32H7xx_HAL_Driver/stm32h7xx_hal_dma.o
                0x080075c0                HAL_DMA_Start_IT
 .text.HAL_DMA_Abort_IT
                0x08007bec      0x198 ./Drivers/STM32H7xx_HAL_Driver/stm32h7xx_hal_dma.o
                0x08007bec                HAL_DMA_Abort_IT
 .text.HAL_DMA_IRQHandler
                0x08007d84      0x424 ./Drivers/STM32H7xx_HAL_Driver/stm32h7xx_hal_dma.o
                0x08007d84                HAL_DMA_IRQHandler
 .text.DMA_MultiBufferSetConfig
                0x080081a8       0x1c ./Drivers/STM32H7xx_HAL_Driver/stm32h7xx_hal_dma_ex.o
 .text.HAL_DMAEx_MultiBufferStart_IT
                0x080081c4      0x2e8 ./Drivers/STM32H7xx_HAL_Driver/stm32h7xx_hal_dma_ex.o
                0x080081c4                HAL_DMAEx_MultiBufferStart_IT
 .text.HAL_DMAEx_ChangeMemory
                0x080084ac       0x1c ./Drivers/STM32H7xx_HAL_Driver/stm32h7xx_hal_dma_ex.o
                0x080084ac                HAL_DMAEx_ChangeMemory
 .text.FLASH_WaitForLastOperation.constprop.0
                0x080084c8       0xbc ./Drivers/STM32H7xx_HAL_Driver/stm32h7xx_hal_flash.o
 .text.HAL_FLASH_Program
                0x08008584       0xc8 ./Drivers/STM32H7xx_HAL_Driver/stm32h7xx_hal_flash.o
                0x08008584                HAL_FLASH_Program
 .text.HAL_FLASH_Unlock
                0x0800864c       0x4c ./Drivers/STM32H7xx_HAL_Driver/stm32h7xx_hal_flash.o
                0x0800864c                HAL_FLASH_Unlock
 .text.HAL_FLASH_Lock
                0x08008698       0x30 ./Drivers/STM32H7xx_HAL_Driver/stm32h7xx_hal_flash.o
                0x08008698                HAL_FLASH_Lock
 .text.FLASH_WaitForLastOperation
                0x080086c8       0xd8 ./Drivers/STM32H7xx_HAL_Driver/stm32h7xx_hal_flash.o
                0x080086c8                FLASH_WaitForLastOperation
 .text.FLASH_MassErase
                0x080087a0       0x84 ./Drivers/STM32H7xx_HAL_Driver/stm32h7xx_hal_flash_ex.o
 .text.HAL_FLASHEx_Erase
                0x08008824      0x1c8 ./Drivers/STM32H7xx_HAL_Driver/stm32h7xx_hal_flash_ex.o
                0x08008824                HAL_FLASHEx_Erase
 .text.HAL_GPIO_Init
                0x080089ec      0x418 ./Drivers/STM32H7xx_HAL_Driver/stm32h7xx_hal_gpio.o
                0x080089ec                HAL_GPIO_Init
 .text.HAL_GPIO_DeInit
                0x08008e04      0x260 ./Drivers/STM32H7xx_HAL_Driver/stm32h7xx_hal_gpio.o
                0x08008e04                HAL_GPIO_DeInit
 .text.HAL_GPIO_ReadPin
                0x08009064        0xc ./Drivers/STM32H7xx_HAL_Driver/stm32h7xx_hal_gpio.o
                0x08009064                HAL_GPIO_ReadPin
 .text.HAL_GPIO_WritePin
                0x08009070        0x8 ./Drivers/STM32H7xx_HAL_Driver/stm32h7xx_hal_gpio.o
                0x08009070                HAL_GPIO_WritePin
 .text.HAL_GPIO_TogglePin
                0x08009078       0x14 ./Drivers/STM32H7xx_HAL_Driver/stm32h7xx_hal_gpio.o
                0x08009078                HAL_GPIO_TogglePin
 .text.I2C_WaitOnTXISFlagUntilTimeout
                0x0800908c       0xcc ./Drivers/STM32H7xx_HAL_Driver/stm32h7xx_hal_i2c.o
 .text.I2C_WaitOnSTOPFlagUntilTimeout
                0x08009158       0xa8 ./Drivers/STM32H7xx_HAL_Driver/stm32h7xx_hal_i2c.o
 .text.I2C_WaitOnRXNEFlagUntilTimeout
                0x08009200       0xe8 ./Drivers/STM32H7xx_HAL_Driver/stm32h7xx_hal_i2c.o
 .text.HAL_I2C_Init
                0x080092e8       0xac ./Drivers/STM32H7xx_HAL_Driver/stm32h7xx_hal_i2c.o
                0x080092e8                HAL_I2C_Init
 .text.HAL_I2C_DeInit
                0x08009394       0x34 ./Drivers/STM32H7xx_HAL_Driver/stm32h7xx_hal_i2c.o
                0x08009394                HAL_I2C_DeInit
 .text.HAL_I2C_Master_Transmit
                0x080093c8      0x1a8 ./Drivers/STM32H7xx_HAL_Driver/stm32h7xx_hal_i2c.o
                0x080093c8                HAL_I2C_Master_Transmit
 .text.HAL_I2C_Master_Receive
                0x08009570      0x1a4 ./Drivers/STM32H7xx_HAL_Driver/stm32h7xx_hal_i2c.o
                0x08009570                HAL_I2C_Master_Receive
 .text.HAL_I2C_Mem_Write
                0x08009714      0x250 ./Drivers/STM32H7xx_HAL_Driver/stm32h7xx_hal_i2c.o
                0x08009714                HAL_I2C_Mem_Write
 .text.HAL_I2C_Mem_Read
                0x08009964      0x29c ./Drivers/STM32H7xx_HAL_Driver/stm32h7xx_hal_i2c.o
                0x08009964                HAL_I2C_Mem_Read
 .text.HAL_I2CEx_ConfigAnalogFilter
                0x08009c00       0x54 ./Drivers/STM32H7xx_HAL_Driver/stm32h7xx_hal_i2c_ex.o
                0x08009c00                HAL_I2CEx_ConfigAnalogFilter
 .text.HAL_I2CEx_ConfigDigitalFilter
                0x08009c54       0x54 ./Drivers/STM32H7xx_HAL_Driver/stm32h7xx_hal_i2c_ex.o
                0x08009c54                HAL_I2CEx_ConfigDigitalFilter
 .text.HAL_PCD_Init
                0x08009ca8      0x120 ./Drivers/STM32H7xx_HAL_Driver/stm32h7xx_hal_pcd.o
                0x08009ca8                HAL_PCD_Init
 .text.HAL_PCD_Start
                0x08009dc8       0x44 ./Drivers/STM32H7xx_HAL_Driver/stm32h7xx_hal_pcd.o
                0x08009dc8                HAL_PCD_Start
 .text.HAL_PCD_IRQHandler
                0x08009e0c      0x67c ./Drivers/STM32H7xx_HAL_Driver/stm32h7xx_hal_pcd.o
                0x08009e0c                HAL_PCD_IRQHandler
 .text.HAL_PCD_SetAddress
                0x0800a488       0x2c ./Drivers/STM32H7xx_HAL_Driver/stm32h7xx_hal_pcd.o
                0x0800a488                HAL_PCD_SetAddress
 .text.HAL_PCD_EP_Open
                0x0800a4b4       0x70 ./Drivers/STM32H7xx_HAL_Driver/stm32h7xx_hal_pcd.o
                0x0800a4b4                HAL_PCD_EP_Open
 .text.HAL_PCD_EP_Close
                0x0800a524       0x60 ./Drivers/STM32H7xx_HAL_Driver/stm32h7xx_hal_pcd.o
                0x0800a524                HAL_PCD_EP_Close
 .text.HAL_PCD_EP_Receive
                0x0800a584       0x4c ./Drivers/STM32H7xx_HAL_Driver/stm32h7xx_hal_pcd.o
                0x0800a584                HAL_PCD_EP_Receive
 .text.HAL_PCD_EP_GetRxCount
                0x0800a5d0       0x14 ./Drivers/STM32H7xx_HAL_Driver/stm32h7xx_hal_pcd.o
                0x0800a5d0                HAL_PCD_EP_GetRxCount
 .text.HAL_PCD_EP_Transmit
                0x0800a5e4       0x50 ./Drivers/STM32H7xx_HAL_Driver/stm32h7xx_hal_pcd.o
                0x0800a5e4                HAL_PCD_EP_Transmit
 .text.HAL_PCD_EP_SetStall
                0x0800a634       0x84 ./Drivers/STM32H7xx_HAL_Driver/stm32h7xx_hal_pcd.o
                0x0800a634                HAL_PCD_EP_SetStall
 .text.HAL_PCD_EP_ClrStall
                0x0800a6b8       0x70 ./Drivers/STM32H7xx_HAL_Driver/stm32h7xx_hal_pcd.o
                0x0800a6b8                HAL_PCD_EP_ClrStall
 .text.HAL_PCDEx_SetTxFiFo
                0x0800a728       0xfc ./Drivers/STM32H7xx_HAL_Driver/stm32h7xx_hal_pcd_ex.o
                0x0800a728                HAL_PCDEx_SetTxFiFo
 .text.HAL_PCDEx_SetRxFiFo
                0x0800a824        0xc ./Drivers/STM32H7xx_HAL_Driver/stm32h7xx_hal_pcd_ex.o
                0x0800a824                HAL_PCDEx_SetRxFiFo
 .text.HAL_PCDEx_ActivateLPM
                0x0800a830       0x30 ./Drivers/STM32H7xx_HAL_Driver/stm32h7xx_hal_pcd_ex.o
                0x0800a830                HAL_PCDEx_ActivateLPM
 .text.HAL_PCDEx_LPM_Callback
                0x0800a860        0x4 ./Drivers/STM32H7xx_HAL_Driver/stm32h7xx_hal_pcd_ex.o
                0x0800a860                HAL_PCDEx_LPM_Callback
 .text.HAL_PWREx_ConfigSupply
                0x0800a864       0x48 ./Drivers/STM32H7xx_HAL_Driver/stm32h7xx_hal_pwr_ex.o
                0x0800a864                HAL_PWREx_ConfigSupply
 .text.HAL_PWREx_EnableUSBVoltageDetector
                0x0800a8ac       0x10 ./Drivers/STM32H7xx_HAL_Driver/stm32h7xx_hal_pwr_ex.o
                0x0800a8ac                HAL_PWREx_EnableUSBVoltageDetector
 .text.HAL_RCC_GetSysClockFreq.part.0
                0x0800a8bc       0xe4 ./Drivers/STM32H7xx_HAL_Driver/stm32h7xx_hal_rcc.o
 .text.HAL_RCC_OscConfig
                0x0800a9a0      0x5bc ./Drivers/STM32H7xx_HAL_Driver/stm32h7xx_hal_rcc.o
                0x0800a9a0                HAL_RCC_OscConfig
 .text.HAL_RCC_MCOConfig
                0x0800af5c       0xa4 ./Drivers/STM32H7xx_HAL_Driver/stm32h7xx_hal_rcc.o
                0x0800af5c                HAL_RCC_MCOConfig
 .text.HAL_RCC_GetSysClockFreq
                0x0800b000      0x11c ./Drivers/STM32H7xx_HAL_Driver/stm32h7xx_hal_rcc.o
                0x0800b000                HAL_RCC_GetSysClockFreq
 .text.HAL_RCC_ClockConfig
                0x0800b11c      0x254 ./Drivers/STM32H7xx_HAL_Driver/stm32h7xx_hal_rcc.o
                0x0800b11c                HAL_RCC_ClockConfig
 .text.HAL_RCC_GetHCLKFreq
                0x0800b370       0x80 ./Drivers/STM32H7xx_HAL_Driver/stm32h7xx_hal_rcc.o
                0x0800b370                HAL_RCC_GetHCLKFreq
 .text.HAL_RCC_GetPCLK1Freq
                0x0800b3f0       0x90 ./Drivers/STM32H7xx_HAL_Driver/stm32h7xx_hal_rcc.o
                0x0800b3f0                HAL_RCC_GetPCLK1Freq
 .text.RCCEx_PLL2_Config.part.0
                0x0800b480       0xe0 ./Drivers/STM32H7xx_HAL_Driver/stm32h7xx_hal_rcc_ex.o
 .text.RCCEx_PLL3_Config.part.0
                0x0800b560       0xe0 ./Drivers/STM32H7xx_HAL_Driver/stm32h7xx_hal_rcc_ex.o
 .text.HAL_RCCEx_PeriphCLKConfig
                0x0800b640      0xcf0 ./Drivers/STM32H7xx_HAL_Driver/stm32h7xx_hal_rcc_ex.o
                0x0800b640                HAL_RCCEx_PeriphCLKConfig
 .text.SPI_CloseTransfer
                0x0800c330       0xb8 ./Drivers/STM32H7xx_HAL_Driver/stm32h7xx_hal_spi.o
 .text.HAL_SPI_Init
                0x0800c3e8      0x15c ./Drivers/STM32H7xx_HAL_Driver/stm32h7xx_hal_spi.o
                0x0800c3e8                HAL_SPI_Init
 .text.HAL_SPI_Transmit
                0x0800c544      0x28c ./Drivers/STM32H7xx_HAL_Driver/stm32h7xx_hal_spi.o
                0x0800c544                HAL_SPI_Transmit
 .text.TIM_OC1_SetConfig
                0x0800c7d0       0x7c ./Drivers/STM32H7xx_HAL_Driver/stm32h7xx_hal_tim.o
 .text.TIM_OC3_SetConfig
                0x0800c84c       0x7c ./Drivers/STM32H7xx_HAL_Driver/stm32h7xx_hal_tim.o
 .text.HAL_TIM_PWM_Init
                0x0800c8c8      0x144 ./Drivers/STM32H7xx_HAL_Driver/stm32h7xx_hal_tim.o
                0x0800c8c8                HAL_TIM_PWM_Init
 .text.HAL_TIM_OC_DelayElapsedCallback
                0x0800ca0c        0x4 ./Drivers/STM32H7xx_HAL_Driver/stm32h7xx_hal_tim.o
                0x0800ca0c                HAL_TIM_OC_DelayElapsedCallback
 .text.HAL_TIM_IC_CaptureCallback
                0x0800ca10        0x4 ./Drivers/STM32H7xx_HAL_Driver/stm32h7xx_hal_tim.o
                0x0800ca10                HAL_TIM_IC_CaptureCallback
 .text.HAL_TIM_PWM_PulseFinishedCallback
                0x0800ca14        0x4 ./Drivers/STM32H7xx_HAL_Driver/stm32h7xx_hal_tim.o
                0x0800ca14                HAL_TIM_PWM_PulseFinishedCallback
 .text.HAL_TIM_TriggerCallback
                0x0800ca18        0x4 ./Drivers/STM32H7xx_HAL_Driver/stm32h7xx_hal_tim.o
                0x0800ca18                HAL_TIM_TriggerCallback
 .text.HAL_TIM_IRQHandler
                0x0800ca1c      0x170 ./Drivers/STM32H7xx_HAL_Driver/stm32h7xx_hal_tim.o
                0x0800ca1c                HAL_TIM_IRQHandler
 .text.TIM_OC2_SetConfig
                0x0800cb8c       0x84 ./Drivers/STM32H7xx_HAL_Driver/stm32h7xx_hal_tim.o
                0x0800cb8c                TIM_OC2_SetConfig
 .text.HAL_TIM_PWM_ConfigChannel
                0x0800cc10      0x24c ./Drivers/STM32H7xx_HAL_Driver/stm32h7xx_hal_tim.o
                0x0800cc10                HAL_TIM_PWM_ConfigChannel
 .text.HAL_TIMEx_PWMN_Start
                0x0800ce5c       0xe8 ./Drivers/STM32H7xx_HAL_Driver/stm32h7xx_hal_tim_ex.o
                0x0800ce5c                HAL_TIMEx_PWMN_Start
 .text.HAL_TIMEx_MasterConfigSynchronization
                0x0800cf44       0xa8 ./Drivers/STM32H7xx_HAL_Driver/stm32h7xx_hal_tim_ex.o
                0x0800cf44                HAL_TIMEx_MasterConfigSynchronization
 .text.HAL_TIMEx_ConfigBreakDeadTime
                0x0800cfec       0x8c ./Drivers/STM32H7xx_HAL_Driver/stm32h7xx_hal_tim_ex.o
                0x0800cfec                HAL_TIMEx_ConfigBreakDeadTime
 .text.HAL_TIMEx_CommutCallback
                0x0800d078        0x4 ./Drivers/STM32H7xx_HAL_Driver/stm32h7xx_hal_tim_ex.o
                0x0800d078                HAL_TIMEx_CommutCallback
 .text.HAL_TIMEx_BreakCallback
                0x0800d07c        0x4 ./Drivers/STM32H7xx_HAL_Driver/stm32h7xx_hal_tim_ex.o
                0x0800d07c                HAL_TIMEx_BreakCallback
 .text.HAL_TIMEx_Break2Callback
                0x0800d080        0x4 ./Drivers/STM32H7xx_HAL_Driver/stm32h7xx_hal_tim_ex.o
                0x0800d080                HAL_TIMEx_Break2Callback
 .text.USB_CoreInit
                0x0800d084       0xfc ./Drivers/STM32H7xx_HAL_Driver/stm32h7xx_ll_usb.o
                0x0800d084                USB_CoreInit
 .text.USB_SetTurnaroundTime
                0x0800d180       0xf4 ./Drivers/STM32H7xx_HAL_Driver/stm32h7xx_ll_usb.o
                0x0800d180                USB_SetTurnaroundTime
 .text.USB_EnableGlobalInt
                0x0800d274       0x10 ./Drivers/STM32H7xx_HAL_Driver/stm32h7xx_ll_usb.o
                0x0800d274                USB_EnableGlobalInt
 .text.USB_DisableGlobalInt
                0x0800d284       0x10 ./Drivers/STM32H7xx_HAL_Driver/stm32h7xx_ll_usb.o
                0x0800d284                USB_DisableGlobalInt
 .text.USB_SetCurrentMode
                0x0800d294       0x30 ./Drivers/STM32H7xx_HAL_Driver/stm32h7xx_ll_usb.o
                0x0800d294                USB_SetCurrentMode
 .text.USB_DevInit
                0x0800d2c4      0x270 ./Drivers/STM32H7xx_HAL_Driver/stm32h7xx_ll_usb.o
                0x0800d2c4                USB_DevInit
 .text.USB_FlushTxFifo
                0x0800d534       0x24 ./Drivers/STM32H7xx_HAL_Driver/stm32h7xx_ll_usb.o
                0x0800d534                USB_FlushTxFifo
 .text.USB_GetDevSpeed
                0x0800d558       0x18 ./Drivers/STM32H7xx_HAL_Driver/stm32h7xx_ll_usb.o
                0x0800d558                USB_GetDevSpeed
 .text.USB_ActivateEndpoint
                0x0800d570       0x8c ./Drivers/STM32H7xx_HAL_Driver/stm32h7xx_ll_usb.o
                0x0800d570                USB_ActivateEndpoint
 .text.USB_DeactivateEndpoint
                0x0800d5fc       0xbc ./Drivers/STM32H7xx_HAL_Driver/stm32h7xx_ll_usb.o
                0x0800d5fc                USB_DeactivateEndpoint
 .text.USB_EPStartXfer
                0x0800d6b8      0x210 ./Drivers/STM32H7xx_HAL_Driver/stm32h7xx_ll_usb.o
                0x0800d6b8                USB_EPStartXfer
 .text.USB_EP0StartXfer
                0x0800d8c8       0xf8 ./Drivers/STM32H7xx_HAL_Driver/stm32h7xx_ll_usb.o
                0x0800d8c8                USB_EP0StartXfer
 .text.USB_WritePacket
                0x0800d9c0       0x2c ./Drivers/STM32H7xx_HAL_Driver/stm32h7xx_ll_usb.o
                0x0800d9c0                USB_WritePacket
 .text.USB_ReadPacket
                0x0800d9ec       0x28 ./Drivers/STM32H7xx_HAL_Driver/stm32h7xx_ll_usb.o
                0x0800d9ec                USB_ReadPacket
 .text.USB_EPSetStall
                0x0800da14       0x70 ./Drivers/STM32H7xx_HAL_Driver/stm32h7xx_ll_usb.o
                0x0800da14                USB_EPSetStall
 .text.USB_EPClearStall
                0x0800da84       0x58 ./Drivers/STM32H7xx_HAL_Driver/stm32h7xx_ll_usb.o
                0x0800da84                USB_EPClearStall
 .text.USB_SetDevAddress
                0x0800dadc       0x24 ./Drivers/STM32H7xx_HAL_Driver/stm32h7xx_ll_usb.o
                0x0800dadc                USB_SetDevAddress
 .text.USB_DevConnect
                0x0800db00       0x1c ./Drivers/STM32H7xx_HAL_Driver/stm32h7xx_ll_usb.o
                0x0800db00                USB_DevConnect
 .text.USB_DevDisconnect
                0x0800db1c       0x1c ./Drivers/STM32H7xx_HAL_Driver/stm32h7xx_ll_usb.o
                0x0800db1c                USB_DevDisconnect
 .text.USB_ReadInterrupts
                0x0800db38        0x8 ./Drivers/STM32H7xx_HAL_Driver/stm32h7xx_ll_usb.o
                0x0800db38                USB_ReadInterrupts
 .text.USB_ReadDevAllOutEpInterrupt
                0x0800db40       0x10 ./Drivers/STM32H7xx_HAL_Driver/stm32h7xx_ll_usb.o
                0x0800db40                USB_ReadDevAllOutEpInterrupt
 .text.USB_ReadDevAllInEpInterrupt
                0x0800db50       0x10 ./Drivers/STM32H7xx_HAL_Driver/stm32h7xx_ll_usb.o
                0x0800db50                USB_ReadDevAllInEpInterrupt
 .text.USB_ReadDevOutEPInterrupt
                0x0800db60       0x10 ./Drivers/STM32H7xx_HAL_Driver/stm32h7xx_ll_usb.o
                0x0800db60                USB_ReadDevOutEPInterrupt
 .text.USB_ReadDevInEPInterrupt
                0x0800db70       0x20 ./Drivers/STM32H7xx_HAL_Driver/stm32h7xx_ll_usb.o
                0x0800db70                USB_ReadDevInEPInterrupt
 .text.USB_GetMode
                0x0800db90        0x8 ./Drivers/STM32H7xx_HAL_Driver/stm32h7xx_ll_usb.o
                0x0800db90                USB_GetMode
 .text.USB_ActivateSetup
                0x0800db98       0x20 ./Drivers/STM32H7xx_HAL_Driver/stm32h7xx_ll_usb.o
                0x0800db98                USB_ActivateSetup
 .text.USB_EP0_OutStart
                0x0800dbb8       0x50 ./Drivers/STM32H7xx_HAL_Driver/stm32h7xx_ll_usb.o
                0x0800dbb8                USB_EP0_OutStart
 .text.noodle_buffer_require
                0x0800dc08      0x180 ./Noodle/src/noodle_buffer.o
                0x0800dc08                noodle_buffer_require
 .text.noodle_buffer_free
                0x0800dd88      0x13c ./Noodle/src/noodle_buffer.o
                0x0800dd88                noodle_buffer_free
 .text.noodle_buffer_init
                0x0800dec4       0x9c ./Noodle/src/noodle_buffer.o
                0x0800dec4                noodle_buffer_init
 .text.noodle_tensor_set_quantization
                0x0800df60       0x1c ./Noodle/src/noodle_int8_api.o
                0x0800df60                noodle_tensor_set_quantization
 .text.noodle_tensor_require_2d
                0x0800df7c       0x24 ./Noodle/src/noodle_int8_api.o
                0x0800df7c                noodle_tensor_require_2d
 .text._Z13noodle_conv2dP12NoodleTensorS0_RK7ConvMemRK4Pool
                0x0800dfa0       0xa8 ./Noodle/src/noodle_int8_api.o
                0x0800dfa0                noodle_conv2d(NoodleTensor*, NoodleTensor*, ConvMem const&, Pool const&)
 .text._Z15noodle_dwconv2dP12NoodleTensorS0_RK7ConvMemRK4Pool
                0x0800e048       0xa8 ./Noodle/src/noodle_int8_api.o
                0x0800e048                noodle_dwconv2d(NoodleTensor*, NoodleTensor*, ConvMem const&, Pool const&)
 .text._Z13noodle_concatP12NoodleTensorS0_S0_
                0x0800e0f0        0x4 ./Noodle/src/noodle_int8_api.o
                0x0800e0f0                noodle_concat(NoodleTensor*, NoodleTensor*, NoodleTensor*)
 .text._ZL11q_conv_geomttttP5QGeom
                0x0800e0f4       0x9c ./Noodle/src/noodle_int8_layers.o
 .text._ZL15q_conv2d_filterPK12NoodleTensorttPKalllttllllPa.part.0
                0x0800e190      0x1ec ./Noodle/src/noodle_int8_layers.o
 .text._Z16noodle_i8_conv2dP12NoodleTensorRK7ConvMemS0_
                0x0800e37c      0x134 ./Noodle/src/noodle_int8_layers.o
                0x0800e37c                noodle_i8_conv2d(NoodleTensor*, ConvMem const&, NoodleTensor*)
 .text._Z18noodle_i8_dwconv2dP12NoodleTensorRK7ConvMemS0_
                0x0800e4b0      0x308 ./Noodle/src/noodle_int8_layers.o
                0x0800e4b0                noodle_i8_dwconv2d(NoodleTensor*, ConvMem const&, NoodleTensor*)
 .text._Z42noodle_i8_multiply_by_quantized_multiplierlll
                0x0800e7b8      0x174 ./Noodle/src/noodle_int8_math.o
                0x0800e7b8                noodle_i8_multiply_by_quantized_multiplier(long, long, long)
 *fill*         0x0800e92c        0x4 
 .text._Z21noodle_quantize_floatffl
                0x0800e930       0x70 ./Noodle/src/noodle_int8_math.o
                0x0800e930                noodle_quantize_float(float, float, long)
 .text._Z26noodle_activation_min_relufl
                0x0800e9a0       0x78 ./Noodle/src/noodle_int8_math.o
                0x0800e9a0                noodle_activation_min_relu(float, long)
 .text.noodle_tensor_init
                0x0800ea18       0x1c ./Noodle/src/noodle_int8_math.o
                0x0800ea18                noodle_tensor_init
 .text.noodle_tensor_free
                0x0800ea34       0x1c ./Noodle/src/noodle_int8_math.o
                0x0800ea34                noodle_tensor_free
 .text._Z27noodle_i8_tensor_require_2dP12NoodleTensorttfl
                0x0800ea50       0x6c ./Noodle/src/noodle_int8_math.o
                0x0800ea50                noodle_i8_tensor_require_2d(NoodleTensor*, unsigned short, unsigned short, float, long)
 .text.noodle_tensor_size
                0x0800eabc       0x28 ./Noodle/src/noodle_int8_math.o
                0x0800eabc                noodle_tensor_size
 .text._Z16noodle_i8_pool2dP12NoodleTensorRK12NoodleI8PoolS0_
                0x0800eae4      0x1ec ./Noodle/src/noodle_int8_math.o
                0x0800eae4                noodle_i8_pool2d(NoodleTensor*, NoodleI8Pool const&, NoodleTensor*)
 .text._Z16noodle_i8_concatP12NoodleTensorS0_S0_
                0x0800ecd0      0x158 ./Noodle/src/noodle_int8_math.o
                0x0800ecd0                noodle_i8_concat(NoodleTensor*, NoodleTensor*, NoodleTensor*)
 .text.init_task_main
                0x0800ee28       0x5c ./mtk3_bsp2/mtkernel/kernel/inittask/inittask.o
 .text.knl_main
                0x0800ee84       0xac ./mtk3_bsp2/mtkernel/kernel/sysinit/sysinit.o
                0x0800ee84                knl_main
 .text.knl_tkernel_exit
                0x0800ef30        0xc ./mtk3_bsp2/mtkernel/kernel/sysinit/sysinit.o
                0x0800ef30                knl_tkernel_exit
 .text.knl_initialize_devmgr
                0x0800ef3c       0xd0 ./mtk3_bsp2/mtkernel/kernel/tkernel/device.o
                0x0800ef3c                knl_initialize_devmgr
 .text.knl_close_device
                0x0800f00c      0x290 ./mtk3_bsp2/mtkernel/kernel/tkernel/deviceio.o
                0x0800f00c                knl_close_device
 .text.knl_devmgr_startup
                0x0800f29c       0x28 ./mtk3_bsp2/mtkernel/kernel/tkernel/deviceio.o
                0x0800f29c                knl_devmgr_startup
 .text.knl_devmgr_cleanup
                0x0800f2c4       0x60 ./mtk3_bsp2/mtkernel/kernel/tkernel/deviceio.o
                0x0800f2c4                knl_devmgr_cleanup
 .text.knl_initDevIO
                0x0800f324      0x230 ./mtk3_bsp2/mtkernel/kernel/tkernel/deviceio.o
                0x0800f324                knl_initDevIO
 .text.knl_finishDevIO
                0x0800f554        0x4 ./mtk3_bsp2/mtkernel/kernel/tkernel/deviceio.o
                0x0800f554                knl_finishDevIO
 .text.flg_chg_pri
                0x0800f558       0x18 ./mtk3_bsp2/mtkernel/kernel/tkernel/eventflag.o
 .text.knl_eventflag_initialize
                0x0800f570      0x10c ./mtk3_bsp2/mtkernel/kernel/tkernel/eventflag.o
                0x0800f570                knl_eventflag_initialize
 .text.tk_cre_flg
                0x0800f67c       0x8c ./mtk3_bsp2/mtkernel/kernel/tkernel/eventflag.o
                0x0800f67c                tk_cre_flg
 .text.tk_del_flg
                0x0800f708       0x7c ./mtk3_bsp2/mtkernel/kernel/tkernel/eventflag.o
                0x0800f708                tk_del_flg
 .text.tk_set_flg
                0x0800f784       0xd0 ./mtk3_bsp2/mtkernel/kernel/tkernel/eventflag.o
                0x0800f784                tk_set_flg
 .text.tk_wai_flg
                0x0800f854      0x140 ./mtk3_bsp2/mtkernel/kernel/tkernel/eventflag.o
                0x0800f854                tk_wai_flg
 .text.knl_mailbox_initialize
                0x0800f994       0x78 ./mtk3_bsp2/mtkernel/kernel/tkernel/mailbox.o
                0x0800f994                knl_mailbox_initialize
 .text.knl_appendFreeArea
                0x0800fa0c       0x9c ./mtk3_bsp2/mtkernel/kernel/tkernel/memory.o
                0x0800fa0c                knl_appendFreeArea
 .text.knl_Imalloc
                0x0800faa8       0xe8 ./mtk3_bsp2/mtkernel/kernel/tkernel/memory.o
                0x0800faa8                knl_Imalloc
 .text.knl_Ifree
                0x0800fb90       0xe8 ./mtk3_bsp2/mtkernel/kernel/tkernel/memory.o
                0x0800fb90                knl_Ifree
 .text.knl_init_Imalloc
                0x0800fc78       0x78 ./mtk3_bsp2/mtkernel/kernel/tkernel/memory.o
                0x0800fc78                knl_init_Imalloc
 .text.knl_fix_memorypool_initialize
                0x0800fcf0       0xa0 ./mtk3_bsp2/mtkernel/kernel/tkernel/mempfix.o
                0x0800fcf0                knl_fix_memorypool_initialize
 .text.knl_memorypool_initialize
                0x0800fd90       0x44 ./mtk3_bsp2/mtkernel/kernel/tkernel/mempool.o
                0x0800fd90                knl_memorypool_initialize
 .text.knl_messagebuffer_initialize
                0x0800fdd4       0x84 ./mtk3_bsp2/mtkernel/kernel/tkernel/messagebuf.o
                0x0800fdd4                knl_messagebuffer_initialize
 .text.knl_mutex_initialize
                0x0800fe58       0x40 ./mtk3_bsp2/mtkernel/kernel/tkernel/mutex.o
                0x0800fe58                knl_mutex_initialize
 .text.knl_signal_all_mutex
                0x0800fe98       0x50 ./mtk3_bsp2/mtkernel/kernel/tkernel/mutex.o
                0x0800fe98                knl_signal_all_mutex
 .text.sem_chg_pri
                0x0800fee8       0x68 ./mtk3_bsp2/mtkernel/kernel/tkernel/semaphore.o
 .text.sem_rel_wai
                0x0800ff50       0x48 ./mtk3_bsp2/mtkernel/kernel/tkernel/semaphore.o
 .text.knl_semaphore_initialize
                0x0800ff98      0x10c ./mtk3_bsp2/mtkernel/kernel/tkernel/semaphore.o
                0x0800ff98                knl_semaphore_initialize
 .text.tk_cre_sem
                0x080100a4       0xa4 ./mtk3_bsp2/mtkernel/kernel/tkernel/semaphore.o
                0x080100a4                tk_cre_sem
 .text.tk_del_sem
                0x08010148       0x7c ./mtk3_bsp2/mtkernel/kernel/tkernel/semaphore.o
                0x08010148                tk_del_sem
 .text.tk_sig_sem
                0x080101c4       0xc4 ./mtk3_bsp2/mtkernel/kernel/tkernel/semaphore.o
                0x080101c4                tk_sig_sem
 .text.tk_wai_sem
                0x08010288      0x120 ./mtk3_bsp2/mtkernel/kernel/tkernel/semaphore.o
                0x08010288                tk_wai_sem
 .text.knl_task_initialize
                0x080103a8       0x8c ./mtk3_bsp2/mtkernel/kernel/tkernel/task.o
                0x080103a8                knl_task_initialize
 .text.knl_make_dormant
                0x08010434       0x64 ./mtk3_bsp2/mtkernel/kernel/tkernel/task.o
                0x08010434                knl_make_dormant
 .text.knl_make_ready
                0x08010498       0x54 ./mtk3_bsp2/mtkernel/kernel/tkernel/task.o
                0x08010498                knl_make_ready
 .text.knl_make_non_ready
                0x080104ec       0xb4 ./mtk3_bsp2/mtkernel/kernel/tkernel/task.o
                0x080104ec                knl_make_non_ready
 .text.knl_change_task_priority
                0x080105a0      0x104 ./mtk3_bsp2/mtkernel/kernel/tkernel/task.o
                0x080105a0                knl_change_task_priority
 .text.knl_ter_tsk
                0x080106a4       0x60 ./mtk3_bsp2/mtkernel/kernel/tkernel/task_manage.o
 .text.tk_cre_tsk
                0x08010704      0x108 ./mtk3_bsp2/mtkernel/kernel/tkernel/task_manage.o
                0x08010704                tk_cre_tsk
 .text.tk_sta_tsk
                0x0801080c       0xa4 ./mtk3_bsp2/mtkernel/kernel/tkernel/task_manage.o
                0x0801080c                tk_sta_tsk
 .text.tk_ext_tsk
                0x080108b0       0x64 ./mtk3_bsp2/mtkernel/kernel/tkernel/task_manage.o
                0x080108b0                tk_ext_tsk
 .text.tk_get_tid
                0x08010914       0x10 ./mtk3_bsp2/mtkernel/kernel/tkernel/task_manage.o
                0x08010914                tk_get_tid
 .text.tk_slp_tsk
                0x08010924       0xb0 ./mtk3_bsp2/mtkernel/kernel/tkernel/task_sync.o
                0x08010924                tk_slp_tsk
 .text.tk_dly_tsk
                0x080109d4       0x90 ./mtk3_bsp2/mtkernel/kernel/tkernel/task_sync.o
                0x080109d4                tk_dly_tsk
 .text.knl_cyclichandler_initialize
                0x08010a64       0x40 ./mtk3_bsp2/mtkernel/kernel/tkernel/time_calls.o
                0x08010a64                knl_cyclichandler_initialize
 .text.knl_alarmhandler_initialize
                0x08010aa4       0x7c ./mtk3_bsp2/mtkernel/kernel/tkernel/time_calls.o
                0x08010aa4                knl_alarmhandler_initialize
 .text.knl_timer_startup
                0x08010b20       0x60 ./mtk3_bsp2/mtkernel/kernel/tkernel/timer.o
                0x08010b20                knl_timer_startup
 .text.knl_timer_shutdown
                0x08010b80        0xc ./mtk3_bsp2/mtkernel/kernel/tkernel/timer.o
                0x08010b80                knl_timer_shutdown
 .text.knl_timer_insert
                0x08010b8c       0x54 ./mtk3_bsp2/mtkernel/kernel/tkernel/timer.o
                0x08010b8c                knl_timer_insert
 .text.knl_timer_insert_reltim
                0x08010be0       0x4c ./mtk3_bsp2/mtkernel/kernel/tkernel/timer.o
                0x08010be0                knl_timer_insert_reltim
 .text.knl_timer_handler
                0x08010c2c       0xa0 ./mtk3_bsp2/mtkernel/kernel/tkernel/timer.o
                0x08010c2c                knl_timer_handler
 .text.knl_init_object
                0x08010ccc       0x54 ./mtk3_bsp2/mtkernel/kernel/tkernel/tkinit.o
                0x08010ccc                knl_init_object
 .text.knl_wait_release_tmout
                0x08010d20       0x44 ./mtk3_bsp2/mtkernel/kernel/tkernel/wait.o
                0x08010d20                knl_wait_release_tmout
 .text.knl_wait_release_ok
                0x08010d64       0x44 ./mtk3_bsp2/mtkernel/kernel/tkernel/wait.o
                0x08010d64                knl_wait_release_ok
 .text.knl_make_wait
                0x08010da8       0x44 ./mtk3_bsp2/mtkernel/kernel/tkernel/wait.o
                0x08010da8                knl_make_wait
 .text.knl_make_wait_reltim
                0x08010dec       0x44 ./mtk3_bsp2/mtkernel/kernel/tkernel/wait.o
                0x08010dec                knl_make_wait_reltim