/home/auralius/works/STM32H743/08-DCMI2LCD_CubeIDE/mtk3_bsp2/mtkernel/kernel/tkernel/task.c:49:11:knl_task_initialize	16	static
/home/auralius/works/STM32H743/08-DCMI2LCD_CubeIDE/mtk3_bsp2/mtkernel/kernel/tkernel/task.c:84:13:knl_make_dormant	8	static
/home/auralius/works/STM32H743/08-DCMI2LCD_CubeIDE/mtk3_bsp2/mtkernel/kernel/tkernel/task.c:118:13:knl_make_ready	8	static
/home/auralius/works/STM32H743/08-DCMI2LCD_CubeIDE/mtk3_bsp2/mtkernel/kernel/tkernel/task.c:133:13:knl_make_non_ready	12	static
/home/auralius/works/STM32H743/08-DCMI2LCD_CubeIDE/mtk3_bsp2/mtkernel/kernel/tkernel/task.c:144:13:knl_change_task_priority	20	static
/home/auralius/works/STM32H743/08-DCMI2LCD_CubeIDE/mtk3_bsp2/mtkernel/kernel/tkernel/task.c:174:13:knl_rotate_ready_queue	4	static
/home/auralius/works/STM32H743/08-DCMI2LCD_CubeIDE/mtk3_bsp2/mtkernel/kernel/tkernel/task.c:183:13:knl_rotate_ready_queue_run	12	static
