/home/auralius/works/STM32H743/08-DCMI2LCD_CubeIDE/mtk3_bsp2/mtkernel/kernel/tkernel/timer.c:45:11:knl_timer_startup	8	static
/home/auralius/works/STM32H743/08-DCMI2LCD_CubeIDE/mtk3_bsp2/mtkernel/kernel/tkernel/timer.c:60:13:knl_timer_shutdown	0	static
/home/auralius/works/STM32H743/08-DCMI2LCD_CubeIDE/mtk3_bsp2/mtkernel/kernel/tkernel/timer.c:97:13:knl_timer_insert	8	static
/home/auralius/works/STM32H743/08-DCMI2LCD_CubeIDE/mtk3_bsp2/mtkernel/kernel/tkernel/timer.c:112:13:knl_timer_insert_reltim	12	static
/home/auralius/works/STM32H743/08-DCMI2LCD_CubeIDE/mtk3_bsp2/mtkernel/kernel/tkernel/timer.c:129:13:knl_timer_insert_abs	12	static
/home/auralius/works/STM32H743/08-DCMI2LCD_CubeIDE/mtk3_bsp2/mtkernel/kernel/tkernel/timer.c:146:13:knl_timer_handler	24	static
