/home/auralius/works/STM32H743/08-DCMI2LCD_CubeIDE/Src/main.c:387:6:LED_Blink	1
/home/auralius/works/STM32H743/08-DCMI2LCD_CubeIDE/Src/main.c:1147:10:CUTE_SerialSampleGeneration	1
/home/auralius/works/STM32H743/08-DCMI2LCD_CubeIDE/Src/main.c:1155:5:CUTE_SerialSampleAcquire	6
/home/auralius/works/STM32H743/08-DCMI2LCD_CubeIDE/Src/main.c:1203:6:CUTE_SerialSampleRelease	1
/home/auralius/works/STM32H743/08-DCMI2LCD_CubeIDE/Src/main.c:1213:16:CUTE_SerialSampleFrameData	1
/home/auralius/works/STM32H743/08-DCMI2LCD_CubeIDE/Src/main.c:1221:10:CUTE_SerialSampleFrameWidth	1
/home/auralius/works/STM32H743/08-DCMI2LCD_CubeIDE/Src/main.c:1229:10:CUTE_SerialSampleFrameHeight	1
/home/auralius/works/STM32H743/08-DCMI2LCD_CubeIDE/Src/main.c:1237:10:CUTE_SerialSampleCropX	1
/home/auralius/works/STM32H743/08-DCMI2LCD_CubeIDE/Src/main.c:1245:10:CUTE_SerialSampleCropY	1
/home/auralius/works/STM32H743/08-DCMI2LCD_CubeIDE/Src/main.c:1253:10:CUTE_SerialSampleCropWidth	1
/home/auralius/works/STM32H743/08-DCMI2LCD_CubeIDE/Src/main.c:1261:10:CUTE_SerialSampleCropHeight	1
/home/auralius/works/STM32H743/08-DCMI2LCD_CubeIDE/Src/main.c:1269:5:CUTE_SerialSampleDetection	7
/home/auralius/works/STM32H743/08-DCMI2LCD_CubeIDE/Src/main.c:1313:6:CUTE_SetKernelSync	1
/home/auralius/works/STM32H743/08-DCMI2LCD_CubeIDE/Src/main.c:1335:6:CUTE_InferLoop	17
/home/auralius/works/STM32H743/08-DCMI2LCD_CubeIDE/Src/main.c:1483:6:CUTE_LCDLoop	37
/home/auralius/works/STM32H743/08-DCMI2LCD_CubeIDE/Src/main.c:1601:6:CUTE_ControlLoop	19
/home/auralius/works/STM32H743/08-DCMI2LCD_CubeIDE/Src/main.c:2174:6:HAL_DCMI_FrameEventCallback	2
/home/auralius/works/STM32H743/08-DCMI2LCD_CubeIDE/Src/main.c:2208:6:Error_Handler	1
/home/auralius/works/STM32H743/08-DCMI2LCD_CubeIDE/Src/main.c:2000:6:SystemClock_Config	4
/home/auralius/works/STM32H743/08-DCMI2LCD_CubeIDE/Src/main.c:1842:5:main	7
