/home/auralius/works/STM32H743/08-DCMI2LCD_CubeIDE/Src/usbd_cdc_if.c:49:15:CDC_DeInit_FS	0	static
/home/auralius/works/STM32H743/08-DCMI2LCD_CubeIDE/Src/usbd_cdc_if.c:129:15:CDC_TransmitCplt_FS	0	static
/home/auralius/works/STM32H743/08-DCMI2LCD_CubeIDE/Src/usbd_cdc_if.c:99:15:CDC_Receive_FS	24	static
/home/auralius/works/STM32H743/08-DCMI2LCD_CubeIDE/Src/usbd_cdc_if.c:37:15:CDC_Init_FS	8	static
/home/auralius/works/STM32H743/08-DCMI2LCD_CubeIDE/Src/usbd_cdc_if.c:58:15:CDC_Control_FS	4	static
/home/auralius/works/STM32H743/08-DCMI2LCD_CubeIDE/Src/usbd_cdc_if.c:137:9:CDC_Transmit_FS	8	static
/home/auralius/works/STM32H743/08-DCMI2LCD_CubeIDE/Src/usbd_cdc_if.c:161:10:CDC_Available_FS	0	static
/home/auralius/works/STM32H743/08-DCMI2LCD_CubeIDE/Src/usbd_cdc_if.c:173:10:CDC_Read_FS	16	static
/home/auralius/works/STM32H743/08-DCMI2LCD_CubeIDE/Src/usbd_cdc_if.c:192:9:CDC_RxOverflow_FS	0	static
/home/auralius/works/STM32H743/08-DCMI2LCD_CubeIDE/Src/usbd_cdc_if.c:197:6:CDC_ClearRxOverflow_FS	0	static
