/home/auralius/works/STM32H743/08-DCMI2LCD_CubeIDE/Src/usbd_ioreq.c:86:20:USBD_CtlSendData	8	static
/home/auralius/works/STM32H743/08-DCMI2LCD_CubeIDE/Src/usbd_ioreq.c:113:20:USBD_CtlContinueSendData	8	static
/home/auralius/works/STM32H743/08-DCMI2LCD_CubeIDE/Src/usbd_ioreq.c:130:20:USBD_CtlPrepareRx	8	static
/home/auralius/works/STM32H743/08-DCMI2LCD_CubeIDE/Src/usbd_ioreq.c:157:20:USBD_CtlContinueRx	8	static
/home/auralius/works/STM32H743/08-DCMI2LCD_CubeIDE/Src/usbd_ioreq.c:171:20:USBD_CtlSendStatus	8	static
/home/auralius/works/STM32H743/08-DCMI2LCD_CubeIDE/Src/usbd_ioreq.c:188:20:USBD_CtlReceiveStatus	8	static
/home/auralius/works/STM32H743/08-DCMI2LCD_CubeIDE/Src/usbd_ioreq.c:206:10:USBD_GetRxCount	0	static
