/home/auralius/works/STM32H743/08-DCMI2LCD_CubeIDE/Src/usbd_conf.c:67:6:HAL_PCD_SetupStageCallback	0	static
/home/auralius/works/STM32H743/08-DCMI2LCD_CubeIDE/Src/usbd_conf.c:82:6:HAL_PCD_DataOutStageCallback	0	static
/home/auralius/works/STM32H743/08-DCMI2LCD_CubeIDE/Src/usbd_conf.c:97:6:HAL_PCD_DataInStageCallback	0	static
/home/auralius/works/STM32H743/08-DCMI2LCD_CubeIDE/Src/usbd_conf.c:111:6:HAL_PCD_SOFCallback	0	static
/home/auralius/works/STM32H743/08-DCMI2LCD_CubeIDE/Src/usbd_conf.c:125:6:HAL_PCD_ResetCallback	8	static
/home/auralius/works/STM32H743/08-DCMI2LCD_CubeIDE/Src/usbd_conf.c:158:6:HAL_PCD_SuspendCallback	8	static
/home/auralius/works/STM32H743/08-DCMI2LCD_CubeIDE/Src/usbd_conf.c:183:6:HAL_PCD_ResumeCallback	0	static
/home/auralius/works/STM32H743/08-DCMI2LCD_CubeIDE/Src/usbd_conf.c:201:6:HAL_PCD_ISOOUTIncompleteCallback	0	static
/home/auralius/works/STM32H743/08-DCMI2LCD_CubeIDE/Src/usbd_conf.c:216:6:HAL_PCD_ISOINIncompleteCallback	0	static
/home/auralius/works/STM32H743/08-DCMI2LCD_CubeIDE/Src/usbd_conf.c:230:6:HAL_PCD_ConnectCallback	0	static
/home/auralius/works/STM32H743/08-DCMI2LCD_CubeIDE/Src/usbd_conf.c:244:6:HAL_PCD_DisconnectCallback	0	static
/home/auralius/works/STM32H743/08-DCMI2LCD_CubeIDE/Src/usbd_conf.c:258:20:USBD_LL_Init	16	static
/home/auralius/works/STM32H743/08-DCMI2LCD_CubeIDE/Src/usbd_conf.c:309:20:USBD_LL_DeInit	8	static
/home/auralius/works/STM32H743/08-DCMI2LCD_CubeIDE/Src/usbd_conf.c:326:20:USBD_LL_Start	8	static
/home/auralius/works/STM32H743/08-DCMI2LCD_CubeIDE/Src/usbd_conf.c:343:20:USBD_LL_Stop	8	static
/home/auralius/works/STM32H743/08-DCMI2LCD_CubeIDE/Src/usbd_conf.c:363:20:USBD_LL_OpenEP	8	static
/home/auralius/works/STM32H743/08-DCMI2LCD_CubeIDE/Src/usbd_conf.c:381:20:USBD_LL_CloseEP	8	static
/home/auralius/works/STM32H743/08-DCMI2LCD_CubeIDE/Src/usbd_conf.c:399:20:USBD_LL_FlushEP	8	static
/home/auralius/works/STM32H743/08-DCMI2LCD_CubeIDE/Src/usbd_conf.c:417:20:USBD_LL_StallEP	8	static
/home/auralius/works/STM32H743/08-DCMI2LCD_CubeIDE/Src/usbd_conf.c:435:20:USBD_LL_ClearStallEP	8	static
/home/auralius/works/STM32H743/08-DCMI2LCD_CubeIDE/Src/usbd_conf.c:453:9:USBD_LL_IsStallEP	0	static
/home/auralius/works/STM32H743/08-DCMI2LCD_CubeIDE/Src/usbd_conf.c:473:20:USBD_LL_SetUSBAddress	8	static
/home/auralius/works/STM32H743/08-DCMI2LCD_CubeIDE/Src/usbd_conf.c:493:20:USBD_LL_Transmit	8	static
/home/auralius/works/STM32H743/08-DCMI2LCD_CubeIDE/Src/usbd_conf.c:513:20:USBD_LL_PrepareReceive	8	static
/home/auralius/works/STM32H743/08-DCMI2LCD_CubeIDE/Src/usbd_conf.c:531:10:USBD_LL_GetRxDataSize	0	static
/home/auralius/works/STM32H743/08-DCMI2LCD_CubeIDE/Src/usbd_conf.c:541:6:USBD_LL_Delay	0	static
/home/auralius/works/STM32H743/08-DCMI2LCD_CubeIDE/Src/usbd_conf.c:551:20:USBD_Get_USB_Status	0	static
