/home/auralius/works/STM32H743/08-DCMI2LCD_CubeIDE/mtk3_bsp2/mtkernel/lib/libtk/fastmlock.c:77:11:MLockTmo	40	static
/home/auralius/works/STM32H743/08-DCMI2LCD_CubeIDE/mtk3_bsp2/mtkernel/lib/libtk/fastmlock.c:104:11:MLock	40	static
/home/auralius/works/STM32H743/08-DCMI2LCD_CubeIDE/mtk3_bsp2/mtkernel/lib/libtk/fastmlock.c:113:11:MUnlock	16	static
/home/auralius/works/STM32H743/08-DCMI2LCD_CubeIDE/mtk3_bsp2/mtkernel/lib/libtk/fastmlock.c:127:11:CreateMLock	32	static
/home/auralius/works/STM32H743/08-DCMI2LCD_CubeIDE/mtk3_bsp2/mtkernel/lib/libtk/fastmlock.c:151:11:DeleteMLock	8	static
