/home/auralius/works/STM32H743/08-DCMI2LCD_CubeIDE/mtk3_bsp2/mtkernel/kernel/tstdlib/string.c:24:7:knl_memset	16	static
/home/auralius/works/STM32H743/08-DCMI2LCD_CubeIDE/mtk3_bsp2/mtkernel/kernel/tstdlib/string.c:65:7:knl_memcpy	20	static
/home/auralius/works/STM32H743/08-DCMI2LCD_CubeIDE/mtk3_bsp2/mtkernel/kernel/tstdlib/string.c:79:4:knl_strlen	0	static
/home/auralius/works/STM32H743/08-DCMI2LCD_CubeIDE/mtk3_bsp2/mtkernel/kernel/tstdlib/string.c:91:7:knl_strcpy	0	static
/home/auralius/works/STM32H743/08-DCMI2LCD_CubeIDE/mtk3_bsp2/mtkernel/kernel/tstdlib/string.c:103:7:knl_strncpy	8	static
/home/auralius/works/STM32H743/08-DCMI2LCD_CubeIDE/mtk3_bsp2/mtkernel/kernel/tstdlib/string.c:123:5:knl_strcmp	0	static
/home/auralius/works/STM32H743/08-DCMI2LCD_CubeIDE/mtk3_bsp2/mtkernel/kernel/tstdlib/string.c:138:7:knl_strcat	0	static
