/home/auralius/works/STM32H743/08-DCMI2LCD_CubeIDE/CUTE/cute_model_manager.cpp:164:13:)	16	static
/home/auralius/works/STM32H743/08-DCMI2LCD_CubeIDE/CUTE/cute_model_manager.cpp:363:6:bool cute_model_begin()	416	static
/home/auralius/works/STM32H743/08-DCMI2LCD_CubeIDE/CUTE/cute_model_manager.cpp:395:6:bool cute_model_ble_begin(const char*)	0	static
/home/auralius/works/STM32H743/08-DCMI2LCD_CubeIDE/CUTE/cute_model_manager.cpp:396:6:void cute_model_poll()	0	static
/home/auralius/works/STM32H743/08-DCMI2LCD_CubeIDE/CUTE/cute_model_manager.cpp:397:6:bool cute_model_ready()	0	static
/home/auralius/works/STM32H743/08-DCMI2LCD_CubeIDE/CUTE/cute_model_manager.cpp:398:6:bool cute_model_uploading()	0	static
/home/auralius/works/STM32H743/08-DCMI2LCD_CubeIDE/CUTE/cute_model_manager.cpp:399:6:void cute_model_set_inference_busy(bool)	0	static
/home/auralius/works/STM32H743/08-DCMI2LCD_CubeIDE/CUTE/cute_model_manager.cpp:401:28:const CuteModelHeaderBase* cute_model_header()	0	static
/home/auralius/works/STM32H743/08-DCMI2LCD_CubeIDE/CUTE/cute_model_manager.cpp:408:24:const CuteLayerRecord* cute_model_layer(uint16_t)	0	static
/home/auralius/works/STM32H743/08-DCMI2LCD_CubeIDE/CUTE/cute_model_manager.cpp:418:16:const uint8_t* cute_model_base()	0	static
/home/auralius/works/STM32H743/08-DCMI2LCD_CubeIDE/CUTE/cute_model_manager.cpp:420:15:const int8_t* cute_model_weight(uint16_t)	0	static
/home/auralius/works/STM32H743/08-DCMI2LCD_CubeIDE/CUTE/cute_model_manager.cpp:426:16:const int32_t* cute_model_bias(uint16_t)	0	static
/home/auralius/works/STM32H743/08-DCMI2LCD_CubeIDE/CUTE/cute_model_manager.cpp:432:16:const int32_t* cute_model_multiplier(uint16_t)	0	static
/home/auralius/works/STM32H743/08-DCMI2LCD_CubeIDE/CUTE/cute_model_manager.cpp:438:16:const int32_t* cute_model_shift(uint16_t)	0	static
/home/auralius/works/STM32H743/08-DCMI2LCD_CubeIDE/CUTE/cute_model_manager.cpp:444:10:uint16_t cute_model_format_version()	0	static
/home/auralius/works/STM32H743/08-DCMI2LCD_CubeIDE/CUTE/cute_model_manager.cpp:449:10:uint16_t cute_model_header_bytes()	0	static
/home/auralius/works/STM32H743/08-DCMI2LCD_CubeIDE/CUTE/cute_model_manager.cpp:454:10:uint16_t cute_model_layer_count()	0	static
/home/auralius/works/STM32H743/08-DCMI2LCD_CubeIDE/CUTE/cute_model_manager.cpp:459:9:uint8_t cute_model_hybrid_blocks()	0	static
/home/auralius/works/STM32H743/08-DCMI2LCD_CubeIDE/CUTE/cute_model_manager.cpp:467:6:bool cute_model_has_mlp_head()	0	static
/home/auralius/works/STM32H743/08-DCMI2LCD_CubeIDE/CUTE/cute_model_manager.cpp:473:9:uint8_t cute_model_head_hidden_layers()	0	static
/home/auralius/works/STM32H743/08-DCMI2LCD_CubeIDE/CUTE/cute_model_manager.cpp:482:10:uint16_t cute_model_head_layer_index()	0	static
/home/auralius/works/STM32H743/08-DCMI2LCD_CubeIDE/CUTE/cute_model_manager.cpp:487:10:uint16_t cute_model_head_hidden_layer_index(uint8_t)	0	static
/home/auralius/works/STM32H743/08-DCMI2LCD_CubeIDE/CUTE/cute_model_manager.cpp:494:10:uint16_t cute_model_head_objectness_layer_index()	0	static
/home/auralius/works/STM32H743/08-DCMI2LCD_CubeIDE/CUTE/cute_model_manager.cpp:501:10:uint16_t cute_model_head_box_layer_index()	0	static
/home/auralius/works/STM32H743/08-DCMI2LCD_CubeIDE/CUTE/cute_model_manager.cpp:507:13:const char* cute_model_label()	0	static
/home/auralius/works/STM32H743/08-DCMI2LCD_CubeIDE/CUTE/cute_model_manager.cpp:512:7:float cute_model_confidence_threshold()	0	static
/home/auralius/works/STM32H743/08-DCMI2LCD_CubeIDE/CUTE/cute_model_manager.cpp:517:7:float cute_model_nms_iou_threshold()	0	static
/home/auralius/works/STM32H743/08-DCMI2LCD_CubeIDE/CUTE/cute_model_manager.cpp:522:7:float cute_model_min_box_w()	0	static
/home/auralius/works/STM32H743/08-DCMI2LCD_CubeIDE/CUTE/cute_model_manager.cpp:527:7:float cute_model_min_box_h()	0	static
/home/auralius/works/STM32H743/08-DCMI2LCD_CubeIDE/CUTE/cute_model_manager.cpp:532:9:uint8_t cute_model_max_detections()	0	static
/home/auralius/works/STM32H743/08-DCMI2LCD_CubeIDE/CUTE/cute_model_manager.cpp:537:13:const char* cute_model_status()	0	static
